152.42.167.92 - - [28/Sep/2025:00:12:57 +0300] "GET /makeasmtp.php HTTP/1.1" 500 820 "-" "Mozilla/5.0 (Linux; Android 7.0; SM-G892A Build/NRD90M; wv) AppleWebKit/537.36 (KHTML, like Gecko) Version/4.0 Chrome/60.0.3112.107 Mobile Safari/537.36"
152.42.167.92 - - [28/Sep/2025:00:12:58 +0300] "GET /wp-sigunq.php HTTP/1.1" 500 820 "-" "Mozilla/5.0 (Linux; Android 7.0; SM-G892A Build/NRD90M; wv) AppleWebKit/537.36 (KHTML, like Gecko) Version/4.0 Chrome/60.0.3112.107 Mobile Safari/537.36"
152.42.167.92 - - [28/Sep/2025:00:13:00 +0300] "GET /wso112233.php HTTP/1.1" 500 820 "-" "Mozilla/5.0 (Linux; Android 7.0; SM-G892A Build/NRD90M; wv) AppleWebKit/537.36 (KHTML, like Gecko) Version/4.0 Chrome/60.0.3112.107 Mobile Safari/537.36"
152.42.167.92 - - [28/Sep/2025:00:13:01 +0300] "GET /wp-atom.php HTTP/1.1" 500 820 "-" "Mozilla/5.0 (Linux; Android 7.0; SM-G892A Build/NRD90M; wv) AppleWebKit/537.36 (KHTML, like Gecko) Version/4.0 Chrome/60.0.3112.107 Mobile Safari/537.36"
152.42.167.92 - - [28/Sep/2025:00:13:01 +0300] "GET /alfanew.php HTTP/1.1" 500 820 "-" "Mozilla/5.0 (Linux; Android 7.0; SM-G892A Build/NRD90M; wv) AppleWebKit/537.36 (KHTML, like Gecko) Version/4.0 Chrome/60.0.3112.107 Mobile Safari/537.36"
152.42.167.92 - - [28/Sep/2025:00:13:02 +0300] "GET /fw.php HTTP/1.1" 500 820 "-" "Mozilla/5.0 (Linux; Android 7.0; SM-G892A Build/NRD90M; wv) AppleWebKit/537.36 (KHTML, like Gecko) Version/4.0 Chrome/60.0.3112.107 Mobile Safari/537.36"
152.42.167.92 - - [28/Sep/2025:00:13:03 +0300] "GET /install.php HTTP/1.1" 500 820 "-" "Mozilla/5.0 (Linux; Android 7.0; SM-G892A Build/NRD90M; wv) AppleWebKit/537.36 (KHTML, like Gecko) Version/4.0 Chrome/60.0.3112.107 Mobile Safari/537.36"
152.42.167.92 - - [28/Sep/2025:00:13:05 +0300] "GET /wp-login.php HTTP/1.1" 500 820 "-" "Mozilla/5.0 (Linux; Android 7.0; SM-G892A Build/NRD90M; wv) AppleWebKit/537.36 (KHTML, like Gecko) Version/4.0 Chrome/60.0.3112.107 Mobile Safari/537.36"
::1 - - [28/Sep/2025:00:13:27 +0300] "OPTIONS * HTTP/1.0" 200 126 "-" "Apache/2.4.62 (Debian) SVN/1.14.2 mod_fcgid/2.3.9 OpenSSL/3.0.16 mod_wsgi/4.9.4 Python/3.11 mod_perl/2.0.12 Perl/v5.36.0 (internal dummy connection)"
::1 - - [28/Sep/2025:00:15:08 +0300] "OPTIONS * HTTP/1.0" 200 126 "-" "Apache/2.4.62 (Debian) SVN/1.14.2 mod_fcgid/2.3.9 OpenSSL/3.0.16 mod_wsgi/4.9.4 Python/3.11 mod_perl/2.0.12 Perl/v5.36.0 (internal dummy connection)"
::1 - - [28/Sep/2025:00:15:28 +0300] "OPTIONS * HTTP/1.0" 200 126 "-" "Apache/2.4.62 (Debian) SVN/1.14.2 mod_fcgid/2.3.9 OpenSSL/3.0.16 mod_wsgi/4.9.4 Python/3.11 mod_perl/2.0.12 Perl/v5.36.0 (internal dummy connection)"
162.120.187.80 - - [28/Sep/2025:00:16:31 +0300] "GET /dk/wiki/module/04-logica-matematica-geometrie/lectia-02 HTTP/1.1" 500 6594 "https://www.google.com/" "Mozilla/5.0 (Windows NT 10.0; Win64; x64) AppleWebKit/537.36 (KHTML, like Gecko) Chrome/140.0.0.0 Safari/537.36"
::1 - - [28/Sep/2025:00:19:33 +0300] "OPTIONS * HTTP/1.0" 200 126 "-" "Apache/2.4.62 (Debian) SVN/1.14.2 mod_fcgid/2.3.9 OpenSSL/3.0.16 mod_wsgi/4.9.4 Python/3.11 mod_perl/2.0.12 Perl/v5.36.0 (internal dummy connection)"
::1 - - [28/Sep/2025:00:19:48 +0300] "OPTIONS * HTTP/1.0" 200 126 "-" "Apache/2.4.62 (Debian) SVN/1.14.2 mod_fcgid/2.3.9 OpenSSL/3.0.16 mod_wsgi/4.9.4 Python/3.11 mod_perl/2.0.12 Perl/v5.36.0 (internal dummy connection)"
185.244.104.2 - - [28/Sep/2025:00:20:27 +0300] "PROPFIND / HTTP/1.1" 405 6851 "http://141.85.227.114:443/" "-"
::1 - - [28/Sep/2025:00:20:40 +0300] "OPTIONS * HTTP/1.0" 200 126 "-" "Apache/2.4.62 (Debian) SVN/1.14.2 mod_fcgid/2.3.9 OpenSSL/3.0.16 mod_wsgi/4.9.4 Python/3.11 mod_perl/2.0.12 Perl/v5.36.0 (internal dummy connection)"
::1 - - [28/Sep/2025:00:20:46 +0300] "OPTIONS * HTTP/1.0" 200 126 "-" "Apache/2.4.62 (Debian) SVN/1.14.2 mod_fcgid/2.3.9 OpenSSL/3.0.16 mod_wsgi/4.9.4 Python/3.11 mod_perl/2.0.12 Perl/v5.36.0 (internal dummy connection)"
::1 - - [28/Sep/2025:00:21:03 +0300] "OPTIONS * HTTP/1.0" 200 126 "-" "Apache/2.4.62 (Debian) SVN/1.14.2 mod_fcgid/2.3.9 OpenSSL/3.0.16 mod_wsgi/4.9.4 Python/3.11 mod_perl/2.0.12 Perl/v5.36.0 (internal dummy connection)"
::1 - - [28/Sep/2025:00:21:54 +0300] "OPTIONS * HTTP/1.0" 200 126 "-" "Apache/2.4.62 (Debian) SVN/1.14.2 mod_fcgid/2.3.9 OpenSSL/3.0.16 mod_wsgi/4.9.4 Python/3.11 mod_perl/2.0.12 Perl/v5.36.0 (internal dummy connection)"
::1 - - [28/Sep/2025:00:21:55 +0300] "OPTIONS * HTTP/1.0" 200 126 "-" "Apache/2.4.62 (Debian) SVN/1.14.2 mod_fcgid/2.3.9 OpenSSL/3.0.16 mod_wsgi/4.9.4 Python/3.11 mod_perl/2.0.12 Perl/v5.36.0 (internal dummy connection)"
::1 - - [28/Sep/2025:00:22:02 +0300] "OPTIONS * HTTP/1.0" 200 126 "-" "Apache/2.4.62 (Debian) SVN/1.14.2 mod_fcgid/2.3.9 OpenSSL/3.0.16 mod_wsgi/4.9.4 Python/3.11 mod_perl/2.0.12 Perl/v5.36.0 (internal dummy connection)"
216.244.66.229 - - [28/Sep/2025:00:22:21 +0300] "GET /dk/wiki/module/07-bucle-in-programare/lectia-04?do=backlink HTTP/1.1" 500 185 "-" "Mozilla/5.0 (compatible; DotBot/1.2; +https://opensiteexplorer.org/dotbot; help@moz.com)"
82.213.226.56 - - [28/Sep/2025:00:23:00 +0300] "GET /wiki/roboticsisfun/chapter2/ch2_7_programming_a_microcontroller HTTP/1.1" 404 495 "http://cs4hs.cs.pub.ro/" "Mozilla/5.0 (X11; Fedora; Linux x86_64; rv:114.0) Gecko/20100101 Firefox/114.0"
82.213.226.56 - - [28/Sep/2025:00:23:00 +0300] "GET / HTTP/1.1" 200 920 "-" "Mozilla/5.0 (X11; Fedora; Linux x86_64; rv:114.0) Gecko/20100101 Firefox/114.0"
::1 - - [28/Sep/2025:00:23:40 +0300] "OPTIONS * HTTP/1.0" 200 126 "-" "Apache/2.4.62 (Debian) SVN/1.14.2 mod_fcgid/2.3.9 OpenSSL/3.0.16 mod_wsgi/4.9.4 Python/3.11 mod_perl/2.0.12 Perl/v5.36.0 (internal dummy connection)"
43.173.176.225 - - [28/Sep/2025:00:23:41 +0300] "GET /trac/?C=S;O=A HTTP/1.1" 200 7013 "-" "Mozilla/5.0 (Windows NT 10.0; Win64; x64) AppleWebKit/537.36 (KHTML, like Gecko) Chrome/106.0.5249.119 Safari/537.36"
::1 - - [28/Sep/2025:00:23:55 +0300] "OPTIONS * HTTP/1.0" 200 126 "-" "Apache/2.4.62 (Debian) SVN/1.14.2 mod_fcgid/2.3.9 OpenSSL/3.0.16 mod_wsgi/4.9.4 Python/3.11 mod_perl/2.0.12 Perl/v5.36.0 (internal dummy connection)"
::1 - - [28/Sep/2025:00:24:11 +0300] "OPTIONS * HTTP/1.0" 200 126 "-" "Apache/2.4.62 (Debian) SVN/1.14.2 mod_fcgid/2.3.9 OpenSSL/3.0.16 mod_wsgi/4.9.4 Python/3.11 mod_perl/2.0.12 Perl/v5.36.0 (internal dummy connection)"
40.77.167.74 - - [28/Sep/2025:00:24:26 +0300] "GET /dk/wiki/module/07-bucle-in-programare/x?ns=module%2F11-basic-web-dev&tab_files=files&do=media&tab_details=history&image=module%3A01-utilizare-so%3A8dk.jpg HTTP/1.1" 500 185 "-" "Mozilla/5.0 AppleWebKit/537.36 (KHTML, like Gecko; compatible; bingbot/2.0; +http://www.bing.com/bingbot.htm) Chrome/116.0.1938.76 Safari/537.36"
::1 - - [28/Sep/2025:00:25:12 +0300] "OPTIONS * HTTP/1.0" 200 126 "-" "Apache/2.4.62 (Debian) SVN/1.14.2 mod_fcgid/2.3.9 OpenSSL/3.0.16 mod_wsgi/4.9.4 Python/3.11 mod_perl/2.0.12 Perl/v5.36.0 (internal dummy connection)"
213.209.157.162 - - [28/Sep/2025:00:25:22 +0300] "GET /_profiler/phpinfo HTTP/1.1" 404 6783 "-" "Mozilla/5.0 (Android; Mobile; rv:35.0) Gecko/35.0 Firefox/35.0"
40.77.167.151 - - [28/Sep/2025:00:25:29 +0300] "GET /dk/wiki/module/02-aplicatii-internet/lectia-03?tab_files=upload&do=media&tab_details=edit&image=module%3A01-utilizare-so%3A2dk.jpg&ns=module%2F04-logica-matematica-geometrie HTTP/1.1" 500 185 "-" "Mozilla/5.0 AppleWebKit/537.36 (KHTML, like Gecko; compatible; bingbot/2.0; +http://www.bing.com/bingbot.htm) Chrome/116.0.1938.76 Safari/537.36"
216.244.66.229 - - [28/Sep/2025:00:25:31 +0300] "GET /dk/wiki/module/05-introducere-in-programare/lectie-03?do=recent HTTP/1.1" 500 185 "-" "Mozilla/5.0 (compatible; DotBot/1.2; +https://opensiteexplorer.org/dotbot; help@moz.com)"
::1 - - [28/Sep/2025:00:26:21 +0300] "OPTIONS * HTTP/1.0" 200 126 "-" "Apache/2.4.62 (Debian) SVN/1.14.2 mod_fcgid/2.3.9 OpenSSL/3.0.16 mod_wsgi/4.9.4 Python/3.11 mod_perl/2.0.12 Perl/v5.36.0 (internal dummy connection)"
::1 - - [28/Sep/2025:00:26:34 +0300] "OPTIONS * HTTP/1.0" 200 126 "-" "Apache/2.4.62 (Debian) SVN/1.14.2 mod_fcgid/2.3.9 OpenSSL/3.0.16 mod_wsgi/4.9.4 Python/3.11 mod_perl/2.0.12 Perl/v5.36.0 (internal dummy connection)"
::1 - - [28/Sep/2025:00:26:39 +0300] "OPTIONS * HTTP/1.0" 200 126 "-" "Apache/2.4.62 (Debian) SVN/1.14.2 mod_fcgid/2.3.9 OpenSSL/3.0.16 mod_wsgi/4.9.4 Python/3.11 mod_perl/2.0.12 Perl/v5.36.0 (internal dummy connection)"
216.244.66.229 - - [28/Sep/2025:00:27:17 +0300] "GET /dk/wiki/module/05-introducere-in-programare/lectie-03?do=backlink HTTP/1.1" 500 185 "-" "Mozilla/5.0 (compatible; DotBot/1.2; +https://opensiteexplorer.org/dotbot; help@moz.com)"
::1 - - [28/Sep/2025:00:27:52 +0300] "OPTIONS * HTTP/1.0" 200 126 "-" "Apache/2.4.62 (Debian) SVN/1.14.2 mod_fcgid/2.3.9 OpenSSL/3.0.16 mod_wsgi/4.9.4 Python/3.11 mod_perl/2.0.12 Perl/v5.36.0 (internal dummy connection)"
::1 - - [28/Sep/2025:00:27:54 +0300] "OPTIONS * HTTP/1.0" 200 126 "-" "Apache/2.4.62 (Debian) SVN/1.14.2 mod_fcgid/2.3.9 OpenSSL/3.0.16 mod_wsgi/4.9.4 Python/3.11 mod_perl/2.0.12 Perl/v5.36.0 (internal dummy connection)"
::1 - - [28/Sep/2025:00:27:56 +0300] "OPTIONS * HTTP/1.0" 200 126 "-" "Apache/2.4.62 (Debian) SVN/1.14.2 mod_fcgid/2.3.9 OpenSSL/3.0.16 mod_wsgi/4.9.4 Python/3.11 mod_perl/2.0.12 Perl/v5.36.0 (internal dummy connection)"
::1 - - [28/Sep/2025:00:27:59 +0300] "OPTIONS * HTTP/1.0" 200 126 "-" "Apache/2.4.62 (Debian) SVN/1.14.2 mod_fcgid/2.3.9 OpenSSL/3.0.16 mod_wsgi/4.9.4 Python/3.11 mod_perl/2.0.12 Perl/v5.36.0 (internal dummy connection)"
::1 - - [28/Sep/2025:00:28:00 +0300] "OPTIONS * HTTP/1.0" 200 126 "-" "Apache/2.4.62 (Debian) SVN/1.14.2 mod_fcgid/2.3.9 OpenSSL/3.0.16 mod_wsgi/4.9.4 Python/3.11 mod_perl/2.0.12 Perl/v5.36.0 (internal dummy connection)"
::1 - - [28/Sep/2025:00:28:01 +0300] "OPTIONS * HTTP/1.0" 200 126 "-" "Apache/2.4.62 (Debian) SVN/1.14.2 mod_fcgid/2.3.9 OpenSSL/3.0.16 mod_wsgi/4.9.4 Python/3.11 mod_perl/2.0.12 Perl/v5.36.0 (internal dummy connection)"
52.167.144.208 - - [28/Sep/2025:00:28:04 +0300] "GET /dk/wiki/module/04-logica-matematica-geometrie/home?image=module%3A08-liste-si-vectori%3Am08-l03-e07.png&rev=1394239461&mediado=diff&do=media&tab_files=search&tab_details=history&ns=wiki HTTP/1.1" 500 185 "-" "Mozilla/5.0 AppleWebKit/537.36 (KHTML, like Gecko; compatible; bingbot/2.0; +http://www.bing.com/bingbot.htm) Chrome/116.0.1938.76 Safari/537.36"
::1 - - [28/Sep/2025:00:28:07 +0300] "OPTIONS * HTTP/1.0" 200 126 "-" "Apache/2.4.62 (Debian) SVN/1.14.2 mod_fcgid/2.3.9 OpenSSL/3.0.16 mod_wsgi/4.9.4 Python/3.11 mod_perl/2.0.12 Perl/v5.36.0 (internal dummy connection)"
40.77.167.74 - - [28/Sep/2025:00:28:08 +0300] "GET /dk/wiki/module/03-multimedia/lectia-02?tab_files=search&do=media&tab_details=view&image=module%3A07-bucle-in-programare%3Asee_inside.png&ns=module%2F11-basic-web-dev HTTP/1.1" 500 185 "-" "Mozilla/5.0 AppleWebKit/537.36 (KHTML, like Gecko; compatible; bingbot/2.0; +http://www.bing.com/bingbot.htm) Chrome/116.0.1938.76 Safari/537.36"
204.76.203.206 - - [28/Sep/2025:00:28:16 +0300] "GET / HTTP/1.1" 200 919 "-" "Mozilla/5.0 (Windows NT 10.0; Win64; x64) AppleWebKit/537.36 (KHTML, like Gecko) Chrome/90.0.4430.85 Safari/537.36 Edg/90.0.818.46"
52.167.144.208 - - [28/Sep/2025:00:28:34 +0300] "GET /dk/wiki/module/07-bucle-in-programare/lectia-04?ns=module%2F02-aplicatii-internet&tab_files=files&do=media&tab_details=view&image=module%3A02-aplicatii-internet%3Aimg1.jpg HTTP/1.1" 500 185 "-" "Mozilla/5.0 AppleWebKit/537.36 (KHTML, like Gecko; compatible; bingbot/2.0; +http://www.bing.com/bingbot.htm) Chrome/116.0.1938.76 Safari/537.36"
::1 - - [28/Sep/2025:00:29:00 +0300] "OPTIONS * HTTP/1.0" 200 126 "-" "Apache/2.4.62 (Debian) SVN/1.14.2 mod_fcgid/2.3.9 OpenSSL/3.0.16 mod_wsgi/4.9.4 Python/3.11 mod_perl/2.0.12 Perl/v5.36.0 (internal dummy connection)"
40.77.167.151 - - [28/Sep/2025:00:29:00 +0300] "GET /dk/wiki/module/07-bucle-in-programare/lectia-04?do=login&sectok=1acd36e80fe5362fcf5eb602157fe21e HTTP/1.1" 500 6685 "-" "Mozilla/5.0 AppleWebKit/537.36 (KHTML, like Gecko; compatible; bingbot/2.0; +http://www.bing.com/bingbot.htm) Chrome/116.0.1938.76 Safari/537.36"
66.249.64.101 - - [28/Sep/2025:00:29:46 +0300] "GET /redmine/attachments/download/38/raymond_dissertation.pdf HTTP/1.1" 404 6858 "-" "Googlebot/2.1 (+http://www.google.com/bot.html)"
185.244.104.2 - - [28/Sep/2025:00:30:38 +0300] "PROPFIND / HTTP/1.1" 405 6851 "http://141.85.227.114:443/" "-"
::1 - - [28/Sep/2025:00:31:12 +0300] "OPTIONS * HTTP/1.0" 200 126 "-" "Apache/2.4.62 (Debian) SVN/1.14.2 mod_fcgid/2.3.9 OpenSSL/3.0.16 mod_wsgi/4.9.4 Python/3.11 mod_perl/2.0.12 Perl/v5.36.0 (internal dummy connection)"
52.167.144.208 - - [28/Sep/2025:00:31:13 +0300] "GET /dk/wiki/module/03-multimedia/lectia-02?tab_files=search&do=media&tab_details=view&image=module%3A10-functii-si-rutine%3Ascreen_shot_2014-02-21_at_21.21.03.png&ns=module%2F02-aplicatii-internet HTTP/1.1" 500 185 "-" "Mozilla/5.0 AppleWebKit/537.36 (KHTML, like Gecko; compatible; bingbot/2.0; +http://www.bing.com/bingbot.htm) Chrome/116.0.1938.76 Safari/537.36"
::1 - - [28/Sep/2025:00:32:09 +0300] "OPTIONS * HTTP/1.0" 200 126 "-" "Apache/2.4.62 (Debian) SVN/1.14.2 mod_fcgid/2.3.9 OpenSSL/3.0.16 mod_wsgi/4.9.4 Python/3.11 mod_perl/2.0.12 Perl/v5.36.0 (internal dummy connection)"
204.76.203.155 - - [28/Sep/2025:00:33:03 +0300] "GET / HTTP/1.1" 200 919 "-" "Mozilla/5.0 (Windows NT 10.0; Win64; x64) AppleWebKit/537.36 (KHTML, like Gecko) Chrome/90.0.4430.85 Safari/537.36 Edg/90.0.818.46"
66.249.66.6 - - [28/Sep/2025:00:33:37 +0300] "GET /dk/wiki/_detail/module/05-introducere-in-programare/angry-bird-pig.png?id=module%3A05-introducere-in-programare%3Alectie-01 HTTP/1.1" 500 6511 "-" "Googlebot-Image/1.0"
54.169.18.221 - - [28/Sep/2025:00:34:03 +0300] "GET /dk/wiki/_media/module/01-utilizare-so/7dk.jpg?w=59&h=90&t=1392847336&tok=ee884b HTTP/1.1" 500 185 "-" "Mozilla/5.0 (compatible; crawler)"
::1 - - [28/Sep/2025:00:34:50 +0300] "OPTIONS * HTTP/1.0" 200 126 "-" "Apache/2.4.62 (Debian) SVN/1.14.2 mod_fcgid/2.3.9 OpenSSL/3.0.16 mod_wsgi/4.9.4 Python/3.11 mod_perl/2.0.12 Perl/v5.36.0 (internal dummy connection)"
::1 - - [28/Sep/2025:00:35:20 +0300] "OPTIONS * HTTP/1.0" 200 126 "-" "Apache/2.4.62 (Debian) SVN/1.14.2 mod_fcgid/2.3.9 OpenSSL/3.0.16 mod_wsgi/4.9.4 Python/3.11 mod_perl/2.0.12 Perl/v5.36.0 (internal dummy connection)"
40.77.167.74 - - [28/Sep/2025:00:36:07 +0300] "GET /dk/wiki/module/05-introducere-in-programare/home?image=module%3A08-liste-si-vectori%3Am08-l03-e03.png&tab_details=view&do=media&tab_files=upload HTTP/1.1" 500 185 "-" "Mozilla/5.0 AppleWebKit/537.36 (KHTML, like Gecko; compatible; bingbot/2.0; +http://www.bing.com/bingbot.htm) Chrome/116.0.1938.76 Safari/537.36"
216.73.216.152 - - [28/Sep/2025:00:36:58 +0300] "GET /robots.txt HTTP/1.1" 200 1991 "-" "Mozilla/5.0 AppleWebKit/537.36 (KHTML, like Gecko; compatible; ClaudeBot/1.0; +claudebot@anthropic.com)"
216.73.216.152 - - [28/Sep/2025:00:36:59 +0300] "GET /sitemap.xml HTTP/1.1" 404 494 "-" "Mozilla/5.0 AppleWebKit/537.36 (KHTML, like Gecko; compatible; ClaudeBot/1.0; +claudebot@anthropic.com)"
52.167.144.171 - - [28/Sep/2025:00:37:32 +0300] "GET /dk/wiki/module/07-bucle-in-programare/lectia-04?image=module%3A01-utilizare-so%3Ascreenshot_2016-02-27_06.43.27.png&ns=module%3A01-utilizare-so&tab_details=view&do=media&tab_files=files HTTP/1.1" 500 185 "-" "Mozilla/5.0 AppleWebKit/537.36 (KHTML, like Gecko; compatible; bingbot/2.0; +http://www.bing.com/bingbot.htm) Chrome/116.0.1938.76 Safari/537.36"
::1 - - [28/Sep/2025:00:38:08 +0300] "OPTIONS * HTTP/1.0" 200 126 "-" "Apache/2.4.62 (Debian) SVN/1.14.2 mod_fcgid/2.3.9 OpenSSL/3.0.16 mod_wsgi/4.9.4 Python/3.11 mod_perl/2.0.12 Perl/v5.36.0 (internal dummy connection)"
::1 - - [28/Sep/2025:00:40:05 +0300] "OPTIONS * HTTP/1.0" 200 126 "-" "Apache/2.4.62 (Debian) SVN/1.14.2 mod_fcgid/2.3.9 OpenSSL/3.0.16 mod_wsgi/4.9.4 Python/3.11 mod_perl/2.0.12 Perl/v5.36.0 (internal dummy connection)"
::1 - - [28/Sep/2025:00:40:08 +0300] "OPTIONS * HTTP/1.0" 200 126 "-" "Apache/2.4.62 (Debian) SVN/1.14.2 mod_fcgid/2.3.9 OpenSSL/3.0.16 mod_wsgi/4.9.4 Python/3.11 mod_perl/2.0.12 Perl/v5.36.0 (internal dummy connection)"
::1 - - [28/Sep/2025:00:40:12 +0300] "OPTIONS * HTTP/1.0" 200 126 "-" "Apache/2.4.62 (Debian) SVN/1.14.2 mod_fcgid/2.3.9 OpenSSL/3.0.16 mod_wsgi/4.9.4 Python/3.11 mod_perl/2.0.12 Perl/v5.36.0 (internal dummy connection)"
::1 - - [28/Sep/2025:00:40:13 +0300] "OPTIONS * HTTP/1.0" 200 126 "-" "Apache/2.4.62 (Debian) SVN/1.14.2 mod_fcgid/2.3.9 OpenSSL/3.0.16 mod_wsgi/4.9.4 Python/3.11 mod_perl/2.0.12 Perl/v5.36.0 (internal dummy connection)"
::1 - - [28/Sep/2025:00:40:15 +0300] "OPTIONS * HTTP/1.0" 200 126 "-" "Apache/2.4.62 (Debian) SVN/1.14.2 mod_fcgid/2.3.9 OpenSSL/3.0.16 mod_wsgi/4.9.4 Python/3.11 mod_perl/2.0.12 Perl/v5.36.0 (internal dummy connection)"
::1 - - [28/Sep/2025:00:41:19 +0300] "OPTIONS * HTTP/1.0" 200 126 "-" "Apache/2.4.62 (Debian) SVN/1.14.2 mod_fcgid/2.3.9 OpenSSL/3.0.16 mod_wsgi/4.9.4 Python/3.11 mod_perl/2.0.12 Perl/v5.36.0 (internal dummy connection)"
::1 - - [28/Sep/2025:00:41:20 +0300] "OPTIONS * HTTP/1.0" 200 126 "-" "Apache/2.4.62 (Debian) SVN/1.14.2 mod_fcgid/2.3.9 OpenSSL/3.0.16 mod_wsgi/4.9.4 Python/3.11 mod_perl/2.0.12 Perl/v5.36.0 (internal dummy connection)"
::1 - - [28/Sep/2025:00:41:21 +0300] "OPTIONS * HTTP/1.0" 200 126 "-" "Apache/2.4.62 (Debian) SVN/1.14.2 mod_fcgid/2.3.9 OpenSSL/3.0.16 mod_wsgi/4.9.4 Python/3.11 mod_perl/2.0.12 Perl/v5.36.0 (internal dummy connection)"
::1 - - [28/Sep/2025:00:41:26 +0300] "OPTIONS * HTTP/1.0" 200 126 "-" "Apache/2.4.62 (Debian) SVN/1.14.2 mod_fcgid/2.3.9 OpenSSL/3.0.16 mod_wsgi/4.9.4 Python/3.11 mod_perl/2.0.12 Perl/v5.36.0 (internal dummy connection)"
::1 - - [28/Sep/2025:00:41:33 +0300] "OPTIONS * HTTP/1.0" 200 126 "-" "Apache/2.4.62 (Debian) SVN/1.14.2 mod_fcgid/2.3.9 OpenSSL/3.0.16 mod_wsgi/4.9.4 Python/3.11 mod_perl/2.0.12 Perl/v5.36.0 (internal dummy connection)"
::1 - - [28/Sep/2025:00:41:44 +0300] "OPTIONS * HTTP/1.0" 200 126 "-" "Apache/2.4.62 (Debian) SVN/1.14.2 mod_fcgid/2.3.9 OpenSSL/3.0.16 mod_wsgi/4.9.4 Python/3.11 mod_perl/2.0.12 Perl/v5.36.0 (internal dummy connection)"
::1 - - [28/Sep/2025:00:41:54 +0300] "OPTIONS * HTTP/1.0" 200 126 "-" "Apache/2.4.62 (Debian) SVN/1.14.2 mod_fcgid/2.3.9 OpenSSL/3.0.16 mod_wsgi/4.9.4 Python/3.11 mod_perl/2.0.12 Perl/v5.36.0 (internal dummy connection)"
::1 - - [28/Sep/2025:00:41:57 +0300] "OPTIONS * HTTP/1.0" 200 126 "-" "Apache/2.4.62 (Debian) SVN/1.14.2 mod_fcgid/2.3.9 OpenSSL/3.0.16 mod_wsgi/4.9.4 Python/3.11 mod_perl/2.0.12 Perl/v5.36.0 (internal dummy connection)"
::1 - - [28/Sep/2025:00:42:07 +0300] "OPTIONS * HTTP/1.0" 200 126 "-" "Apache/2.4.62 (Debian) SVN/1.14.2 mod_fcgid/2.3.9 OpenSSL/3.0.16 mod_wsgi/4.9.4 Python/3.11 mod_perl/2.0.12 Perl/v5.36.0 (internal dummy connection)"
::1 - - [28/Sep/2025:00:42:08 +0300] "OPTIONS * HTTP/1.0" 200 126 "-" "Apache/2.4.62 (Debian) SVN/1.14.2 mod_fcgid/2.3.9 OpenSSL/3.0.16 mod_wsgi/4.9.4 Python/3.11 mod_perl/2.0.12 Perl/v5.36.0 (internal dummy connection)"
::1 - - [28/Sep/2025:00:42:09 +0300] "OPTIONS * HTTP/1.0" 200 126 "-" "Apache/2.4.62 (Debian) SVN/1.14.2 mod_fcgid/2.3.9 OpenSSL/3.0.16 mod_wsgi/4.9.4 Python/3.11 mod_perl/2.0.12 Perl/v5.36.0 (internal dummy connection)"
138.201.125.121 - - [28/Sep/2025:00:42:09 +0300] "GET /admin/utilizatori/dokuwiki HTTP/1.1" 500 185 "http://koala.cs.pub.ro/" "Mozilla/5.0 (X11; Fedora; Linux x86_64; rv:114.0) Gecko/20100101 Firefox/114.0"
138.201.125.121 - - [28/Sep/2025:00:42:09 +0300] "GET /admin/utilizatori/dokuwiki HTTP/1.1" 500 185 "http://koala.cs.pub.ro/" "Mozilla/5.0 (X11; Fedora; Linux x86_64; rv:114.0) Gecko/20100101 Firefox/114.0"
138.201.125.121 - - [28/Sep/2025:00:42:09 +0300] "GET /admin/utilizatori/dokuwiki HTTP/1.1" 500 185 "http://koala.cs.pub.ro/" "Mozilla/5.0 (X11; Fedora; Linux x86_64; rv:114.0) Gecko/20100101 Firefox/114.0"
::1 - - [28/Sep/2025:00:42:19 +0300] "OPTIONS * HTTP/1.0" 200 126 "-" "Apache/2.4.62 (Debian) SVN/1.14.2 mod_fcgid/2.3.9 OpenSSL/3.0.16 mod_wsgi/4.9.4 Python/3.11 mod_perl/2.0.12 Perl/v5.36.0 (internal dummy connection)"
::1 - - [28/Sep/2025:00:42:23 +0300] "OPTIONS * HTTP/1.0" 200 126 "-" "Apache/2.4.62 (Debian) SVN/1.14.2 mod_fcgid/2.3.9 OpenSSL/3.0.16 mod_wsgi/4.9.4 Python/3.11 mod_perl/2.0.12 Perl/v5.36.0 (internal dummy connection)"
52.167.144.171 - - [28/Sep/2025:00:42:24 +0300] "GET /dk/wiki/home?ns=module%2F04-logica-matematica-geometrie&tab_files=files&do=media&tab_details=edit&image=module%3A01-utilizare-so%3A28dk.jpg HTTP/1.1" 500 185 "-" "Mozilla/5.0 AppleWebKit/537.36 (KHTML, like Gecko; compatible; bingbot/2.0; +http://www.bing.com/bingbot.htm) Chrome/116.0.1938.76 Safari/537.36"
::1 - - [28/Sep/2025:00:42:39 +0300] "OPTIONS * HTTP/1.0" 200 126 "-" "Apache/2.4.62 (Debian) SVN/1.14.2 mod_fcgid/2.3.9 OpenSSL/3.0.16 mod_wsgi/4.9.4 Python/3.11 mod_perl/2.0.12 Perl/v5.36.0 (internal dummy connection)"
::1 - - [28/Sep/2025:00:42:41 +0300] "OPTIONS * HTTP/1.0" 200 126 "-" "Apache/2.4.62 (Debian) SVN/1.14.2 mod_fcgid/2.3.9 OpenSSL/3.0.16 mod_wsgi/4.9.4 Python/3.11 mod_perl/2.0.12 Perl/v5.36.0 (internal dummy connection)"
40.77.167.9 - - [28/Sep/2025:00:42:50 +0300] "GET /dk/wiki/module/07-bucle-in-programare/lectia-04?do=login&sectok=f3cfae45db725024b9cecd76af2af49f HTTP/1.1" 500 6685 "-" "Mozilla/5.0 AppleWebKit/537.36 (KHTML, like Gecko; compatible; bingbot/2.0; +http://www.bing.com/bingbot.htm) Chrome/116.0.1938.76 Safari/537.36"
::1 - - [28/Sep/2025:00:42:53 +0300] "OPTIONS * HTTP/1.0" 200 126 "-" "Apache/2.4.62 (Debian) SVN/1.14.2 mod_fcgid/2.3.9 OpenSSL/3.0.16 mod_wsgi/4.9.4 Python/3.11 mod_perl/2.0.12 Perl/v5.36.0 (internal dummy connection)"
::1 - - [28/Sep/2025:00:42:58 +0300] "OPTIONS * HTTP/1.0" 200 126 "-" "Apache/2.4.62 (Debian) SVN/1.14.2 mod_fcgid/2.3.9 OpenSSL/3.0.16 mod_wsgi/4.9.4 Python/3.11 mod_perl/2.0.12 Perl/v5.36.0 (internal dummy connection)"
::1 - - [28/Sep/2025:00:43:02 +0300] "OPTIONS * HTTP/1.0" 200 126 "-" "Apache/2.4.62 (Debian) SVN/1.14.2 mod_fcgid/2.3.9 OpenSSL/3.0.16 mod_wsgi/4.9.4 Python/3.11 mod_perl/2.0.12 Perl/v5.36.0 (internal dummy connection)"
::1 - - [28/Sep/2025:00:43:06 +0300] "OPTIONS * HTTP/1.0" 200 126 "-" "Apache/2.4.62 (Debian) SVN/1.14.2 mod_fcgid/2.3.9 OpenSSL/3.0.16 mod_wsgi/4.9.4 Python/3.11 mod_perl/2.0.12 Perl/v5.36.0 (internal dummy connection)"
216.244.66.229 - - [28/Sep/2025:00:43:26 +0300] "GET /robots.txt HTTP/1.1" 200 18310 "-" "Mozilla/5.0 (compatible; DotBot/1.2; +https://opensiteexplorer.org/dotbot; help@moz.com)"
40.77.167.159 - - [28/Sep/2025:00:43:35 +0300] "GET /dk/wiki/module/02-aplicatii-internet/home?tab_files=upload&do=media&tab_details=view&image=module%3A08-liste-si-vectori%3Am08-l04-e04-inter.jpg&ns=module%2F05-introducere-in-programare HTTP/1.1" 500 185 "-" "Mozilla/5.0 AppleWebKit/537.36 (KHTML, like Gecko; compatible; bingbot/2.0; +http://www.bing.com/bingbot.htm) Chrome/116.0.1938.76 Safari/537.36"
::1 - - [28/Sep/2025:00:43:40 +0300] "OPTIONS * HTTP/1.0" 200 126 "-" "Apache/2.4.62 (Debian) SVN/1.14.2 mod_fcgid/2.3.9 OpenSSL/3.0.16 mod_wsgi/4.9.4 Python/3.11 mod_perl/2.0.12 Perl/v5.36.0 (internal dummy connection)"
::1 - - [28/Sep/2025:00:43:43 +0300] "OPTIONS * HTTP/1.0" 200 126 "-" "Apache/2.4.62 (Debian) SVN/1.14.2 mod_fcgid/2.3.9 OpenSSL/3.0.16 mod_wsgi/4.9.4 Python/3.11 mod_perl/2.0.12 Perl/v5.36.0 (internal dummy connection)"
::1 - - [28/Sep/2025:00:43:44 +0300] "OPTIONS * HTTP/1.0" 200 126 "-" "Apache/2.4.62 (Debian) SVN/1.14.2 mod_fcgid/2.3.9 OpenSSL/3.0.16 mod_wsgi/4.9.4 Python/3.11 mod_perl/2.0.12 Perl/v5.36.0 (internal dummy connection)"
::1 - - [28/Sep/2025:00:43:45 +0300] "OPTIONS * HTTP/1.0" 200 126 "-" "Apache/2.4.62 (Debian) SVN/1.14.2 mod_fcgid/2.3.9 OpenSSL/3.0.16 mod_wsgi/4.9.4 Python/3.11 mod_perl/2.0.12 Perl/v5.36.0 (internal dummy connection)"
::1 - - [28/Sep/2025:00:43:46 +0300] "OPTIONS * HTTP/1.0" 200 126 "-" "Apache/2.4.62 (Debian) SVN/1.14.2 mod_fcgid/2.3.9 OpenSSL/3.0.16 mod_wsgi/4.9.4 Python/3.11 mod_perl/2.0.12 Perl/v5.36.0 (internal dummy connection)"
::1 - - [28/Sep/2025:00:43:47 +0300] "OPTIONS * HTTP/1.0" 200 126 "-" "Apache/2.4.62 (Debian) SVN/1.14.2 mod_fcgid/2.3.9 OpenSSL/3.0.16 mod_wsgi/4.9.4 Python/3.11 mod_perl/2.0.12 Perl/v5.36.0 (internal dummy connection)"
::1 - - [28/Sep/2025:00:43:48 +0300] "OPTIONS * HTTP/1.0" 200 126 "-" "Apache/2.4.62 (Debian) SVN/1.14.2 mod_fcgid/2.3.9 OpenSSL/3.0.16 mod_wsgi/4.9.4 Python/3.11 mod_perl/2.0.12 Perl/v5.36.0 (internal dummy connection)"
::1 - - [28/Sep/2025:00:43:52 +0300] "OPTIONS * HTTP/1.0" 200 126 "-" "Apache/2.4.62 (Debian) SVN/1.14.2 mod_fcgid/2.3.9 OpenSSL/3.0.16 mod_wsgi/4.9.4 Python/3.11 mod_perl/2.0.12 Perl/v5.36.0 (internal dummy connection)"
::1 - - [28/Sep/2025:00:43:53 +0300] "OPTIONS * HTTP/1.0" 200 126 "-" "Apache/2.4.62 (Debian) SVN/1.14.2 mod_fcgid/2.3.9 OpenSSL/3.0.16 mod_wsgi/4.9.4 Python/3.11 mod_perl/2.0.12 Perl/v5.36.0 (internal dummy connection)"
::1 - - [28/Sep/2025:00:43:55 +0300] "OPTIONS * HTTP/1.0" 200 126 "-" "Apache/2.4.62 (Debian) SVN/1.14.2 mod_fcgid/2.3.9 OpenSSL/3.0.16 mod_wsgi/4.9.4 Python/3.11 mod_perl/2.0.12 Perl/v5.36.0 (internal dummy connection)"
::1 - - [28/Sep/2025:00:43:56 +0300] "OPTIONS * HTTP/1.0" 200 126 "-" "Apache/2.4.62 (Debian) SVN/1.14.2 mod_fcgid/2.3.9 OpenSSL/3.0.16 mod_wsgi/4.9.4 Python/3.11 mod_perl/2.0.12 Perl/v5.36.0 (internal dummy connection)"
::1 - - [28/Sep/2025:00:43:59 +0300] "OPTIONS * HTTP/1.0" 200 126 "-" "Apache/2.4.62 (Debian) SVN/1.14.2 mod_fcgid/2.3.9 OpenSSL/3.0.16 mod_wsgi/4.9.4 Python/3.11 mod_perl/2.0.12 Perl/v5.36.0 (internal dummy connection)"
::1 - - [28/Sep/2025:00:44:00 +0300] "OPTIONS * HTTP/1.0" 200 126 "-" "Apache/2.4.62 (Debian) SVN/1.14.2 mod_fcgid/2.3.9 OpenSSL/3.0.16 mod_wsgi/4.9.4 Python/3.11 mod_perl/2.0.12 Perl/v5.36.0 (internal dummy connection)"
::1 - - [28/Sep/2025:00:44:05 +0300] "OPTIONS * HTTP/1.0" 200 126 "-" "Apache/2.4.62 (Debian) SVN/1.14.2 mod_fcgid/2.3.9 OpenSSL/3.0.16 mod_wsgi/4.9.4 Python/3.11 mod_perl/2.0.12 Perl/v5.36.0 (internal dummy connection)"
::1 - - [28/Sep/2025:00:44:06 +0300] "OPTIONS * HTTP/1.0" 200 126 "-" "Apache/2.4.62 (Debian) SVN/1.14.2 mod_fcgid/2.3.9 OpenSSL/3.0.16 mod_wsgi/4.9.4 Python/3.11 mod_perl/2.0.12 Perl/v5.36.0 (internal dummy connection)"
::1 - - [28/Sep/2025:00:44:07 +0300] "OPTIONS * HTTP/1.0" 200 126 "-" "Apache/2.4.62 (Debian) SVN/1.14.2 mod_fcgid/2.3.9 OpenSSL/3.0.16 mod_wsgi/4.9.4 Python/3.11 mod_perl/2.0.12 Perl/v5.36.0 (internal dummy connection)"
::1 - - [28/Sep/2025:00:44:08 +0300] "OPTIONS * HTTP/1.0" 200 126 "-" "Apache/2.4.62 (Debian) SVN/1.14.2 mod_fcgid/2.3.9 OpenSSL/3.0.16 mod_wsgi/4.9.4 Python/3.11 mod_perl/2.0.12 Perl/v5.36.0 (internal dummy connection)"
::1 - - [28/Sep/2025:00:44:09 +0300] "OPTIONS * HTTP/1.0" 200 126 "-" "Apache/2.4.62 (Debian) SVN/1.14.2 mod_fcgid/2.3.9 OpenSSL/3.0.16 mod_wsgi/4.9.4 Python/3.11 mod_perl/2.0.12 Perl/v5.36.0 (internal dummy connection)"
52.167.144.227 - - [28/Sep/2025:00:44:14 +0300] "GET /dk/wiki/module/02-aplicatii-internet/lectia-03?tab_files=upload&do=media&tab_details=edit&image=module%3A01-utilizare-so%3A2dk.jpg&ns=module%3A01-utilizare-so HTTP/1.1" 500 185 "-" "Mozilla/5.0 AppleWebKit/537.36 (KHTML, like Gecko; compatible; bingbot/2.0; +http://www.bing.com/bingbot.htm) Chrome/116.0.1938.76 Safari/537.36"
::1 - - [28/Sep/2025:00:44:17 +0300] "OPTIONS * HTTP/1.0" 200 126 "-" "Apache/2.4.62 (Debian) SVN/1.14.2 mod_fcgid/2.3.9 OpenSSL/3.0.16 mod_wsgi/4.9.4 Python/3.11 mod_perl/2.0.12 Perl/v5.36.0 (internal dummy connection)"
::1 - - [28/Sep/2025:00:44:23 +0300] "OPTIONS * HTTP/1.0" 200 126 "-" "Apache/2.4.62 (Debian) SVN/1.14.2 mod_fcgid/2.3.9 OpenSSL/3.0.16 mod_wsgi/4.9.4 Python/3.11 mod_perl/2.0.12 Perl/v5.36.0 (internal dummy connection)"
::1 - - [28/Sep/2025:00:44:25 +0300] "OPTIONS * HTTP/1.0" 200 126 "-" "Apache/2.4.62 (Debian) SVN/1.14.2 mod_fcgid/2.3.9 OpenSSL/3.0.16 mod_wsgi/4.9.4 Python/3.11 mod_perl/2.0.12 Perl/v5.36.0 (internal dummy connection)"
37.60.141.156 - - [28/Sep/2025:00:44:44 +0300] "GET / HTTP/1.1" 200 2693 "-" "Mozilla/5.0 (Windows NT 10.0; Win64; x64) AppleWebKit/537.36 (KHTML, like Gecko) Chrome/42.0.2311.135 Safari/537.36 Edge/12.246"
13.215.231.211 - - [28/Sep/2025:00:44:53 +0300] "GET /dk/wiki/_media/module/01-utilizare-so/screenshot_2016-02-27_06.50.07.png?w=90&h=5&t=1456601557&tok=902d52 HTTP/1.1" 500 6594 "-" "Mozilla/5.0 (compatible; crawler)"
216.73.216.152 - - [28/Sep/2025:00:45:42 +0300] "GET /robots.txt HTTP/1.1" 200 8343 "-" "Mozilla/5.0 AppleWebKit/537.36 (KHTML, like Gecko; compatible; ClaudeBot/1.0; +claudebot@anthropic.com)"
216.73.216.152 - - [28/Sep/2025:00:45:43 +0300] "GET /sitemap.xml HTTP/1.1" 404 461 "-" "Mozilla/5.0 AppleWebKit/537.36 (KHTML, like Gecko; compatible; ClaudeBot/1.0; +claudebot@anthropic.com)"
::1 - - [28/Sep/2025:00:46:02 +0300] "OPTIONS * HTTP/1.0" 200 126 "-" "Apache/2.4.62 (Debian) SVN/1.14.2 mod_fcgid/2.3.9 OpenSSL/3.0.16 mod_wsgi/4.9.4 Python/3.11 mod_perl/2.0.12 Perl/v5.36.0 (internal dummy connection)"
111.119.200.105 - - [28/Sep/2025:00:46:14 +0300] "GET /?C=S;O=A HTTP/1.1" 200 913 "http://koala.cs.pub.ro/?C=S;O=A" "Mozilla/5.0 (Macintosh; Intel Mac OS X 10_15_7) AppleWebKit/537.36 (KHTML, like Gecko) Chrome/119.0.0.0 Safari/537.36"
::1 - - [28/Sep/2025:00:46:33 +0300] "OPTIONS * HTTP/1.0" 200 126 "-" "Apache/2.4.62 (Debian) SVN/1.14.2 mod_fcgid/2.3.9 OpenSSL/3.0.16 mod_wsgi/4.9.4 Python/3.11 mod_perl/2.0.12 Perl/v5.36.0 (internal dummy connection)"
::1 - - [28/Sep/2025:00:46:38 +0300] "OPTIONS * HTTP/1.0" 200 126 "-" "Apache/2.4.62 (Debian) SVN/1.14.2 mod_fcgid/2.3.9 OpenSSL/3.0.16 mod_wsgi/4.9.4 Python/3.11 mod_perl/2.0.12 Perl/v5.36.0 (internal dummy connection)"
162.120.188.209 - - [28/Sep/2025:00:46:39 +0300] "GET /dk/wiki/module/09-siruri-de-caractere/lectie-01 HTTP/1.1" 500 6594 "https://www.google.com/" "Mozilla/5.0 (Linux; Android 10; K) AppleWebKit/537.36 (KHTML, like Gecko) Chrome/138.0.0.0 Mobile Safari/537.36"
40.77.167.159 - - [28/Sep/2025:00:47:36 +0300] "GET /dk/wiki/module/02-aplicatii-internet/lectia-02?do=login&sectok=54a7a73f99b5b6af3d11fe31825e3066 HTTP/1.1" 500 6685 "-" "Mozilla/5.0 AppleWebKit/537.36 (KHTML, like Gecko; compatible; bingbot/2.0; +http://www.bing.com/bingbot.htm) Chrome/116.0.1938.76 Safari/537.36"
::1 - - [28/Sep/2025:00:47:36 +0300] "OPTIONS * HTTP/1.0" 200 126 "-" "Apache/2.4.62 (Debian) SVN/1.14.2 mod_fcgid/2.3.9 OpenSSL/3.0.16 mod_wsgi/4.9.4 Python/3.11 mod_perl/2.0.12 Perl/v5.36.0 (internal dummy connection)"
::1 - - [28/Sep/2025:00:48:28 +0300] "OPTIONS * HTTP/1.0" 200 126 "-" "Apache/2.4.62 (Debian) SVN/1.14.2 mod_fcgid/2.3.9 OpenSSL/3.0.16 mod_wsgi/4.9.4 Python/3.11 mod_perl/2.0.12 Perl/v5.36.0 (internal dummy connection)"
51.68.247.202 - - [28/Sep/2025:00:48:30 +0300] "GET /robots.txt HTTP/1.1" 200 8343 "-" "Mozilla/5.0 (compatible; AhrefsBot/7.0; +http://ahrefs.com/robot/)"
::1 - - [28/Sep/2025:00:48:34 +0300] "OPTIONS * HTTP/1.0" 200 126 "-" "Apache/2.4.62 (Debian) SVN/1.14.2 mod_fcgid/2.3.9 OpenSSL/3.0.16 mod_wsgi/4.9.4 Python/3.11 mod_perl/2.0.12 Perl/v5.36.0 (internal dummy connection)"
::1 - - [28/Sep/2025:00:48:35 +0300] "OPTIONS * HTTP/1.0" 200 126 "-" "Apache/2.4.62 (Debian) SVN/1.14.2 mod_fcgid/2.3.9 OpenSSL/3.0.16 mod_wsgi/4.9.4 Python/3.11 mod_perl/2.0.12 Perl/v5.36.0 (internal dummy connection)"
::1 - - [28/Sep/2025:00:48:40 +0300] "OPTIONS * HTTP/1.0" 200 126 "-" "Apache/2.4.62 (Debian) SVN/1.14.2 mod_fcgid/2.3.9 OpenSSL/3.0.16 mod_wsgi/4.9.4 Python/3.11 mod_perl/2.0.12 Perl/v5.36.0 (internal dummy connection)"
52.167.144.227 - - [28/Sep/2025:00:48:56 +0300] "GET /dk/wiki/module/12-aplicatii-mobile/lectie-07?tab_files=upload&do=media&tab_details=view&image=module%3A12-aplicatii-mobile%3A01_prompt.png&ns=module%3A12-aplicatii-mobile HTTP/1.1" 500 185 "-" "Mozilla/5.0 AppleWebKit/537.36 (KHTML, like Gecko; compatible; bingbot/2.0; +http://www.bing.com/bingbot.htm) Chrome/116.0.1938.76 Safari/537.36"
::1 - - [28/Sep/2025:00:49:09 +0300] "OPTIONS * HTTP/1.0" 200 126 "-" "Apache/2.4.62 (Debian) SVN/1.14.2 mod_fcgid/2.3.9 OpenSSL/3.0.16 mod_wsgi/4.9.4 Python/3.11 mod_perl/2.0.12 Perl/v5.36.0 (internal dummy connection)"
204.76.203.219 - - [28/Sep/2025:00:49:53 +0300] "GET / HTTP/1.1" 200 919 "-" "Mozilla/5.0 (Windows NT 10.0; Win64; x64) AppleWebKit/537.36 (KHTML, like Gecko) Chrome/90.0.4430.85 Safari/537.36 Edg/90.0.818.46"
::1 - - [28/Sep/2025:00:50:19 +0300] "OPTIONS * HTTP/1.0" 200 126 "-" "Apache/2.4.62 (Debian) SVN/1.14.2 mod_fcgid/2.3.9 OpenSSL/3.0.16 mod_wsgi/4.9.4 Python/3.11 mod_perl/2.0.12 Perl/v5.36.0 (internal dummy connection)"
::1 - - [28/Sep/2025:00:50:21 +0300] "OPTIONS * HTTP/1.0" 200 126 "-" "Apache/2.4.62 (Debian) SVN/1.14.2 mod_fcgid/2.3.9 OpenSSL/3.0.16 mod_wsgi/4.9.4 Python/3.11 mod_perl/2.0.12 Perl/v5.36.0 (internal dummy connection)"
::1 - - [28/Sep/2025:00:50:22 +0300] "OPTIONS * HTTP/1.0" 200 126 "-" "Apache/2.4.62 (Debian) SVN/1.14.2 mod_fcgid/2.3.9 OpenSSL/3.0.16 mod_wsgi/4.9.4 Python/3.11 mod_perl/2.0.12 Perl/v5.36.0 (internal dummy connection)"
::1 - - [28/Sep/2025:00:50:27 +0300] "OPTIONS * HTTP/1.0" 200 126 "-" "Apache/2.4.62 (Debian) SVN/1.14.2 mod_fcgid/2.3.9 OpenSSL/3.0.16 mod_wsgi/4.9.4 Python/3.11 mod_perl/2.0.12 Perl/v5.36.0 (internal dummy connection)"
::1 - - [28/Sep/2025:00:50:28 +0300] "OPTIONS * HTTP/1.0" 200 126 "-" "Apache/2.4.62 (Debian) SVN/1.14.2 mod_fcgid/2.3.9 OpenSSL/3.0.16 mod_wsgi/4.9.4 Python/3.11 mod_perl/2.0.12 Perl/v5.36.0 (internal dummy connection)"
::1 - - [28/Sep/2025:00:50:29 +0300] "OPTIONS * HTTP/1.0" 200 126 "-" "Apache/2.4.62 (Debian) SVN/1.14.2 mod_fcgid/2.3.9 OpenSSL/3.0.16 mod_wsgi/4.9.4 Python/3.11 mod_perl/2.0.12 Perl/v5.36.0 (internal dummy connection)"
::1 - - [28/Sep/2025:00:50:30 +0300] "OPTIONS * HTTP/1.0" 200 126 "-" "Apache/2.4.62 (Debian) SVN/1.14.2 mod_fcgid/2.3.9 OpenSSL/3.0.16 mod_wsgi/4.9.4 Python/3.11 mod_perl/2.0.12 Perl/v5.36.0 (internal dummy connection)"
::1 - - [28/Sep/2025:00:50:31 +0300] "OPTIONS * HTTP/1.0" 200 126 "-" "Apache/2.4.62 (Debian) SVN/1.14.2 mod_fcgid/2.3.9 OpenSSL/3.0.16 mod_wsgi/4.9.4 Python/3.11 mod_perl/2.0.12 Perl/v5.36.0 (internal dummy connection)"
::1 - - [28/Sep/2025:00:50:32 +0300] "OPTIONS * HTTP/1.0" 200 126 "-" "Apache/2.4.62 (Debian) SVN/1.14.2 mod_fcgid/2.3.9 OpenSSL/3.0.16 mod_wsgi/4.9.4 Python/3.11 mod_perl/2.0.12 Perl/v5.36.0 (internal dummy connection)"
::1 - - [28/Sep/2025:00:50:35 +0300] "OPTIONS * HTTP/1.0" 200 126 "-" "Apache/2.4.62 (Debian) SVN/1.14.2 mod_fcgid/2.3.9 OpenSSL/3.0.16 mod_wsgi/4.9.4 Python/3.11 mod_perl/2.0.12 Perl/v5.36.0 (internal dummy connection)"
::1 - - [28/Sep/2025:00:50:37 +0300] "OPTIONS * HTTP/1.0" 200 126 "-" "Apache/2.4.62 (Debian) SVN/1.14.2 mod_fcgid/2.3.9 OpenSSL/3.0.16 mod_wsgi/4.9.4 Python/3.11 mod_perl/2.0.12 Perl/v5.36.0 (internal dummy connection)"
167.94.138.176 - - [28/Sep/2025:00:50:47 +0300] "GET /robots.txt HTTP/1.1" 200 8260 "-" "Mozilla/5.0 (compatible; CensysInspect/1.1; +https://about.censys.io/)"
::1 - - [28/Sep/2025:00:51:16 +0300] "OPTIONS * HTTP/1.0" 200 126 "-" "Apache/2.4.62 (Debian) SVN/1.14.2 mod_fcgid/2.3.9 OpenSSL/3.0.16 mod_wsgi/4.9.4 Python/3.11 mod_perl/2.0.12 Perl/v5.36.0 (internal dummy connection)"
::1 - - [28/Sep/2025:00:51:20 +0300] "OPTIONS * HTTP/1.0" 200 126 "-" "Apache/2.4.62 (Debian) SVN/1.14.2 mod_fcgid/2.3.9 OpenSSL/3.0.16 mod_wsgi/4.9.4 Python/3.11 mod_perl/2.0.12 Perl/v5.36.0 (internal dummy connection)"
::1 - - [28/Sep/2025:00:51:21 +0300] "OPTIONS * HTTP/1.0" 200 126 "-" "Apache/2.4.62 (Debian) SVN/1.14.2 mod_fcgid/2.3.9 OpenSSL/3.0.16 mod_wsgi/4.9.4 Python/3.11 mod_perl/2.0.12 Perl/v5.36.0 (internal dummy connection)"
::1 - - [28/Sep/2025:00:51:22 +0300] "OPTIONS * HTTP/1.0" 200 126 "-" "Apache/2.4.62 (Debian) SVN/1.14.2 mod_fcgid/2.3.9 OpenSSL/3.0.16 mod_wsgi/4.9.4 Python/3.11 mod_perl/2.0.12 Perl/v5.36.0 (internal dummy connection)"
::1 - - [28/Sep/2025:00:51:23 +0300] "OPTIONS * HTTP/1.0" 200 126 "-" "Apache/2.4.62 (Debian) SVN/1.14.2 mod_fcgid/2.3.9 OpenSSL/3.0.16 mod_wsgi/4.9.4 Python/3.11 mod_perl/2.0.12 Perl/v5.36.0 (internal dummy connection)"
::1 - - [28/Sep/2025:00:51:25 +0300] "OPTIONS * HTTP/1.0" 200 126 "-" "Apache/2.4.62 (Debian) SVN/1.14.2 mod_fcgid/2.3.9 OpenSSL/3.0.16 mod_wsgi/4.9.4 Python/3.11 mod_perl/2.0.12 Perl/v5.36.0 (internal dummy connection)"
52.167.144.227 - - [28/Sep/2025:00:51:26 +0300] "GET /dk/wiki/module/04-logica-matematica-geometrie/lectia-03?tab_files=search&do=media&ns=module%2F05-introducere-in-programare HTTP/1.1" 500 6685 "-" "Mozilla/5.0 AppleWebKit/537.36 (KHTML, like Gecko; compatible; bingbot/2.0; +http://www.bing.com/bingbot.htm) Chrome/116.0.1938.76 Safari/537.36"
::1 - - [28/Sep/2025:00:52:10 +0300] "OPTIONS * HTTP/1.0" 200 126 "-" "Apache/2.4.62 (Debian) SVN/1.14.2 mod_fcgid/2.3.9 OpenSSL/3.0.16 mod_wsgi/4.9.4 Python/3.11 mod_perl/2.0.12 Perl/v5.36.0 (internal dummy connection)"
::1 - - [28/Sep/2025:00:52:11 +0300] "OPTIONS * HTTP/1.0" 200 126 "-" "Apache/2.4.62 (Debian) SVN/1.14.2 mod_fcgid/2.3.9 OpenSSL/3.0.16 mod_wsgi/4.9.4 Python/3.11 mod_perl/2.0.12 Perl/v5.36.0 (internal dummy connection)"
::1 - - [28/Sep/2025:00:52:12 +0300] "OPTIONS * HTTP/1.0" 200 126 "-" "Apache/2.4.62 (Debian) SVN/1.14.2 mod_fcgid/2.3.9 OpenSSL/3.0.16 mod_wsgi/4.9.4 Python/3.11 mod_perl/2.0.12 Perl/v5.36.0 (internal dummy connection)"
209.38.29.16 - - [28/Sep/2025:00:52:25 +0300] "GET /.env HTTP/1.1" 404 6144 "-" "Mozilla/5.0; Keydrop.io/1.0(onlyscans.com/about);"
209.38.29.16 - - [28/Sep/2025:00:52:26 +0300] "GET / HTTP/1.0" 400 625 "-" "-"
209.38.29.16 - - [28/Sep/2025:00:52:27 +0300] "GET /.git/config HTTP/1.1" 404 6144 "-" "Mozilla/5.0; Keydrop.io/1.0(onlyscans.com/about);"
209.38.29.16 - - [28/Sep/2025:00:52:27 +0300] "GET / HTTP/1.0" 400 625 "-" "-"
::1 - - [28/Sep/2025:00:52:35 +0300] "OPTIONS * HTTP/1.0" 200 126 "-" "Apache/2.4.62 (Debian) SVN/1.14.2 mod_fcgid/2.3.9 OpenSSL/3.0.16 mod_wsgi/4.9.4 Python/3.11 mod_perl/2.0.12 Perl/v5.36.0 (internal dummy connection)"
::1 - - [28/Sep/2025:00:52:39 +0300] "OPTIONS * HTTP/1.0" 200 126 "-" "Apache/2.4.62 (Debian) SVN/1.14.2 mod_fcgid/2.3.9 OpenSSL/3.0.16 mod_wsgi/4.9.4 Python/3.11 mod_perl/2.0.12 Perl/v5.36.0 (internal dummy connection)"
::1 - - [28/Sep/2025:00:52:43 +0300] "OPTIONS * HTTP/1.0" 200 126 "-" "Apache/2.4.62 (Debian) SVN/1.14.2 mod_fcgid/2.3.9 OpenSSL/3.0.16 mod_wsgi/4.9.4 Python/3.11 mod_perl/2.0.12 Perl/v5.36.0 (internal dummy connection)"
::1 - - [28/Sep/2025:00:52:44 +0300] "OPTIONS * HTTP/1.0" 200 126 "-" "Apache/2.4.62 (Debian) SVN/1.14.2 mod_fcgid/2.3.9 OpenSSL/3.0.16 mod_wsgi/4.9.4 Python/3.11 mod_perl/2.0.12 Perl/v5.36.0 (internal dummy connection)"
::1 - - [28/Sep/2025:00:52:56 +0300] "OPTIONS * HTTP/1.0" 200 126 "-" "Apache/2.4.62 (Debian) SVN/1.14.2 mod_fcgid/2.3.9 OpenSSL/3.0.16 mod_wsgi/4.9.4 Python/3.11 mod_perl/2.0.12 Perl/v5.36.0 (internal dummy connection)"
::1 - - [28/Sep/2025:00:52:57 +0300] "OPTIONS * HTTP/1.0" 200 126 "-" "Apache/2.4.62 (Debian) SVN/1.14.2 mod_fcgid/2.3.9 OpenSSL/3.0.16 mod_wsgi/4.9.4 Python/3.11 mod_perl/2.0.12 Perl/v5.36.0 (internal dummy connection)"
::1 - - [28/Sep/2025:00:53:00 +0300] "OPTIONS * HTTP/1.0" 200 126 "-" "Apache/2.4.62 (Debian) SVN/1.14.2 mod_fcgid/2.3.9 OpenSSL/3.0.16 mod_wsgi/4.9.4 Python/3.11 mod_perl/2.0.12 Perl/v5.36.0 (internal dummy connection)"
::1 - - [28/Sep/2025:00:53:01 +0300] "OPTIONS * HTTP/1.0" 200 126 "-" "Apache/2.4.62 (Debian) SVN/1.14.2 mod_fcgid/2.3.9 OpenSSL/3.0.16 mod_wsgi/4.9.4 Python/3.11 mod_perl/2.0.12 Perl/v5.36.0 (internal dummy connection)"
::1 - - [28/Sep/2025:00:53:03 +0300] "OPTIONS * HTTP/1.0" 200 126 "-" "Apache/2.4.62 (Debian) SVN/1.14.2 mod_fcgid/2.3.9 OpenSSL/3.0.16 mod_wsgi/4.9.4 Python/3.11 mod_perl/2.0.12 Perl/v5.36.0 (internal dummy connection)"
40.77.167.55 - - [28/Sep/2025:00:53:16 +0300] "GET /dk/wiki/module/05-introducere-in-programare/lectie-03?do=login&sectok=c7d08d502d70ab46e664a257f20105a0 HTTP/1.1" 500 6685 "-" "Mozilla/5.0 AppleWebKit/537.36 (KHTML, like Gecko; compatible; bingbot/2.0; +http://www.bing.com/bingbot.htm) Chrome/116.0.1938.76 Safari/537.36"
::1 - - [28/Sep/2025:00:53:43 +0300] "OPTIONS * HTTP/1.0" 200 126 "-" "Apache/2.4.62 (Debian) SVN/1.14.2 mod_fcgid/2.3.9 OpenSSL/3.0.16 mod_wsgi/4.9.4 Python/3.11 mod_perl/2.0.12 Perl/v5.36.0 (internal dummy connection)"
::1 - - [28/Sep/2025:00:53:44 +0300] "OPTIONS * HTTP/1.0" 200 126 "-" "Apache/2.4.62 (Debian) SVN/1.14.2 mod_fcgid/2.3.9 OpenSSL/3.0.16 mod_wsgi/4.9.4 Python/3.11 mod_perl/2.0.12 Perl/v5.36.0 (internal dummy connection)"
::1 - - [28/Sep/2025:00:53:45 +0300] "OPTIONS * HTTP/1.0" 200 126 "-" "Apache/2.4.62 (Debian) SVN/1.14.2 mod_fcgid/2.3.9 OpenSSL/3.0.16 mod_wsgi/4.9.4 Python/3.11 mod_perl/2.0.12 Perl/v5.36.0 (internal dummy connection)"
::1 - - [28/Sep/2025:00:53:46 +0300] "OPTIONS * HTTP/1.0" 200 126 "-" "Apache/2.4.62 (Debian) SVN/1.14.2 mod_fcgid/2.3.9 OpenSSL/3.0.16 mod_wsgi/4.9.4 Python/3.11 mod_perl/2.0.12 Perl/v5.36.0 (internal dummy connection)"
::1 - - [28/Sep/2025:00:53:47 +0300] "OPTIONS * HTTP/1.0" 200 126 "-" "Apache/2.4.62 (Debian) SVN/1.14.2 mod_fcgid/2.3.9 OpenSSL/3.0.16 mod_wsgi/4.9.4 Python/3.11 mod_perl/2.0.12 Perl/v5.36.0 (internal dummy connection)"
::1 - - [28/Sep/2025:00:53:48 +0300] "OPTIONS * HTTP/1.0" 200 126 "-" "Apache/2.4.62 (Debian) SVN/1.14.2 mod_fcgid/2.3.9 OpenSSL/3.0.16 mod_wsgi/4.9.4 Python/3.11 mod_perl/2.0.12 Perl/v5.36.0 (internal dummy connection)"
::1 - - [28/Sep/2025:00:53:50 +0300] "OPTIONS * HTTP/1.0" 200 126 "-" "Apache/2.4.62 (Debian) SVN/1.14.2 mod_fcgid/2.3.9 OpenSSL/3.0.16 mod_wsgi/4.9.4 Python/3.11 mod_perl/2.0.12 Perl/v5.36.0 (internal dummy connection)"
::1 - - [28/Sep/2025:00:53:52 +0300] "OPTIONS * HTTP/1.0" 200 126 "-" "Apache/2.4.62 (Debian) SVN/1.14.2 mod_fcgid/2.3.9 OpenSSL/3.0.16 mod_wsgi/4.9.4 Python/3.11 mod_perl/2.0.12 Perl/v5.36.0 (internal dummy connection)"
20.64.105.167 - - [28/Sep/2025:00:54:09 +0300] "GET / HTTP/1.1" 200 6569 "-" "Mozilla/5.0 zgrab/0.x"
::1 - - [28/Sep/2025:00:54:31 +0300] "OPTIONS * HTTP/1.0" 200 126 "-" "Apache/2.4.62 (Debian) SVN/1.14.2 mod_fcgid/2.3.9 OpenSSL/3.0.16 mod_wsgi/4.9.4 Python/3.11 mod_perl/2.0.12 Perl/v5.36.0 (internal dummy connection)"
::1 - - [28/Sep/2025:00:54:33 +0300] "OPTIONS * HTTP/1.0" 200 126 "-" "Apache/2.4.62 (Debian) SVN/1.14.2 mod_fcgid/2.3.9 OpenSSL/3.0.16 mod_wsgi/4.9.4 Python/3.11 mod_perl/2.0.12 Perl/v5.36.0 (internal dummy connection)"
::1 - - [28/Sep/2025:00:54:34 +0300] "OPTIONS * HTTP/1.0" 200 126 "-" "Apache/2.4.62 (Debian) SVN/1.14.2 mod_fcgid/2.3.9 OpenSSL/3.0.16 mod_wsgi/4.9.4 Python/3.11 mod_perl/2.0.12 Perl/v5.36.0 (internal dummy connection)"
::1 - - [28/Sep/2025:00:54:35 +0300] "OPTIONS * HTTP/1.0" 200 126 "-" "Apache/2.4.62 (Debian) SVN/1.14.2 mod_fcgid/2.3.9 OpenSSL/3.0.16 mod_wsgi/4.9.4 Python/3.11 mod_perl/2.0.12 Perl/v5.36.0 (internal dummy connection)"
::1 - - [28/Sep/2025:00:54:44 +0300] "OPTIONS * HTTP/1.0" 200 126 "-" "Apache/2.4.62 (Debian) SVN/1.14.2 mod_fcgid/2.3.9 OpenSSL/3.0.16 mod_wsgi/4.9.4 Python/3.11 mod_perl/2.0.12 Perl/v5.36.0 (internal dummy connection)"
52.167.144.177 - - [28/Sep/2025:00:55:08 +0300] "GET /dk/wiki/module/12-aplicatii-mobile/home?do=login&sectok=001ba4f15ae56a9d48d803733847a6b9 HTTP/1.1" 500 6685 "-" "Mozilla/5.0 AppleWebKit/537.36 (KHTML, like Gecko; compatible; bingbot/2.0; +http://www.bing.com/bingbot.htm) Chrome/116.0.1938.76 Safari/537.36"
::1 - - [28/Sep/2025:00:55:19 +0300] "OPTIONS * HTTP/1.0" 200 126 "-" "Apache/2.4.62 (Debian) SVN/1.14.2 mod_fcgid/2.3.9 OpenSSL/3.0.16 mod_wsgi/4.9.4 Python/3.11 mod_perl/2.0.12 Perl/v5.36.0 (internal dummy connection)"
::1 - - [28/Sep/2025:00:55:20 +0300] "OPTIONS * HTTP/1.0" 200 126 "-" "Apache/2.4.62 (Debian) SVN/1.14.2 mod_fcgid/2.3.9 OpenSSL/3.0.16 mod_wsgi/4.9.4 Python/3.11 mod_perl/2.0.12 Perl/v5.36.0 (internal dummy connection)"
::1 - - [28/Sep/2025:00:55:21 +0300] "OPTIONS * HTTP/1.0" 200 126 "-" "Apache/2.4.62 (Debian) SVN/1.14.2 mod_fcgid/2.3.9 OpenSSL/3.0.16 mod_wsgi/4.9.4 Python/3.11 mod_perl/2.0.12 Perl/v5.36.0 (internal dummy connection)"
::1 - - [28/Sep/2025:00:55:22 +0300] "OPTIONS * HTTP/1.0" 200 126 "-" "Apache/2.4.62 (Debian) SVN/1.14.2 mod_fcgid/2.3.9 OpenSSL/3.0.16 mod_wsgi/4.9.4 Python/3.11 mod_perl/2.0.12 Perl/v5.36.0 (internal dummy connection)"
::1 - - [28/Sep/2025:00:55:29 +0300] "OPTIONS * HTTP/1.0" 200 126 "-" "Apache/2.4.62 (Debian) SVN/1.14.2 mod_fcgid/2.3.9 OpenSSL/3.0.16 mod_wsgi/4.9.4 Python/3.11 mod_perl/2.0.12 Perl/v5.36.0 (internal dummy connection)"
::1 - - [28/Sep/2025:00:55:30 +0300] "OPTIONS * HTTP/1.0" 200 126 "-" "Apache/2.4.62 (Debian) SVN/1.14.2 mod_fcgid/2.3.9 OpenSSL/3.0.16 mod_wsgi/4.9.4 Python/3.11 mod_perl/2.0.12 Perl/v5.36.0 (internal dummy connection)"
171.225.193.132 - - [28/Sep/2025:00:55:42 +0300] "GET /admin/utilizatori/dokuwiki HTTP/1.1" 500 185 "http://koala.cs.pub.ro/" "Mozilla/5.0 (Windows NT 10.0; Win64; x64) AppleWebKit/537.36 (KHTML, like Gecko) Chrome/114.0.0.0 Safari/537.36 Vivaldi/5.3.2679.68"
171.225.193.132 - - [28/Sep/2025:00:55:43 +0300] "GET /admin/utilizatori/dokuwiki HTTP/1.1" 500 185 "http://koala.cs.pub.ro/" "Mozilla/5.0 (Windows NT 10.0; Win64; x64) AppleWebKit/537.36 (KHTML, like Gecko) Chrome/114.0.0.0 Safari/537.36 Vivaldi/5.3.2679.68"
171.225.193.132 - - [28/Sep/2025:00:55:43 +0300] "GET /admin/utilizatori/dokuwiki HTTP/1.1" 500 185 "http://koala.cs.pub.ro/" "Mozilla/5.0 (Windows NT 10.0; Win64; x64) AppleWebKit/537.36 (KHTML, like Gecko) Chrome/114.0.0.0 Safari/537.36 Vivaldi/5.3.2679.68"
85.208.96.193 - - [28/Sep/2025:00:55:46 +0300] "GET /robots.txt HTTP/1.1" 200 1953 "-" "Mozilla/5.0 (compatible; SemrushBot/7~bl; +http://www.semrush.com/bot.html)"
85.208.96.211 - - [28/Sep/2025:00:55:46 +0300] "GET /admin/utilizatori/rosedu HTTP/1.1" 500 185 "-" "Mozilla/5.0 (compatible; SemrushBot/7~bl; +http://www.semrush.com/bot.html)"
::1 - - [28/Sep/2025:00:56:04 +0300] "OPTIONS * HTTP/1.0" 200 126 "-" "Apache/2.4.62 (Debian) SVN/1.14.2 mod_fcgid/2.3.9 OpenSSL/3.0.16 mod_wsgi/4.9.4 Python/3.11 mod_perl/2.0.12 Perl/v5.36.0 (internal dummy connection)"
::1 - - [28/Sep/2025:00:56:05 +0300] "OPTIONS * HTTP/1.0" 200 126 "-" "Apache/2.4.62 (Debian) SVN/1.14.2 mod_fcgid/2.3.9 OpenSSL/3.0.16 mod_wsgi/4.9.4 Python/3.11 mod_perl/2.0.12 Perl/v5.36.0 (internal dummy connection)"
::1 - - [28/Sep/2025:00:56:06 +0300] "OPTIONS * HTTP/1.0" 200 126 "-" "Apache/2.4.62 (Debian) SVN/1.14.2 mod_fcgid/2.3.9 OpenSSL/3.0.16 mod_wsgi/4.9.4 Python/3.11 mod_perl/2.0.12 Perl/v5.36.0 (internal dummy connection)"
::1 - - [28/Sep/2025:00:56:07 +0300] "OPTIONS * HTTP/1.0" 200 126 "-" "Apache/2.4.62 (Debian) SVN/1.14.2 mod_fcgid/2.3.9 OpenSSL/3.0.16 mod_wsgi/4.9.4 Python/3.11 mod_perl/2.0.12 Perl/v5.36.0 (internal dummy connection)"
::1 - - [28/Sep/2025:00:56:08 +0300] "OPTIONS * HTTP/1.0" 200 126 "-" "Apache/2.4.62 (Debian) SVN/1.14.2 mod_fcgid/2.3.9 OpenSSL/3.0.16 mod_wsgi/4.9.4 Python/3.11 mod_perl/2.0.12 Perl/v5.36.0 (internal dummy connection)"
::1 - - [28/Sep/2025:00:56:09 +0300] "OPTIONS * HTTP/1.0" 200 126 "-" "Apache/2.4.62 (Debian) SVN/1.14.2 mod_fcgid/2.3.9 OpenSSL/3.0.16 mod_wsgi/4.9.4 Python/3.11 mod_perl/2.0.12 Perl/v5.36.0 (internal dummy connection)"
::1 - - [28/Sep/2025:00:56:10 +0300] "OPTIONS * HTTP/1.0" 200 126 "-" "Apache/2.4.62 (Debian) SVN/1.14.2 mod_fcgid/2.3.9 OpenSSL/3.0.16 mod_wsgi/4.9.4 Python/3.11 mod_perl/2.0.12 Perl/v5.36.0 (internal dummy connection)"
::1 - - [28/Sep/2025:00:56:12 +0300] "OPTIONS * HTTP/1.0" 200 126 "-" "Apache/2.4.62 (Debian) SVN/1.14.2 mod_fcgid/2.3.9 OpenSSL/3.0.16 mod_wsgi/4.9.4 Python/3.11 mod_perl/2.0.12 Perl/v5.36.0 (internal dummy connection)"
179.43.186.231 - - [28/Sep/2025:00:56:23 +0300] "GET / HTTP/1.1" 200 882 "-" "Mozilla/5.0 (Ubuntu; Linux x86_64) AppleWebKit/537.36 (KHTML, like Gecko) Chrome/129.0.0.0 Safari/537.36"
179.43.186.231 - - [28/Sep/2025:00:56:24 +0300] "GET /admin/index.php HTTP/1.1" 302 189 "-" "Mozilla/5.0 (CentOS; Linux i686) AppleWebKit/537.36 (KHTML, like Gecko) Chrome/126.0.0.0 Safari/537.36"
87.120.191.6 - - [28/Sep/2025:00:56:53 +0300] "GET / HTTP/1.1" 200 919 "-" "Mozilla/5.0 (Windows NT 10.0; Win64; x64) AppleWebKit/537.36 (KHTML, like Gecko) Chrome/90.0.4430.85 Safari/537.36 Edg/90.0.818.46"
::1 - - [28/Sep/2025:00:57:00 +0300] "OPTIONS * HTTP/1.0" 200 126 "-" "Apache/2.4.62 (Debian) SVN/1.14.2 mod_fcgid/2.3.9 OpenSSL/3.0.16 mod_wsgi/4.9.4 Python/3.11 mod_perl/2.0.12 Perl/v5.36.0 (internal dummy connection)"
::1 - - [28/Sep/2025:00:57:02 +0300] "OPTIONS * HTTP/1.0" 200 126 "-" "Apache/2.4.62 (Debian) SVN/1.14.2 mod_fcgid/2.3.9 OpenSSL/3.0.16 mod_wsgi/4.9.4 Python/3.11 mod_perl/2.0.12 Perl/v5.36.0 (internal dummy connection)"
::1 - - [28/Sep/2025:00:57:04 +0300] "OPTIONS * HTTP/1.0" 200 126 "-" "Apache/2.4.62 (Debian) SVN/1.14.2 mod_fcgid/2.3.9 OpenSSL/3.0.16 mod_wsgi/4.9.4 Python/3.11 mod_perl/2.0.12 Perl/v5.36.0 (internal dummy connection)"
40.77.167.11 - - [28/Sep/2025:00:57:09 +0300] "GET /training/wiki/linux-admin/capitole/capitol-01 HTTP/1.1" 500 185 "-" "Mozilla/5.0 AppleWebKit/537.36 (KHTML, like Gecko; compatible; bingbot/2.0; +http://www.bing.com/bingbot.htm) Chrome/116.0.1938.76 Safari/537.36"
51.159.159.73 - - [28/Sep/2025:00:57:18 +0300] "GET /cli/wiki/capitole/capitol-07 HTTP/1.1" 500 185 "http://koala.cs.pub.ro/" "Mozilla/5.0 (Windows NT 10.0; Win64; x64) AppleWebKit/537.36 (KHTML, like Gecko) Chrome/114.0.0.0 YaBrowser/22.7.0 Yowser/2.5 Safari/537.36"
::1 - - [28/Sep/2025:00:57:43 +0300] "OPTIONS * HTTP/1.0" 200 126 "-" "Apache/2.4.62 (Debian) SVN/1.14.2 mod_fcgid/2.3.9 OpenSSL/3.0.16 mod_wsgi/4.9.4 Python/3.11 mod_perl/2.0.12 Perl/v5.36.0 (internal dummy connection)"
::1 - - [28/Sep/2025:00:57:44 +0300] "OPTIONS * HTTP/1.0" 200 126 "-" "Apache/2.4.62 (Debian) SVN/1.14.2 mod_fcgid/2.3.9 OpenSSL/3.0.16 mod_wsgi/4.9.4 Python/3.11 mod_perl/2.0.12 Perl/v5.36.0 (internal dummy connection)"
::1 - - [28/Sep/2025:00:57:45 +0300] "OPTIONS * HTTP/1.0" 200 126 "-" "Apache/2.4.62 (Debian) SVN/1.14.2 mod_fcgid/2.3.9 OpenSSL/3.0.16 mod_wsgi/4.9.4 Python/3.11 mod_perl/2.0.12 Perl/v5.36.0 (internal dummy connection)"
