93.152.210.169 - - [28/Sep/2025:03:46:56 +0300] "GET /dk/wiki/module/02-aplicatii-internet/lectia-01 HTTP/1.1" 500 185 "http://koala.cs.pub.ro/" "Mozilla/5.0 (Windows NT 10.0; Win64; x64) AppleWebKit/537.36 (KHTML, like Gecko) Chrome/114.0.0.0 Safari/537.36"
46.250.175.6 - - [28/Sep/2025:03:47:30 +0300] "GET /?C=M;O=A HTTP/1.1" 200 7326 "-" "Mozilla/5.0 (Windows NT 10.0; Win64; x64) AppleWebKit/537.36 (KHTML, like Gecko) Chrome/130.0.0.0 Safari/537.36"
::1 - - [28/Sep/2025:03:47:33 +0300] "OPTIONS * HTTP/1.0" 200 126 "-" "Apache/2.4.62 (Debian) SVN/1.14.2 mod_fcgid/2.3.9 OpenSSL/3.0.16 mod_wsgi/4.9.4 Python/3.11 mod_perl/2.0.12 Perl/v5.36.0 (internal dummy connection)"
::1 - - [28/Sep/2025:03:47:57 +0300] "OPTIONS * HTTP/1.0" 200 126 "-" "Apache/2.4.62 (Debian) SVN/1.14.2 mod_fcgid/2.3.9 OpenSSL/3.0.16 mod_wsgi/4.9.4 Python/3.11 mod_perl/2.0.12 Perl/v5.36.0 (internal dummy connection)"
::1 - - [28/Sep/2025:03:47:58 +0300] "OPTIONS * HTTP/1.0" 200 126 "-" "Apache/2.4.62 (Debian) SVN/1.14.2 mod_fcgid/2.3.9 OpenSSL/3.0.16 mod_wsgi/4.9.4 Python/3.11 mod_perl/2.0.12 Perl/v5.36.0 (internal dummy connection)"
::1 - - [28/Sep/2025:03:49:00 +0300] "OPTIONS * HTTP/1.0" 200 126 "-" "Apache/2.4.62 (Debian) SVN/1.14.2 mod_fcgid/2.3.9 OpenSSL/3.0.16 mod_wsgi/4.9.4 Python/3.11 mod_perl/2.0.12 Perl/v5.36.0 (internal dummy connection)"
::1 - - [28/Sep/2025:03:50:09 +0300] "OPTIONS * HTTP/1.0" 200 126 "-" "Apache/2.4.62 (Debian) SVN/1.14.2 mod_fcgid/2.3.9 OpenSSL/3.0.16 mod_wsgi/4.9.4 Python/3.11 mod_perl/2.0.12 Perl/v5.36.0 (internal dummy connection)"
::1 - - [28/Sep/2025:03:51:57 +0300] "OPTIONS * HTTP/1.0" 200 126 "-" "Apache/2.4.62 (Debian) SVN/1.14.2 mod_fcgid/2.3.9 OpenSSL/3.0.16 mod_wsgi/4.9.4 Python/3.11 mod_perl/2.0.12 Perl/v5.36.0 (internal dummy connection)"
52.167.144.147 - - [28/Sep/2025:03:52:13 +0300] "GET /dk/wiki/module/07-bucle-in-programare/lectia-04?tab_details=history&do=media&tab_files=files&image=module%3A04-logica-matematica-geometrie%3A04-01-khan-coordonate.png&ns=wiki HTTP/1.1" 500 185 "-" "Mozilla/5.0 AppleWebKit/537.36 (KHTML, like Gecko; compatible; bingbot/2.0; +http://www.bing.com/bingbot.htm) Chrome/116.0.1938.76 Safari/537.36"
::1 - - [28/Sep/2025:03:52:22 +0300] "OPTIONS * HTTP/1.0" 200 126 "-" "Apache/2.4.62 (Debian) SVN/1.14.2 mod_fcgid/2.3.9 OpenSSL/3.0.16 mod_wsgi/4.9.4 Python/3.11 mod_perl/2.0.12 Perl/v5.36.0 (internal dummy connection)"
::1 - - [28/Sep/2025:03:53:01 +0300] "OPTIONS * HTTP/1.0" 200 126 "-" "Apache/2.4.62 (Debian) SVN/1.14.2 mod_fcgid/2.3.9 OpenSSL/3.0.16 mod_wsgi/4.9.4 Python/3.11 mod_perl/2.0.12 Perl/v5.36.0 (internal dummy connection)"
::1 - - [28/Sep/2025:03:53:10 +0300] "OPTIONS * HTTP/1.0" 200 126 "-" "Apache/2.4.62 (Debian) SVN/1.14.2 mod_fcgid/2.3.9 OpenSSL/3.0.16 mod_wsgi/4.9.4 Python/3.11 mod_perl/2.0.12 Perl/v5.36.0 (internal dummy connection)"
46.250.170.177 - - [28/Sep/2025:03:53:15 +0300] "GET /private/ HTTP/1.1" 200 707 "-" "Mozilla/5.0 (Windows NT 10.0; Win64; x64) AppleWebKit/537.36 (KHTML, like Gecko) Chrome/128.0.0.0 Safari/537.36"
::1 - - [28/Sep/2025:03:53:39 +0300] "OPTIONS * HTTP/1.0" 200 126 "-" "Apache/2.4.62 (Debian) SVN/1.14.2 mod_fcgid/2.3.9 OpenSSL/3.0.16 mod_wsgi/4.9.4 Python/3.11 mod_perl/2.0.12 Perl/v5.36.0 (internal dummy connection)"
61.79.72.201 - - [28/Sep/2025:03:53:56 +0300] "GET //cli/wiki/capitole/capitol-07 HTTP/1.0" 500 185 "http://koala.cs.pub.ro/" "Mozilla/5.0 (Macintosh; Intel Mac OS X 12_5) AppleWebKit/605.1.15 (KHTML, like Gecko) Version/15.4 Safari/605.1.15"
123.30.154.171 - - [28/Sep/2025:03:53:58 +0300] "GET /cli/wiki/capitole/capitol-07 HTTP/1.0" 500 185 "http://koala.cs.pub.ro/" "Mozilla/5.0 (Macintosh; Intel Mac OS X 12_5) AppleWebKit/605.1.15 (KHTML, like Gecko) Version/15.4 Safari/605.1.15"
222.59.173.105 - - [28/Sep/2025:03:54:01 +0300] "GET /cli/wiki/capitole/capitol-07 HTTP/1.1" 500 185 "http://koala.cs.pub.ro/" "Mozilla/5.0 (Macintosh; Intel Mac OS X 12_5) AppleWebKit/605.1.15 (KHTML, like Gecko) Version/15.4 Safari/605.1.15"
::1 - - [28/Sep/2025:03:54:06 +0300] "OPTIONS * HTTP/1.0" 200 126 "-" "Apache/2.4.62 (Debian) SVN/1.14.2 mod_fcgid/2.3.9 OpenSSL/3.0.16 mod_wsgi/4.9.4 Python/3.11 mod_perl/2.0.12 Perl/v5.36.0 (internal dummy connection)"
188.239.15.12 - - [28/Sep/2025:03:54:50 +0300] "GET /d4s.html HTTP/1.1" 200 6893 "-" "Mozilla/5.0 (Windows NT 10.0; Win64; x64) AppleWebKit/537.36 (KHTML, like Gecko) Chrome/132.0.0.0 Safari/537.36"
::1 - - [28/Sep/2025:03:54:53 +0300] "OPTIONS * HTTP/1.0" 200 126 "-" "Apache/2.4.62 (Debian) SVN/1.14.2 mod_fcgid/2.3.9 OpenSSL/3.0.16 mod_wsgi/4.9.4 Python/3.11 mod_perl/2.0.12 Perl/v5.36.0 (internal dummy connection)"
::1 - - [28/Sep/2025:03:54:55 +0300] "OPTIONS * HTTP/1.0" 200 126 "-" "Apache/2.4.62 (Debian) SVN/1.14.2 mod_fcgid/2.3.9 OpenSSL/3.0.16 mod_wsgi/4.9.4 Python/3.11 mod_perl/2.0.12 Perl/v5.36.0 (internal dummy connection)"
185.242.226.112 - - [28/Sep/2025:03:55:30 +0300] "GET / HTTP/1.1" 200 862 "-" "Mozilla/5.0 (Windows NT 10.0; Win64; x64) AppleWebKit/537.36 (KHTML, like Gecko) Chrome/88.0.4324.190 Safari/537.36"
::1 - - [28/Sep/2025:03:56:12 +0300] "OPTIONS * HTTP/1.0" 200 126 "-" "Apache/2.4.62 (Debian) SVN/1.14.2 mod_fcgid/2.3.9 OpenSSL/3.0.16 mod_wsgi/4.9.4 Python/3.11 mod_perl/2.0.12 Perl/v5.36.0 (internal dummy connection)"
66.249.64.169 - - [28/Sep/2025:03:56:37 +0300] "GET /trac/cgi-bin/trac.wsgi HTTP/1.1" 200 1688 "-" "Mozilla/5.0 (Linux; Android 6.0.1; Nexus 5X Build/MMB29P) AppleWebKit/537.36 (KHTML, like Gecko) Chrome/139.0.7258.127 Mobile Safari/537.36 (compatible; GoogleOther)"
::1 - - [28/Sep/2025:03:57:16 +0300] "OPTIONS * HTTP/1.0" 200 126 "-" "Apache/2.4.62 (Debian) SVN/1.14.2 mod_fcgid/2.3.9 OpenSSL/3.0.16 mod_wsgi/4.9.4 Python/3.11 mod_perl/2.0.12 Perl/v5.36.0 (internal dummy connection)"
::1 - - [28/Sep/2025:03:57:18 +0300] "OPTIONS * HTTP/1.0" 200 126 "-" "Apache/2.4.62 (Debian) SVN/1.14.2 mod_fcgid/2.3.9 OpenSSL/3.0.16 mod_wsgi/4.9.4 Python/3.11 mod_perl/2.0.12 Perl/v5.36.0 (internal dummy connection)"
::1 - - [28/Sep/2025:03:58:36 +0300] "OPTIONS * HTTP/1.0" 200 126 "-" "Apache/2.4.62 (Debian) SVN/1.14.2 mod_fcgid/2.3.9 OpenSSL/3.0.16 mod_wsgi/4.9.4 Python/3.11 mod_perl/2.0.12 Perl/v5.36.0 (internal dummy connection)"
35.203.210.108 - - [28/Sep/2025:03:58:40 +0300] "GET / HTTP/1.1" 200 7189 "-" "Hello from Palo Alto Networks, find out more about our scans in https://docs-cortex.paloaltonetworks.com/r/1/Cortex-Xpanse/Scanning-activity"
::1 - - [28/Sep/2025:03:58:41 +0300] "OPTIONS * HTTP/1.0" 200 126 "-" "Apache/2.4.62 (Debian) SVN/1.14.2 mod_fcgid/2.3.9 OpenSSL/3.0.16 mod_wsgi/4.9.4 Python/3.11 mod_perl/2.0.12 Perl/v5.36.0 (internal dummy connection)"
::1 - - [28/Sep/2025:03:58:56 +0300] "OPTIONS * HTTP/1.0" 200 126 "-" "Apache/2.4.62 (Debian) SVN/1.14.2 mod_fcgid/2.3.9 OpenSSL/3.0.16 mod_wsgi/4.9.4 Python/3.11 mod_perl/2.0.12 Perl/v5.36.0 (internal dummy connection)"
::1 - - [28/Sep/2025:03:59:19 +0300] "OPTIONS * HTTP/1.0" 200 126 "-" "Apache/2.4.62 (Debian) SVN/1.14.2 mod_fcgid/2.3.9 OpenSSL/3.0.16 mod_wsgi/4.9.4 Python/3.11 mod_perl/2.0.12 Perl/v5.36.0 (internal dummy connection)"
34.168.24.78 - - [28/Sep/2025:03:59:19 +0300] "GET / HTTP/1.1" 200 423 "-" "Mozilla/5.0 (Windows NT 10.0; Win64; x64; rv:109.0) Gecko/20100101 Firefox/118.0"
34.168.24.78 - - [28/Sep/2025:03:59:19 +0300] "GET / HTTP/1.1" 200 4592 "-" "Mozilla/5.0 (Windows NT 10.0; Win64; x64; rv:109.0) Gecko/20100101 Firefox/118.0"
34.168.24.78 - - [28/Sep/2025:03:59:20 +0300] "GET /favicon.ico HTTP/1.1" 404 463 "-" "Mozilla/5.0 (Windows NT 10.0; Win64; x64; rv:109.0) Gecko/20100101 Firefox/118.0"
34.168.24.78 - - [28/Sep/2025:03:59:20 +0300] "GET /favicon.ico HTTP/1.1" 404 4633 "-" "Mozilla/5.0 (Windows NT 10.0; Win64; x64; rv:109.0) Gecko/20100101 Firefox/118.0"
::1 - - [28/Sep/2025:03:59:29 +0300] "OPTIONS * HTTP/1.0" 200 126 "-" "Apache/2.4.62 (Debian) SVN/1.14.2 mod_fcgid/2.3.9 OpenSSL/3.0.16 mod_wsgi/4.9.4 Python/3.11 mod_perl/2.0.12 Perl/v5.36.0 (internal dummy connection)"
196.51.100.72 - - [28/Sep/2025:04:00:47 +0300] "GET /dk/wiki/module/02-aplicatii-internet/lectia-01 HTTP/1.1" 500 185 "http://koala.cs.pub.ro/" "Mozilla/5.0 (Macintosh; Intel Mac OS X 12_5) AppleWebKit/537.36 (KHTML, like Gecko) Chrome/114.0.0.0 Safari/537.36 Vivaldi/5.3.2679.68"
118.101.240.221 - - [28/Sep/2025:04:00:48 +0300] "GET /go/admin/install.php HTTP/1.0" 503 3075 "http://koala.cs.pub.ro/" "Mozilla/5.0 (Macintosh; Intel Mac OS X 12_5) AppleWebKit/537.36 (KHTML, like Gecko) Chrome/114.0.0.0 Safari/537.36 OPR/89.0.4447.51"
196.51.99.136 - - [28/Sep/2025:04:00:48 +0300] "GET /dk/wiki/module/02-aplicatii-internet/lectia-01 HTTP/1.1" 500 185 "http://koala.cs.pub.ro/" "Mozilla/5.0 (Macintosh; Intel Mac OS X 12_5) AppleWebKit/537.36 (KHTML, like Gecko) Chrome/114.0.0.0 Safari/537.36 Vivaldi/5.3.2679.68"
196.51.98.53 - - [28/Sep/2025:04:00:49 +0300] "GET /dk/wiki/module/02-aplicatii-internet/lectia-01 HTTP/1.1" 500 185 "http://koala.cs.pub.ro/" "Mozilla/5.0 (Macintosh; Intel Mac OS X 12_5) AppleWebKit/537.36 (KHTML, like Gecko) Chrome/114.0.0.0 Safari/537.36 Vivaldi/5.3.2679.68"
91.228.196.69 - - [28/Sep/2025:04:00:53 +0300] "GET /favicon.ico HTTP/1.1" 404 495 "-" "Mozilla/5.0 (Windows NT 10.0; Win64; x64) AppleWebKit/537.36 (KHTML, like Gecko) Chrome/136.0.0.0 Safari/537.36"
91.228.196.69 - - [28/Sep/2025:04:00:54 +0300] "GET /favicon.png HTTP/1.1" 404 495 "-" "Mozilla/5.0 (Windows NT 10.0; Win64; x64) AppleWebKit/537.36 (KHTML, like Gecko) Chrome/136.0.0.0 Safari/537.36"
91.228.196.69 - - [28/Sep/2025:04:00:54 +0300] "GET / HTTP/1.1" 200 7283 "-" "Mozilla/5.0 (Windows NT 10.0; Win64; x64) AppleWebKit/537.36 (KHTML, like Gecko) Chrome/136.0.0.0 Safari/537.36"
::1 - - [28/Sep/2025:04:02:08 +0300] "OPTIONS * HTTP/1.0" 200 126 "-" "Apache/2.4.62 (Debian) SVN/1.14.2 mod_fcgid/2.3.9 OpenSSL/3.0.16 mod_wsgi/4.9.4 Python/3.11 mod_perl/2.0.12 Perl/v5.36.0 (internal dummy connection)"
::1 - - [28/Sep/2025:04:02:09 +0300] "OPTIONS * HTTP/1.0" 200 126 "-" "Apache/2.4.62 (Debian) SVN/1.14.2 mod_fcgid/2.3.9 OpenSSL/3.0.16 mod_wsgi/4.9.4 Python/3.11 mod_perl/2.0.12 Perl/v5.36.0 (internal dummy connection)"
::1 - - [28/Sep/2025:04:02:11 +0300] "OPTIONS * HTTP/1.0" 200 126 "-" "Apache/2.4.62 (Debian) SVN/1.14.2 mod_fcgid/2.3.9 OpenSSL/3.0.16 mod_wsgi/4.9.4 Python/3.11 mod_perl/2.0.12 Perl/v5.36.0 (internal dummy connection)"
36.150.60.24 - - [28/Sep/2025:04:02:18 +0300] "GET / HTTP/1.1" 200 920 "-" "Dalvik/2.1.0 (Linux; U; Android 9.0; ZTE BA520 Build/MRA58K)"
188.24.115.164 - - [28/Sep/2025:04:02:46 +0300] "-" 408 6242 "-" "-"
::1 - - [28/Sep/2025:04:03:21 +0300] "OPTIONS * HTTP/1.0" 200 126 "-" "Apache/2.4.62 (Debian) SVN/1.14.2 mod_fcgid/2.3.9 OpenSSL/3.0.16 mod_wsgi/4.9.4 Python/3.11 mod_perl/2.0.12 Perl/v5.36.0 (internal dummy connection)"
204.76.203.206 - - [28/Sep/2025:04:03:46 +0300] "GET / HTTP/1.1" 200 919 "-" "Mozilla/5.0 (Windows NT 10.0; Win64; x64) AppleWebKit/537.36 (KHTML, like Gecko) Chrome/90.0.4430.85 Safari/537.36 Edg/90.0.818.46"
::1 - - [28/Sep/2025:04:03:53 +0300] "OPTIONS * HTTP/1.0" 200 126 "-" "Apache/2.4.62 (Debian) SVN/1.14.2 mod_fcgid/2.3.9 OpenSSL/3.0.16 mod_wsgi/4.9.4 Python/3.11 mod_perl/2.0.12 Perl/v5.36.0 (internal dummy connection)"
::1 - - [28/Sep/2025:04:03:56 +0300] "OPTIONS * HTTP/1.0" 200 126 "-" "Apache/2.4.62 (Debian) SVN/1.14.2 mod_fcgid/2.3.9 OpenSSL/3.0.16 mod_wsgi/4.9.4 Python/3.11 mod_perl/2.0.12 Perl/v5.36.0 (internal dummy connection)"
::1 - - [28/Sep/2025:04:03:57 +0300] "OPTIONS * HTTP/1.0" 200 126 "-" "Apache/2.4.62 (Debian) SVN/1.14.2 mod_fcgid/2.3.9 OpenSSL/3.0.16 mod_wsgi/4.9.4 Python/3.11 mod_perl/2.0.12 Perl/v5.36.0 (internal dummy connection)"
::1 - - [28/Sep/2025:04:03:58 +0300] "OPTIONS * HTTP/1.0" 200 126 "-" "Apache/2.4.62 (Debian) SVN/1.14.2 mod_fcgid/2.3.9 OpenSSL/3.0.16 mod_wsgi/4.9.4 Python/3.11 mod_perl/2.0.12 Perl/v5.36.0 (internal dummy connection)"
::1 - - [28/Sep/2025:04:03:59 +0300] "OPTIONS * HTTP/1.0" 200 126 "-" "Apache/2.4.62 (Debian) SVN/1.14.2 mod_fcgid/2.3.9 OpenSSL/3.0.16 mod_wsgi/4.9.4 Python/3.11 mod_perl/2.0.12 Perl/v5.36.0 (internal dummy connection)"
::1 - - [28/Sep/2025:04:04:00 +0300] "OPTIONS * HTTP/1.0" 200 126 "-" "Apache/2.4.62 (Debian) SVN/1.14.2 mod_fcgid/2.3.9 OpenSSL/3.0.16 mod_wsgi/4.9.4 Python/3.11 mod_perl/2.0.12 Perl/v5.36.0 (internal dummy connection)"
::1 - - [28/Sep/2025:04:04:02 +0300] "OPTIONS * HTTP/1.0" 200 126 "-" "Apache/2.4.62 (Debian) SVN/1.14.2 mod_fcgid/2.3.9 OpenSSL/3.0.16 mod_wsgi/4.9.4 Python/3.11 mod_perl/2.0.12 Perl/v5.36.0 (internal dummy connection)"
::1 - - [28/Sep/2025:04:04:03 +0300] "OPTIONS * HTTP/1.0" 200 126 "-" "Apache/2.4.62 (Debian) SVN/1.14.2 mod_fcgid/2.3.9 OpenSSL/3.0.16 mod_wsgi/4.9.4 Python/3.11 mod_perl/2.0.12 Perl/v5.36.0 (internal dummy connection)"
52.167.144.158 - - [28/Sep/2025:04:04:13 +0300] "GET /dk/wiki/module/07-bucle-in-programare/lectia-05?do=login&sectok=15ce925943a16abb1e7f49578e26f943 HTTP/1.1" 500 6685 "-" "Mozilla/5.0 AppleWebKit/537.36 (KHTML, like Gecko; compatible; bingbot/2.0; +http://www.bing.com/bingbot.htm) Chrome/116.0.1938.76 Safari/537.36"
87.120.191.6 - - [28/Sep/2025:04:04:49 +0300] "GET / HTTP/1.1" 200 919 "-" "Mozilla/5.0 (Windows NT 10.0; Win64; x64) AppleWebKit/537.36 (KHTML, like Gecko) Chrome/90.0.4430.85 Safari/537.36 Edg/90.0.818.46"
::1 - - [28/Sep/2025:04:05:00 +0300] "OPTIONS * HTTP/1.0" 200 126 "-" "Apache/2.4.62 (Debian) SVN/1.14.2 mod_fcgid/2.3.9 OpenSSL/3.0.16 mod_wsgi/4.9.4 Python/3.11 mod_perl/2.0.12 Perl/v5.36.0 (internal dummy connection)"
::1 - - [28/Sep/2025:04:05:05 +0300] "OPTIONS * HTTP/1.0" 200 126 "-" "Apache/2.4.62 (Debian) SVN/1.14.2 mod_fcgid/2.3.9 OpenSSL/3.0.16 mod_wsgi/4.9.4 Python/3.11 mod_perl/2.0.12 Perl/v5.36.0 (internal dummy connection)"
::1 - - [28/Sep/2025:04:05:07 +0300] "OPTIONS * HTTP/1.0" 200 126 "-" "Apache/2.4.62 (Debian) SVN/1.14.2 mod_fcgid/2.3.9 OpenSSL/3.0.16 mod_wsgi/4.9.4 Python/3.11 mod_perl/2.0.12 Perl/v5.36.0 (internal dummy connection)"
::1 - - [28/Sep/2025:04:05:09 +0300] "OPTIONS * HTTP/1.0" 200 126 "-" "Apache/2.4.62 (Debian) SVN/1.14.2 mod_fcgid/2.3.9 OpenSSL/3.0.16 mod_wsgi/4.9.4 Python/3.11 mod_perl/2.0.12 Perl/v5.36.0 (internal dummy connection)"
::1 - - [28/Sep/2025:04:05:20 +0300] "OPTIONS * HTTP/1.0" 200 126 "-" "Apache/2.4.62 (Debian) SVN/1.14.2 mod_fcgid/2.3.9 OpenSSL/3.0.16 mod_wsgi/4.9.4 Python/3.11 mod_perl/2.0.12 Perl/v5.36.0 (internal dummy connection)"
221.178.143.70 - - [28/Sep/2025:04:05:21 +0300] "GET / HTTP/1.1" 200 920 "-" "Dalvik/2.1.0 (Linux; U; Android 9.0; ZTE BA520 Build/MRA58K)"
::1 - - [28/Sep/2025:04:05:36 +0300] "OPTIONS * HTTP/1.0" 200 126 "-" "Apache/2.4.62 (Debian) SVN/1.14.2 mod_fcgid/2.3.9 OpenSSL/3.0.16 mod_wsgi/4.9.4 Python/3.11 mod_perl/2.0.12 Perl/v5.36.0 (internal dummy connection)"
36.150.60.24 - - [28/Sep/2025:04:05:37 +0300] "GET / HTTP/1.1" 200 920 "-" "Mozilla/5.0 (Macintosh; Intel Mac OS X 10_11) AppleWebKit/601.1.27 (KHTML, like Gecko) Chrome/47.0.2526.106 Safari/601.1.27"
::1 - - [28/Sep/2025:04:05:38 +0300] "OPTIONS * HTTP/1.0" 200 126 "-" "Apache/2.4.62 (Debian) SVN/1.14.2 mod_fcgid/2.3.9 OpenSSL/3.0.16 mod_wsgi/4.9.4 Python/3.11 mod_perl/2.0.12 Perl/v5.36.0 (internal dummy connection)"
52.167.144.158 - - [28/Sep/2025:04:05:44 +0300] "GET /dk/wiki/module/07-bucle-in-programare/lectia-04?do=login&sectok=f95529a5ddb5c62cc7a223765f0ee77f HTTP/1.1" 500 6685 "-" "Mozilla/5.0 AppleWebKit/537.36 (KHTML, like Gecko; compatible; bingbot/2.0; +http://www.bing.com/bingbot.htm) Chrome/116.0.1938.76 Safari/537.36"
36.150.60.24 - - [28/Sep/2025:04:05:49 +0300] "GET / HTTP/1.1" 200 920 "-" "Mozilla/5.0 (Linux; U; Android 7.0; zh-CN; BLN-AL40 Build/HONORBLN-AL40) AppleWebKit/537.36 (KHTML, like Gecko) Version/4.0 Chrome/57.0.2987.108 UCBrowser/11.8.0.960 UWS/2.12.1.18 Mobile Safari/537.36 AliApp(TB/7.5.4) UCBS/2.11.1.1 WindVane/8.3.0 1080X1812"
52.167.144.158 - - [28/Sep/2025:04:05:54 +0300] "GET /dk/wiki/module/02-aplicatii-internet/lectia-02?tab_files=files&do=media&tab_details=history&image=module%3A05-introducere-in-programare%3Am05-l03-conditie-culoare.png&ns=module%2F05-introducere-in-programare HTTP/1.1" 500 185 "-" "Mozilla/5.0 AppleWebKit/537.36 (KHTML, like Gecko; compatible; bingbot/2.0; +http://www.bing.com/bingbot.htm) Chrome/116.0.1938.76 Safari/537.36"
::1 - - [28/Sep/2025:04:06:05 +0300] "OPTIONS * HTTP/1.0" 200 126 "-" "Apache/2.4.62 (Debian) SVN/1.14.2 mod_fcgid/2.3.9 OpenSSL/3.0.16 mod_wsgi/4.9.4 Python/3.11 mod_perl/2.0.12 Perl/v5.36.0 (internal dummy connection)"
::1 - - [28/Sep/2025:04:06:13 +0300] "OPTIONS * HTTP/1.0" 200 126 "-" "Apache/2.4.62 (Debian) SVN/1.14.2 mod_fcgid/2.3.9 OpenSSL/3.0.16 mod_wsgi/4.9.4 Python/3.11 mod_perl/2.0.12 Perl/v5.36.0 (internal dummy connection)"
::1 - - [28/Sep/2025:04:06:17 +0300] "OPTIONS * HTTP/1.0" 200 126 "-" "Apache/2.4.62 (Debian) SVN/1.14.2 mod_fcgid/2.3.9 OpenSSL/3.0.16 mod_wsgi/4.9.4 Python/3.11 mod_perl/2.0.12 Perl/v5.36.0 (internal dummy connection)"
::1 - - [28/Sep/2025:04:06:22 +0300] "OPTIONS * HTTP/1.0" 200 126 "-" "Apache/2.4.62 (Debian) SVN/1.14.2 mod_fcgid/2.3.9 OpenSSL/3.0.16 mod_wsgi/4.9.4 Python/3.11 mod_perl/2.0.12 Perl/v5.36.0 (internal dummy connection)"
::1 - - [28/Sep/2025:04:06:31 +0300] "OPTIONS * HTTP/1.0" 200 126 "-" "Apache/2.4.62 (Debian) SVN/1.14.2 mod_fcgid/2.3.9 OpenSSL/3.0.16 mod_wsgi/4.9.4 Python/3.11 mod_perl/2.0.12 Perl/v5.36.0 (internal dummy connection)"
52.167.144.19 - - [28/Sep/2025:04:06:38 +0300] "GET /dk/wiki/home?do=login&sectok=b31220f98e9c2cdcb0a60459e15a4d43 HTTP/1.1" 500 6685 "-" "Mozilla/5.0 AppleWebKit/537.36 (KHTML, like Gecko; compatible; bingbot/2.0; +http://www.bing.com/bingbot.htm) Chrome/116.0.1938.76 Safari/537.36"
::1 - - [28/Sep/2025:04:06:59 +0300] "OPTIONS * HTTP/1.0" 200 126 "-" "Apache/2.4.62 (Debian) SVN/1.14.2 mod_fcgid/2.3.9 OpenSSL/3.0.16 mod_wsgi/4.9.4 Python/3.11 mod_perl/2.0.12 Perl/v5.36.0 (internal dummy connection)"
66.249.66.9 - - [28/Sep/2025:04:07:54 +0300] "GET /dk/wiki/_detail/module/07-bucle-in-programare/earth_sprite.png?id=module%3A07-bucle-in-programare%3Alectia-01 HTTP/1.1" 500 185 "-" "Googlebot-Image/1.0"
185.244.104.2 - - [28/Sep/2025:04:07:56 +0300] "PROPFIND / HTTP/1.1" 405 6851 "http://141.85.227.114:443/" "-"
::1 - - [28/Sep/2025:04:08:52 +0300] "OPTIONS * HTTP/1.0" 200 126 "-" "Apache/2.4.62 (Debian) SVN/1.14.2 mod_fcgid/2.3.9 OpenSSL/3.0.16 mod_wsgi/4.9.4 Python/3.11 mod_perl/2.0.12 Perl/v5.36.0 (internal dummy connection)"
::1 - - [28/Sep/2025:04:08:54 +0300] "OPTIONS * HTTP/1.0" 200 126 "-" "Apache/2.4.62 (Debian) SVN/1.14.2 mod_fcgid/2.3.9 OpenSSL/3.0.16 mod_wsgi/4.9.4 Python/3.11 mod_perl/2.0.12 Perl/v5.36.0 (internal dummy connection)"
66.249.64.169 - - [28/Sep/2025:04:09:28 +0300] "GET /robots.txt HTTP/1.1" 200 1991 "-" "Mozilla/5.0 (Linux; Android 6.0.1; Nexus 5X Build/MMB29P) AppleWebKit/537.36 (KHTML, like Gecko) Chrome/139.0.7258.127 Mobile Safari/537.36 (compatible; GoogleOther)"
47.130.69.52 - - [28/Sep/2025:04:09:38 +0300] "GET /dk/wiki/_media/module/01-utilizare-so/31dk.jpg?w=67&h=53&t=1393532670&tok=946ade HTTP/1.1" 500 6594 "-" "Mozilla/5.0 (compatible; crawler)"
::1 - - [28/Sep/2025:04:09:48 +0300] "OPTIONS * HTTP/1.0" 200 126 "-" "Apache/2.4.62 (Debian) SVN/1.14.2 mod_fcgid/2.3.9 OpenSSL/3.0.16 mod_wsgi/4.9.4 Python/3.11 mod_perl/2.0.12 Perl/v5.36.0 (internal dummy connection)"
::1 - - [28/Sep/2025:04:09:53 +0300] "OPTIONS * HTTP/1.0" 200 126 "-" "Apache/2.4.62 (Debian) SVN/1.14.2 mod_fcgid/2.3.9 OpenSSL/3.0.16 mod_wsgi/4.9.4 Python/3.11 mod_perl/2.0.12 Perl/v5.36.0 (internal dummy connection)"
::1 - - [28/Sep/2025:04:09:59 +0300] "OPTIONS * HTTP/1.0" 200 126 "-" "Apache/2.4.62 (Debian) SVN/1.14.2 mod_fcgid/2.3.9 OpenSSL/3.0.16 mod_wsgi/4.9.4 Python/3.11 mod_perl/2.0.12 Perl/v5.36.0 (internal dummy connection)"
110.238.109.166 - - [28/Sep/2025:04:10:23 +0300] "GET /noaccess-robots.txt HTTP/1.1" 200 6652 "-" "Mozilla/5.0 (Windows NT 10.0; Win64; x64) AppleWebKit/537.36 (KHTML, like Gecko) Chrome/131.0.0.0 Safari/537.36"
40.77.167.241 - - [28/Sep/2025:04:10:29 +0300] "GET /dk/wiki/module/10-functii-si-rutine/home?ns=module%2F03-multimedia&tab_files=files&do=media&tab_details=view&image=module%3A08-liste-si-vectori%3Am08-l03-e08.png HTTP/1.1" 500 6685 "-" "Mozilla/5.0 AppleWebKit/537.36 (KHTML, like Gecko; compatible; bingbot/2.0; +http://www.bing.com/bingbot.htm) Chrome/116.0.1938.76 Safari/537.36"
::1 - - [28/Sep/2025:04:10:34 +0300] "OPTIONS * HTTP/1.0" 200 126 "-" "Apache/2.4.62 (Debian) SVN/1.14.2 mod_fcgid/2.3.9 OpenSSL/3.0.16 mod_wsgi/4.9.4 Python/3.11 mod_perl/2.0.12 Perl/v5.36.0 (internal dummy connection)"
::1 - - [28/Sep/2025:04:10:36 +0300] "OPTIONS * HTTP/1.0" 200 126 "-" "Apache/2.4.62 (Debian) SVN/1.14.2 mod_fcgid/2.3.9 OpenSSL/3.0.16 mod_wsgi/4.9.4 Python/3.11 mod_perl/2.0.12 Perl/v5.36.0 (internal dummy connection)"
::1 - - [28/Sep/2025:04:10:45 +0300] "OPTIONS * HTTP/1.0" 200 126 "-" "Apache/2.4.62 (Debian) SVN/1.14.2 mod_fcgid/2.3.9 OpenSSL/3.0.16 mod_wsgi/4.9.4 Python/3.11 mod_perl/2.0.12 Perl/v5.36.0 (internal dummy connection)"
204.76.203.155 - - [28/Sep/2025:04:10:45 +0300] "GET / HTTP/1.1" 200 919 "-" "Mozilla/5.0 (Windows NT 10.0; Win64; x64) AppleWebKit/537.36 (KHTML, like Gecko) Chrome/90.0.4430.85 Safari/537.36 Edg/90.0.818.46"
::1 - - [28/Sep/2025:04:10:58 +0300] "OPTIONS * HTTP/1.0" 200 126 "-" "Apache/2.4.62 (Debian) SVN/1.14.2 mod_fcgid/2.3.9 OpenSSL/3.0.16 mod_wsgi/4.9.4 Python/3.11 mod_perl/2.0.12 Perl/v5.36.0 (internal dummy connection)"
18.139.81.237 - - [28/Sep/2025:04:11:09 +0300] "GET /dk/wiki/_media/module/04-logica-matematica-geometrie/cheie.png?w=90&h=54&t=1394233616&tok=61e4b9 HTTP/1.1" 500 185 "-" "Mozilla/5.0 (compatible; crawler)"
52.167.144.213 - - [28/Sep/2025:04:11:09 +0300] "GET /dk/wiki/module/04-logica-matematica-geometrie/home?tab_files=upload&do=media&tab_details=history&image=module%3A08-liste-si-vectori%3Am08-l03-e02.png&ns=module%2F08-liste-si-vectori HTTP/1.1" 500 185 "-" "Mozilla/5.0 AppleWebKit/537.36 (KHTML, like Gecko; compatible; bingbot/2.0; +http://www.bing.com/bingbot.htm) Chrome/116.0.1938.76 Safari/537.36"
37.60.141.156 - - [28/Sep/2025:04:11:45 +0300] "GET / HTTP/1.1" 200 2693 "-" "Mozilla/5.0 (Windows NT 10.0; Win64; x64) AppleWebKit/537.36 (KHTML, like Gecko) Chrome/42.0.2311.135 Safari/537.36 Edge/12.246"
52.167.144.213 - - [28/Sep/2025:04:11:49 +0300] "GET /dk/wiki/module/07-bucle-in-programare/x?ns=wiki&tab_files=files&do=media&tab_details=history&image=module%3A01-utilizare-so%3A30dk.jpg HTTP/1.1" 500 185 "-" "Mozilla/5.0 AppleWebKit/537.36 (KHTML, like Gecko; compatible; bingbot/2.0; +http://www.bing.com/bingbot.htm) Chrome/116.0.1938.76 Safari/537.36"
::1 - - [28/Sep/2025:04:12:08 +0300] "OPTIONS * HTTP/1.0" 200 126 "-" "Apache/2.4.62 (Debian) SVN/1.14.2 mod_fcgid/2.3.9 OpenSSL/3.0.16 mod_wsgi/4.9.4 Python/3.11 mod_perl/2.0.12 Perl/v5.36.0 (internal dummy connection)"
::1 - - [28/Sep/2025:04:12:09 +0300] "OPTIONS * HTTP/1.0" 200 126 "-" "Apache/2.4.62 (Debian) SVN/1.14.2 mod_fcgid/2.3.9 OpenSSL/3.0.16 mod_wsgi/4.9.4 Python/3.11 mod_perl/2.0.12 Perl/v5.36.0 (internal dummy connection)"
221.178.143.70 - - [28/Sep/2025:04:12:10 +0300] "GET / HTTP/1.1" 200 920 "-" "Mozilla/5.0 (Macintosh; Intel Mac OS X 10_11) AppleWebKit/601.1.27 (KHTML, like Gecko) Chrome/47.0.2526.106 Safari/601.1.27"
::1 - - [28/Sep/2025:04:12:39 +0300] "OPTIONS * HTTP/1.0" 200 126 "-" "Apache/2.4.62 (Debian) SVN/1.14.2 mod_fcgid/2.3.9 OpenSSL/3.0.16 mod_wsgi/4.9.4 Python/3.11 mod_perl/2.0.12 Perl/v5.36.0 (internal dummy connection)"
::1 - - [28/Sep/2025:04:12:40 +0300] "OPTIONS * HTTP/1.0" 200 126 "-" "Apache/2.4.62 (Debian) SVN/1.14.2 mod_fcgid/2.3.9 OpenSSL/3.0.16 mod_wsgi/4.9.4 Python/3.11 mod_perl/2.0.12 Perl/v5.36.0 (internal dummy connection)"
::1 - - [28/Sep/2025:04:12:41 +0300] "OPTIONS * HTTP/1.0" 200 126 "-" "Apache/2.4.62 (Debian) SVN/1.14.2 mod_fcgid/2.3.9 OpenSSL/3.0.16 mod_wsgi/4.9.4 Python/3.11 mod_perl/2.0.12 Perl/v5.36.0 (internal dummy connection)"
::1 - - [28/Sep/2025:04:12:52 +0300] "OPTIONS * HTTP/1.0" 200 126 "-" "Apache/2.4.62 (Debian) SVN/1.14.2 mod_fcgid/2.3.9 OpenSSL/3.0.16 mod_wsgi/4.9.4 Python/3.11 mod_perl/2.0.12 Perl/v5.36.0 (internal dummy connection)"
111.119.242.124 - - [28/Sep/2025:04:13:09 +0300] "GET /noaccess-robots.txt HTTP/1.1" 200 6720 "-" "Mozilla/5.0 (Macintosh; Intel Mac OS X 10_15_7) AppleWebKit/537.36 (KHTML, like Gecko) Chrome/131.0.0.0 Safari/537.36"
::1 - - [28/Sep/2025:04:13:33 +0300] "OPTIONS * HTTP/1.0" 200 126 "-" "Apache/2.4.62 (Debian) SVN/1.14.2 mod_fcgid/2.3.9 OpenSSL/3.0.16 mod_wsgi/4.9.4 Python/3.11 mod_perl/2.0.12 Perl/v5.36.0 (internal dummy connection)"
::1 - - [28/Sep/2025:04:13:36 +0300] "OPTIONS * HTTP/1.0" 200 126 "-" "Apache/2.4.62 (Debian) SVN/1.14.2 mod_fcgid/2.3.9 OpenSSL/3.0.16 mod_wsgi/4.9.4 Python/3.11 mod_perl/2.0.12 Perl/v5.36.0 (internal dummy connection)"
13.215.112.129 - - [28/Sep/2025:04:13:52 +0300] "GET /dk/wiki/_media/module/03-multimedia/powtoon.png?w=90&h=45&t=1456601705&tok=9b75ef HTTP/1.1" 500 185 "-" "Mozilla/5.0 (compatible; crawler)"
::1 - - [28/Sep/2025:04:14:26 +0300] "OPTIONS * HTTP/1.0" 200 126 "-" "Apache/2.4.62 (Debian) SVN/1.14.2 mod_fcgid/2.3.9 OpenSSL/3.0.16 mod_wsgi/4.9.4 Python/3.11 mod_perl/2.0.12 Perl/v5.36.0 (internal dummy connection)"
::1 - - [28/Sep/2025:04:14:32 +0300] "OPTIONS * HTTP/1.0" 200 126 "-" "Apache/2.4.62 (Debian) SVN/1.14.2 mod_fcgid/2.3.9 OpenSSL/3.0.16 mod_wsgi/4.9.4 Python/3.11 mod_perl/2.0.12 Perl/v5.36.0 (internal dummy connection)"
::1 - - [28/Sep/2025:04:14:33 +0300] "OPTIONS * HTTP/1.0" 200 126 "-" "Apache/2.4.62 (Debian) SVN/1.14.2 mod_fcgid/2.3.9 OpenSSL/3.0.16 mod_wsgi/4.9.4 Python/3.11 mod_perl/2.0.12 Perl/v5.36.0 (internal dummy connection)"
::1 - - [28/Sep/2025:04:14:34 +0300] "OPTIONS * HTTP/1.0" 200 126 "-" "Apache/2.4.62 (Debian) SVN/1.14.2 mod_fcgid/2.3.9 OpenSSL/3.0.16 mod_wsgi/4.9.4 Python/3.11 mod_perl/2.0.12 Perl/v5.36.0 (internal dummy connection)"
52.167.144.138 - - [28/Sep/2025:04:15:07 +0300] "GET /dk/wiki/module/04-logica-matematica-geometrie/home?do=login&sectok=5e529d805a0888d18a36b4db7b15bebd HTTP/1.1" 500 6685 "-" "Mozilla/5.0 AppleWebKit/537.36 (KHTML, like Gecko; compatible; bingbot/2.0; +http://www.bing.com/bingbot.htm) Chrome/116.0.1938.76 Safari/537.36"
52.167.144.138 - - [28/Sep/2025:04:15:07 +0300] "GET /dk/wiki/module/07-bucle-in-programare/lectia-04?do=login&sectok=719af0c7eadf4aeaf08b6589a607ebbe HTTP/1.1" 500 862 "-" "Mozilla/5.0 AppleWebKit/537.36 (KHTML, like Gecko; compatible; bingbot/2.0; +http://www.bing.com/bingbot.htm) Chrome/116.0.1938.76 Safari/537.36"
::1 - - [28/Sep/2025:04:15:12 +0300] "OPTIONS * HTTP/1.0" 200 126 "-" "Apache/2.4.62 (Debian) SVN/1.14.2 mod_fcgid/2.3.9 OpenSSL/3.0.16 mod_wsgi/4.9.4 Python/3.11 mod_perl/2.0.12 Perl/v5.36.0 (internal dummy connection)"
::1 - - [28/Sep/2025:04:15:13 +0300] "OPTIONS * HTTP/1.0" 200 126 "-" "Apache/2.4.62 (Debian) SVN/1.14.2 mod_fcgid/2.3.9 OpenSSL/3.0.16 mod_wsgi/4.9.4 Python/3.11 mod_perl/2.0.12 Perl/v5.36.0 (internal dummy connection)"
::1 - - [28/Sep/2025:04:15:14 +0300] "OPTIONS * HTTP/1.0" 200 126 "-" "Apache/2.4.62 (Debian) SVN/1.14.2 mod_fcgid/2.3.9 OpenSSL/3.0.16 mod_wsgi/4.9.4 Python/3.11 mod_perl/2.0.12 Perl/v5.36.0 (internal dummy connection)"
::1 - - [28/Sep/2025:04:15:15 +0300] "OPTIONS * HTTP/1.0" 200 126 "-" "Apache/2.4.62 (Debian) SVN/1.14.2 mod_fcgid/2.3.9 OpenSSL/3.0.16 mod_wsgi/4.9.4 Python/3.11 mod_perl/2.0.12 Perl/v5.36.0 (internal dummy connection)"
::1 - - [28/Sep/2025:04:15:19 +0300] "OPTIONS * HTTP/1.0" 200 126 "-" "Apache/2.4.62 (Debian) SVN/1.14.2 mod_fcgid/2.3.9 OpenSSL/3.0.16 mod_wsgi/4.9.4 Python/3.11 mod_perl/2.0.12 Perl/v5.36.0 (internal dummy connection)"
85.208.96.193 - - [28/Sep/2025:04:15:41 +0300] "GET /teamwork/app-javadoc/com/oss/teamshare/team/DeviceId.html HTTP/1.1" 200 8601 "-" "Mozilla/5.0 (compatible; SemrushBot/7~bl; +http://www.semrush.com/bot.html)"
40.77.167.27 - - [28/Sep/2025:04:15:41 +0300] "GET /dk/wiki/module/07-bucle-in-programare/lectia-05?do=login&sectok=db0ff918706efb4a9f08eff7d74e44c0 HTTP/1.1" 500 6685 "-" "Mozilla/5.0 AppleWebKit/537.36 (KHTML, like Gecko; compatible; bingbot/2.0; +http://www.bing.com/bingbot.htm) Chrome/116.0.1938.76 Safari/537.36"
52.167.144.138 - - [28/Sep/2025:04:16:03 +0300] "GET /dk/wiki/module/04-logica-matematica-geometrie/home?tab_details=view&do=media&tab_files=files&image=module%3A03-multimedia%3Ascreen_shot_2014-02-28_at_23.34.37.png&ns=module%2F05-introducere-in-programare HTTP/1.1" 500 185 "-" "Mozilla/5.0 AppleWebKit/537.36 (KHTML, like Gecko; compatible; bingbot/2.0; +http://www.bing.com/bingbot.htm) Chrome/116.0.1938.76 Safari/537.36"
::1 - - [28/Sep/2025:04:16:04 +0300] "OPTIONS * HTTP/1.0" 200 126 "-" "Apache/2.4.62 (Debian) SVN/1.14.2 mod_fcgid/2.3.9 OpenSSL/3.0.16 mod_wsgi/4.9.4 Python/3.11 mod_perl/2.0.12 Perl/v5.36.0 (internal dummy connection)"
::1 - - [28/Sep/2025:04:16:05 +0300] "OPTIONS * HTTP/1.0" 200 126 "-" "Apache/2.4.62 (Debian) SVN/1.14.2 mod_fcgid/2.3.9 OpenSSL/3.0.16 mod_wsgi/4.9.4 Python/3.11 mod_perl/2.0.12 Perl/v5.36.0 (internal dummy connection)"
::1 - - [28/Sep/2025:04:16:06 +0300] "OPTIONS * HTTP/1.0" 200 126 "-" "Apache/2.4.62 (Debian) SVN/1.14.2 mod_fcgid/2.3.9 OpenSSL/3.0.16 mod_wsgi/4.9.4 Python/3.11 mod_perl/2.0.12 Perl/v5.36.0 (internal dummy connection)"
::1 - - [28/Sep/2025:04:16:07 +0300] "OPTIONS * HTTP/1.0" 200 126 "-" "Apache/2.4.62 (Debian) SVN/1.14.2 mod_fcgid/2.3.9 OpenSSL/3.0.16 mod_wsgi/4.9.4 Python/3.11 mod_perl/2.0.12 Perl/v5.36.0 (internal dummy connection)"
::1 - - [28/Sep/2025:04:16:11 +0300] "OPTIONS * HTTP/1.0" 200 126 "-" "Apache/2.4.62 (Debian) SVN/1.14.2 mod_fcgid/2.3.9 OpenSSL/3.0.16 mod_wsgi/4.9.4 Python/3.11 mod_perl/2.0.12 Perl/v5.36.0 (internal dummy connection)"
::1 - - [28/Sep/2025:04:16:13 +0300] "OPTIONS * HTTP/1.0" 200 126 "-" "Apache/2.4.62 (Debian) SVN/1.14.2 mod_fcgid/2.3.9 OpenSSL/3.0.16 mod_wsgi/4.9.4 Python/3.11 mod_perl/2.0.12 Perl/v5.36.0 (internal dummy connection)"
176.219.115.249 - - [28/Sep/2025:04:16:21 +0300] "GET /dk/wiki/module/04-logica-matematica-geometrie/lectia-04 HTTP/1.1" 500 185 "-" "-"
216.244.66.229 - - [28/Sep/2025:04:16:52 +0300] "GET /robots.txt HTTP/1.1" 200 18310 "-" "Mozilla/5.0 (compatible; DotBot/1.2; +https://opensiteexplorer.org/dotbot; help@moz.com)"
::1 - - [28/Sep/2025:04:16:52 +0300] "OPTIONS * HTTP/1.0" 200 126 "-" "Apache/2.4.62 (Debian) SVN/1.14.2 mod_fcgid/2.3.9 OpenSSL/3.0.16 mod_wsgi/4.9.4 Python/3.11 mod_perl/2.0.12 Perl/v5.36.0 (internal dummy connection)"
::1 - - [28/Sep/2025:04:16:53 +0300] "OPTIONS * HTTP/1.0" 200 126 "-" "Apache/2.4.62 (Debian) SVN/1.14.2 mod_fcgid/2.3.9 OpenSSL/3.0.16 mod_wsgi/4.9.4 Python/3.11 mod_perl/2.0.12 Perl/v5.36.0 (internal dummy connection)"
::1 - - [28/Sep/2025:04:16:54 +0300] "OPTIONS * HTTP/1.0" 200 126 "-" "Apache/2.4.62 (Debian) SVN/1.14.2 mod_fcgid/2.3.9 OpenSSL/3.0.16 mod_wsgi/4.9.4 Python/3.11 mod_perl/2.0.12 Perl/v5.36.0 (internal dummy connection)"
::1 - - [28/Sep/2025:04:16:55 +0300] "OPTIONS * HTTP/1.0" 200 126 "-" "Apache/2.4.62 (Debian) SVN/1.14.2 mod_fcgid/2.3.9 OpenSSL/3.0.16 mod_wsgi/4.9.4 Python/3.11 mod_perl/2.0.12 Perl/v5.36.0 (internal dummy connection)"
::1 - - [28/Sep/2025:04:16:56 +0300] "OPTIONS * HTTP/1.0" 200 126 "-" "Apache/2.4.62 (Debian) SVN/1.14.2 mod_fcgid/2.3.9 OpenSSL/3.0.16 mod_wsgi/4.9.4 Python/3.11 mod_perl/2.0.12 Perl/v5.36.0 (internal dummy connection)"
::1 - - [28/Sep/2025:04:16:57 +0300] "OPTIONS * HTTP/1.0" 200 126 "-" "Apache/2.4.62 (Debian) SVN/1.14.2 mod_fcgid/2.3.9 OpenSSL/3.0.16 mod_wsgi/4.9.4 Python/3.11 mod_perl/2.0.12 Perl/v5.36.0 (internal dummy connection)"
::1 - - [28/Sep/2025:04:16:58 +0300] "OPTIONS * HTTP/1.0" 200 126 "-" "Apache/2.4.62 (Debian) SVN/1.14.2 mod_fcgid/2.3.9 OpenSSL/3.0.16 mod_wsgi/4.9.4 Python/3.11 mod_perl/2.0.12 Perl/v5.36.0 (internal dummy connection)"
::1 - - [28/Sep/2025:04:16:59 +0300] "OPTIONS * HTTP/1.0" 200 126 "-" "Apache/2.4.62 (Debian) SVN/1.14.2 mod_fcgid/2.3.9 OpenSSL/3.0.16 mod_wsgi/4.9.4 Python/3.11 mod_perl/2.0.12 Perl/v5.36.0 (internal dummy connection)"
::1 - - [28/Sep/2025:04:17:00 +0300] "OPTIONS * HTTP/1.0" 200 126 "-" "Apache/2.4.62 (Debian) SVN/1.14.2 mod_fcgid/2.3.9 OpenSSL/3.0.16 mod_wsgi/4.9.4 Python/3.11 mod_perl/2.0.12 Perl/v5.36.0 (internal dummy connection)"
::1 - - [28/Sep/2025:04:17:01 +0300] "OPTIONS * HTTP/1.0" 200 126 "-" "Apache/2.4.62 (Debian) SVN/1.14.2 mod_fcgid/2.3.9 OpenSSL/3.0.16 mod_wsgi/4.9.4 Python/3.11 mod_perl/2.0.12 Perl/v5.36.0 (internal dummy connection)"
::1 - - [28/Sep/2025:04:17:02 +0300] "OPTIONS * HTTP/1.0" 200 126 "-" "Apache/2.4.62 (Debian) SVN/1.14.2 mod_fcgid/2.3.9 OpenSSL/3.0.16 mod_wsgi/4.9.4 Python/3.11 mod_perl/2.0.12 Perl/v5.36.0 (internal dummy connection)"
::1 - - [28/Sep/2025:04:17:03 +0300] "OPTIONS * HTTP/1.0" 200 126 "-" "Apache/2.4.62 (Debian) SVN/1.14.2 mod_fcgid/2.3.9 OpenSSL/3.0.16 mod_wsgi/4.9.4 Python/3.11 mod_perl/2.0.12 Perl/v5.36.0 (internal dummy connection)"
::1 - - [28/Sep/2025:04:17:04 +0300] "OPTIONS * HTTP/1.0" 200 126 "-" "Apache/2.4.62 (Debian) SVN/1.14.2 mod_fcgid/2.3.9 OpenSSL/3.0.16 mod_wsgi/4.9.4 Python/3.11 mod_perl/2.0.12 Perl/v5.36.0 (internal dummy connection)"
::1 - - [28/Sep/2025:04:17:45 +0300] "OPTIONS * HTTP/1.0" 200 126 "-" "Apache/2.4.62 (Debian) SVN/1.14.2 mod_fcgid/2.3.9 OpenSSL/3.0.16 mod_wsgi/4.9.4 Python/3.11 mod_perl/2.0.12 Perl/v5.36.0 (internal dummy connection)"
::1 - - [28/Sep/2025:04:17:46 +0300] "OPTIONS * HTTP/1.0" 200 126 "-" "Apache/2.4.62 (Debian) SVN/1.14.2 mod_fcgid/2.3.9 OpenSSL/3.0.16 mod_wsgi/4.9.4 Python/3.11 mod_perl/2.0.12 Perl/v5.36.0 (internal dummy connection)"
::1 - - [28/Sep/2025:04:17:47 +0300] "OPTIONS * HTTP/1.0" 200 126 "-" "Apache/2.4.62 (Debian) SVN/1.14.2 mod_fcgid/2.3.9 OpenSSL/3.0.16 mod_wsgi/4.9.4 Python/3.11 mod_perl/2.0.12 Perl/v5.36.0 (internal dummy connection)"
::1 - - [28/Sep/2025:04:17:48 +0300] "OPTIONS * HTTP/1.0" 200 126 "-" "Apache/2.4.62 (Debian) SVN/1.14.2 mod_fcgid/2.3.9 OpenSSL/3.0.16 mod_wsgi/4.9.4 Python/3.11 mod_perl/2.0.12 Perl/v5.36.0 (internal dummy connection)"
::1 - - [28/Sep/2025:04:17:49 +0300] "OPTIONS * HTTP/1.0" 200 126 "-" "Apache/2.4.62 (Debian) SVN/1.14.2 mod_fcgid/2.3.9 OpenSSL/3.0.16 mod_wsgi/4.9.4 Python/3.11 mod_perl/2.0.12 Perl/v5.36.0 (internal dummy connection)"
::1 - - [28/Sep/2025:04:17:50 +0300] "OPTIONS * HTTP/1.0" 200 126 "-" "Apache/2.4.62 (Debian) SVN/1.14.2 mod_fcgid/2.3.9 OpenSSL/3.0.16 mod_wsgi/4.9.4 Python/3.11 mod_perl/2.0.12 Perl/v5.36.0 (internal dummy connection)"
::1 - - [28/Sep/2025:04:17:57 +0300] "OPTIONS * HTTP/1.0" 200 126 "-" "Apache/2.4.62 (Debian) SVN/1.14.2 mod_fcgid/2.3.9 OpenSSL/3.0.16 mod_wsgi/4.9.4 Python/3.11 mod_perl/2.0.12 Perl/v5.36.0 (internal dummy connection)"
172.226.200.176 - - [28/Sep/2025:04:18:24 +0300] "-" 408 0 "-" "-"
::1 - - [28/Sep/2025:04:18:26 +0300] "OPTIONS * HTTP/1.0" 200 126 "-" "Apache/2.4.62 (Debian) SVN/1.14.2 mod_fcgid/2.3.9 OpenSSL/3.0.16 mod_wsgi/4.9.4 Python/3.11 mod_perl/2.0.12 Perl/v5.36.0 (internal dummy connection)"
::1 - - [28/Sep/2025:04:18:27 +0300] "OPTIONS * HTTP/1.0" 200 126 "-" "Apache/2.4.62 (Debian) SVN/1.14.2 mod_fcgid/2.3.9 OpenSSL/3.0.16 mod_wsgi/4.9.4 Python/3.11 mod_perl/2.0.12 Perl/v5.36.0 (internal dummy connection)"
::1 - - [28/Sep/2025:04:18:38 +0300] "OPTIONS * HTTP/1.0" 200 126 "-" "Apache/2.4.62 (Debian) SVN/1.14.2 mod_fcgid/2.3.9 OpenSSL/3.0.16 mod_wsgi/4.9.4 Python/3.11 mod_perl/2.0.12 Perl/v5.36.0 (internal dummy connection)"
::1 - - [28/Sep/2025:04:18:39 +0300] "OPTIONS * HTTP/1.0" 200 126 "-" "Apache/2.4.62 (Debian) SVN/1.14.2 mod_fcgid/2.3.9 OpenSSL/3.0.16 mod_wsgi/4.9.4 Python/3.11 mod_perl/2.0.12 Perl/v5.36.0 (internal dummy connection)"
::1 - - [28/Sep/2025:04:18:40 +0300] "OPTIONS * HTTP/1.0" 200 126 "-" "Apache/2.4.62 (Debian) SVN/1.14.2 mod_fcgid/2.3.9 OpenSSL/3.0.16 mod_wsgi/4.9.4 Python/3.11 mod_perl/2.0.12 Perl/v5.36.0 (internal dummy connection)"
::1 - - [28/Sep/2025:04:18:41 +0300] "OPTIONS * HTTP/1.0" 200 126 "-" "Apache/2.4.62 (Debian) SVN/1.14.2 mod_fcgid/2.3.9 OpenSSL/3.0.16 mod_wsgi/4.9.4 Python/3.11 mod_perl/2.0.12 Perl/v5.36.0 (internal dummy connection)"
::1 - - [28/Sep/2025:04:18:42 +0300] "OPTIONS * HTTP/1.0" 200 126 "-" "Apache/2.4.62 (Debian) SVN/1.14.2 mod_fcgid/2.3.9 OpenSSL/3.0.16 mod_wsgi/4.9.4 Python/3.11 mod_perl/2.0.12 Perl/v5.36.0 (internal dummy connection)"
124.243.182.162 - - [28/Sep/2025:04:18:42 +0300] "GET /rl/ HTTP/1.1" 200 7101 "-" "Mozilla/5.0 (Windows NT 10.0; Win64; x64) AppleWebKit/537.36 (KHTML, like Gecko) Chrome/130.0.0.0 Safari/537.36"
::1 - - [28/Sep/2025:04:18:43 +0300] "OPTIONS * HTTP/1.0" 200 126 "-" "Apache/2.4.62 (Debian) SVN/1.14.2 mod_fcgid/2.3.9 OpenSSL/3.0.16 mod_wsgi/4.9.4 Python/3.11 mod_perl/2.0.12 Perl/v5.36.0 (internal dummy connection)"
185.244.104.2 - - [28/Sep/2025:04:18:56 +0300] "PROPFIND / HTTP/1.1" 405 6851 "http://141.85.227.114:443/" "-"
::1 - - [28/Sep/2025:04:18:59 +0300] "OPTIONS * HTTP/1.0" 200 126 "-" "Apache/2.4.62 (Debian) SVN/1.14.2 mod_fcgid/2.3.9 OpenSSL/3.0.16 mod_wsgi/4.9.4 Python/3.11 mod_perl/2.0.12 Perl/v5.36.0 (internal dummy connection)"
::1 - - [28/Sep/2025:04:19:00 +0300] "OPTIONS * HTTP/1.0" 200 126 "-" "Apache/2.4.62 (Debian) SVN/1.14.2 mod_fcgid/2.3.9 OpenSSL/3.0.16 mod_wsgi/4.9.4 Python/3.11 mod_perl/2.0.12 Perl/v5.36.0 (internal dummy connection)"
::1 - - [28/Sep/2025:04:19:01 +0300] "OPTIONS * HTTP/1.0" 200 126 "-" "Apache/2.4.62 (Debian) SVN/1.14.2 mod_fcgid/2.3.9 OpenSSL/3.0.16 mod_wsgi/4.9.4 Python/3.11 mod_perl/2.0.12 Perl/v5.36.0 (internal dummy connection)"
::1 - - [28/Sep/2025:04:19:04 +0300] "OPTIONS * HTTP/1.0" 200 126 "-" "Apache/2.4.62 (Debian) SVN/1.14.2 mod_fcgid/2.3.9 OpenSSL/3.0.16 mod_wsgi/4.9.4 Python/3.11 mod_perl/2.0.12 Perl/v5.36.0 (internal dummy connection)"
43.173.177.132 - - [28/Sep/2025:04:19:04 +0300] "GET /lxr/glibc/ HTTP/1.1" 404 457 "-" "Mozilla/5.0 (Windows NT 6.1; Win64; x64) AppleWebKit/537.36 (KHTML, like Gecko) Chrome/126.0.6478.114 Safari/537.36"
::1 - - [28/Sep/2025:04:19:12 +0300] "OPTIONS * HTTP/1.0" 200 126 "-" "Apache/2.4.62 (Debian) SVN/1.14.2 mod_fcgid/2.3.9 OpenSSL/3.0.16 mod_wsgi/4.9.4 Python/3.11 mod_perl/2.0.12 Perl/v5.36.0 (internal dummy connection)"
::1 - - [28/Sep/2025:04:19:13 +0300] "OPTIONS * HTTP/1.0" 200 126 "-" "Apache/2.4.62 (Debian) SVN/1.14.2 mod_fcgid/2.3.9 OpenSSL/3.0.16 mod_wsgi/4.9.4 Python/3.11 mod_perl/2.0.12 Perl/v5.36.0 (internal dummy connection)"
::1 - - [28/Sep/2025:04:19:14 +0300] "OPTIONS * HTTP/1.0" 200 126 "-" "Apache/2.4.62 (Debian) SVN/1.14.2 mod_fcgid/2.3.9 OpenSSL/3.0.16 mod_wsgi/4.9.4 Python/3.11 mod_perl/2.0.12 Perl/v5.36.0 (internal dummy connection)"
::1 - - [28/Sep/2025:04:19:16 +0300] "OPTIONS * HTTP/1.0" 200 126 "-" "Apache/2.4.62 (Debian) SVN/1.14.2 mod_fcgid/2.3.9 OpenSSL/3.0.16 mod_wsgi/4.9.4 Python/3.11 mod_perl/2.0.12 Perl/v5.36.0 (internal dummy connection)"
::1 - - [28/Sep/2025:04:19:32 +0300] "OPTIONS * HTTP/1.0" 200 126 "-" "Apache/2.4.62 (Debian) SVN/1.14.2 mod_fcgid/2.3.9 OpenSSL/3.0.16 mod_wsgi/4.9.4 Python/3.11 mod_perl/2.0.12 Perl/v5.36.0 (internal dummy connection)"
::1 - - [28/Sep/2025:04:19:33 +0300] "OPTIONS * HTTP/1.0" 200 126 "-" "Apache/2.4.62 (Debian) SVN/1.14.2 mod_fcgid/2.3.9 OpenSSL/3.0.16 mod_wsgi/4.9.4 Python/3.11 mod_perl/2.0.12 Perl/v5.36.0 (internal dummy connection)"
::1 - - [28/Sep/2025:04:19:34 +0300] "OPTIONS * HTTP/1.0" 200 126 "-" "Apache/2.4.62 (Debian) SVN/1.14.2 mod_fcgid/2.3.9 OpenSSL/3.0.16 mod_wsgi/4.9.4 Python/3.11 mod_perl/2.0.12 Perl/v5.36.0 (internal dummy connection)"
::1 - - [28/Sep/2025:04:19:36 +0300] "OPTIONS * HTTP/1.0" 200 126 "-" "Apache/2.4.62 (Debian) SVN/1.14.2 mod_fcgid/2.3.9 OpenSSL/3.0.16 mod_wsgi/4.9.4 Python/3.11 mod_perl/2.0.12 Perl/v5.36.0 (internal dummy connection)"
::1 - - [28/Sep/2025:04:19:43 +0300] "OPTIONS * HTTP/1.0" 200 126 "-" "Apache/2.4.62 (Debian) SVN/1.14.2 mod_fcgid/2.3.9 OpenSSL/3.0.16 mod_wsgi/4.9.4 Python/3.11 mod_perl/2.0.12 Perl/v5.36.0 (internal dummy connection)"
66.249.64.168 - - [28/Sep/2025:04:20:00 +0300] "GET /rl/ HTTP/1.1" 200 760 "-" "Mozilla/5.0 (Linux; Android 6.0.1; Nexus 5X Build/MMB29P) AppleWebKit/537.36 (KHTML, like Gecko) Chrome/139.0.7258.127 Mobile Safari/537.36 (compatible; GoogleOther)"
66.249.64.169 - - [28/Sep/2025:04:20:05 +0300] "GET /hg/redmine/ HTTP/1.1" 200 705 "-" "Mozilla/5.0 (Linux; Android 6.0.1; Nexus 5X Build/MMB29P) AppleWebKit/537.36 (KHTML, like Gecko) Chrome/139.0.7258.127 Mobile Safari/537.36 (compatible; GoogleOther)"
66.249.64.168 - - [28/Sep/2025:04:20:09 +0300] "GET /private/ HTTP/1.1" 200 707 "-" "Mozilla/5.0 (Linux; Android 6.0.1; Nexus 5X Build/MMB29P) AppleWebKit/537.36 (KHTML, like Gecko) Chrome/139.0.7258.127 Mobile Safari/537.36 (compatible; GoogleOther)"
87.120.191.84 - - [28/Sep/2025:04:20:13 +0300] "GET / HTTP/1.1" 200 919 "-" "Mozilla/5.0 (Windows NT 10.0; Win64; x64) AppleWebKit/537.36 (KHTML, like Gecko) Chrome/90.0.4430.85 Safari/537.36 Edg/90.0.818.46"
::1 - - [28/Sep/2025:04:20:22 +0300] "OPTIONS * HTTP/1.0" 200 126 "-" "Apache/2.4.62 (Debian) SVN/1.14.2 mod_fcgid/2.3.9 OpenSSL/3.0.16 mod_wsgi/4.9.4 Python/3.11 mod_perl/2.0.12 Perl/v5.36.0 (internal dummy connection)"
::1 - - [28/Sep/2025:04:20:23 +0300] "OPTIONS * HTTP/1.0" 200 126 "-" "Apache/2.4.62 (Debian) SVN/1.14.2 mod_fcgid/2.3.9 OpenSSL/3.0.16 mod_wsgi/4.9.4 Python/3.11 mod_perl/2.0.12 Perl/v5.36.0 (internal dummy connection)"
::1 - - [28/Sep/2025:04:20:24 +0300] "OPTIONS * HTTP/1.0" 200 126 "-" "Apache/2.4.62 (Debian) SVN/1.14.2 mod_fcgid/2.3.9 OpenSSL/3.0.16 mod_wsgi/4.9.4 Python/3.11 mod_perl/2.0.12 Perl/v5.36.0 (internal dummy connection)"
::1 - - [28/Sep/2025:04:20:25 +0300] "OPTIONS * HTTP/1.0" 200 126 "-" "Apache/2.4.62 (Debian) SVN/1.14.2 mod_fcgid/2.3.9 OpenSSL/3.0.16 mod_wsgi/4.9.4 Python/3.11 mod_perl/2.0.12 Perl/v5.36.0 (internal dummy connection)"
::1 - - [28/Sep/2025:04:20:26 +0300] "OPTIONS * HTTP/1.0" 200 126 "-" "Apache/2.4.62 (Debian) SVN/1.14.2 mod_fcgid/2.3.9 OpenSSL/3.0.16 mod_wsgi/4.9.4 Python/3.11 mod_perl/2.0.12 Perl/v5.36.0 (internal dummy connection)"
::1 - - [28/Sep/2025:04:20:27 +0300] "OPTIONS * HTTP/1.0" 200 126 "-" "Apache/2.4.62 (Debian) SVN/1.14.2 mod_fcgid/2.3.9 OpenSSL/3.0.16 mod_wsgi/4.9.4 Python/3.11 mod_perl/2.0.12 Perl/v5.36.0 (internal dummy connection)"
::1 - - [28/Sep/2025:04:20:28 +0300] "OPTIONS * HTTP/1.0" 200 126 "-" "Apache/2.4.62 (Debian) SVN/1.14.2 mod_fcgid/2.3.9 OpenSSL/3.0.16 mod_wsgi/4.9.4 Python/3.11 mod_perl/2.0.12 Perl/v5.36.0 (internal dummy connection)"
::1 - - [28/Sep/2025:04:20:29 +0300] "OPTIONS * HTTP/1.0" 200 126 "-" "Apache/2.4.62 (Debian) SVN/1.14.2 mod_fcgid/2.3.9 OpenSSL/3.0.16 mod_wsgi/4.9.4 Python/3.11 mod_perl/2.0.12 Perl/v5.36.0 (internal dummy connection)"
::1 - - [28/Sep/2025:04:20:33 +0300] "OPTIONS * HTTP/1.0" 200 126 "-" "Apache/2.4.62 (Debian) SVN/1.14.2 mod_fcgid/2.3.9 OpenSSL/3.0.16 mod_wsgi/4.9.4 Python/3.11 mod_perl/2.0.12 Perl/v5.36.0 (internal dummy connection)"
46.250.173.200 - - [28/Sep/2025:04:20:34 +0300] "GET /?C=S;O=A HTTP/1.1" 200 913 "-" "Mozilla/5.0 (Windows NT 10.0; Win64; x64) AppleWebKit/537.36 (KHTML, like Gecko) Chrome/131.0.0.0 Safari/537.36"
::1 - - [28/Sep/2025:04:21:14 +0300] "OPTIONS * HTTP/1.0" 200 126 "-" "Apache/2.4.62 (Debian) SVN/1.14.2 mod_fcgid/2.3.9 OpenSSL/3.0.16 mod_wsgi/4.9.4 Python/3.11 mod_perl/2.0.12 Perl/v5.36.0 (internal dummy connection)"
::1 - - [28/Sep/2025:04:21:15 +0300] "OPTIONS * HTTP/1.0" 200 126 "-" "Apache/2.4.62 (Debian) SVN/1.14.2 mod_fcgid/2.3.9 OpenSSL/3.0.16 mod_wsgi/4.9.4 Python/3.11 mod_perl/2.0.12 Perl/v5.36.0 (internal dummy connection)"
::1 - - [28/Sep/2025:04:21:16 +0300] "OPTIONS * HTTP/1.0" 200 126 "-" "Apache/2.4.62 (Debian) SVN/1.14.2 mod_fcgid/2.3.9 OpenSSL/3.0.16 mod_wsgi/4.9.4 Python/3.11 mod_perl/2.0.12 Perl/v5.36.0 (internal dummy connection)"
::1 - - [28/Sep/2025:04:21:17 +0300] "OPTIONS * HTTP/1.0" 200 126 "-" "Apache/2.4.62 (Debian) SVN/1.14.2 mod_fcgid/2.3.9 OpenSSL/3.0.16 mod_wsgi/4.9.4 Python/3.11 mod_perl/2.0.12 Perl/v5.36.0 (internal dummy connection)"
::1 - - [28/Sep/2025:04:21:24 +0300] "OPTIONS * HTTP/1.0" 200 126 "-" "Apache/2.4.62 (Debian) SVN/1.14.2 mod_fcgid/2.3.9 OpenSSL/3.0.16 mod_wsgi/4.9.4 Python/3.11 mod_perl/2.0.12 Perl/v5.36.0 (internal dummy connection)"
66.249.64.169 - - [28/Sep/2025:04:21:49 +0300] "GET /d4s.html HTTP/1.1" 200 484 "-" "Mozilla/5.0 (Linux; Android 6.0.1; Nexus 5X Build/MMB29P) AppleWebKit/537.36 (KHTML, like Gecko) Chrome/139.0.7258.127 Mobile Safari/537.36 (compatible; GoogleOther)"
::1 - - [28/Sep/2025:04:21:49 +0300] "OPTIONS * HTTP/1.0" 200 126 "-" "Apache/2.4.62 (Debian) SVN/1.14.2 mod_fcgid/2.3.9 OpenSSL/3.0.16 mod_wsgi/4.9.4 Python/3.11 mod_perl/2.0.12 Perl/v5.36.0 (internal dummy connection)"
::1 - - [28/Sep/2025:04:21:50 +0300] "OPTIONS * HTTP/1.0" 200 126 "-" "Apache/2.4.62 (Debian) SVN/1.14.2 mod_fcgid/2.3.9 OpenSSL/3.0.16 mod_wsgi/4.9.4 Python/3.11 mod_perl/2.0.12 Perl/v5.36.0 (internal dummy connection)"
::1 - - [28/Sep/2025:04:21:51 +0300] "OPTIONS * HTTP/1.0" 200 126 "-" "Apache/2.4.62 (Debian) SVN/1.14.2 mod_fcgid/2.3.9 OpenSSL/3.0.16 mod_wsgi/4.9.4 Python/3.11 mod_perl/2.0.12 Perl/v5.36.0 (internal dummy connection)"
66.249.66.6 - - [28/Sep/2025:04:21:54 +0300] "GET /dk/wiki/_media/module/01-utilizare-so/28dk.jpg?t=1393529137&w=414&h=315&tok=2880ee HTTP/1.1" 500 6511 "-" "Googlebot-Image/1.0"
::1 - - [28/Sep/2025:04:22:01 +0300] "OPTIONS * HTTP/1.0" 200 126 "-" "Apache/2.4.62 (Debian) SVN/1.14.2 mod_fcgid/2.3.9 OpenSSL/3.0.16 mod_wsgi/4.9.4 Python/3.11 mod_perl/2.0.12 Perl/v5.36.0 (internal dummy connection)"
::1 - - [28/Sep/2025:04:22:03 +0300] "OPTIONS * HTTP/1.0" 200 126 "-" "Apache/2.4.62 (Debian) SVN/1.14.2 mod_fcgid/2.3.9 OpenSSL/3.0.16 mod_wsgi/4.9.4 Python/3.11 mod_perl/2.0.12 Perl/v5.36.0 (internal dummy connection)"
85.208.96.197 - - [28/Sep/2025:04:22:28 +0300] "GET /robots.txt HTTP/1.1" 200 1953 "-" "Mozilla/5.0 (compatible; SemrushBot/7~bl; +http://www.semrush.com/bot.html)"
85.208.96.210 - - [28/Sep/2025:04:22:28 +0300] "GET /dk/wiki/module/04-logica-matematica-geometrie/lectia-02 HTTP/1.1" 500 185 "-" "Mozilla/5.0 (compatible; SemrushBot/7~bl; +http://www.semrush.com/bot.html)"
::1 - - [28/Sep/2025:04:23:08 +0300] "OPTIONS * HTTP/1.0" 200 126 "-" "Apache/2.4.62 (Debian) SVN/1.14.2 mod_fcgid/2.3.9 OpenSSL/3.0.16 mod_wsgi/4.9.4 Python/3.11 mod_perl/2.0.12 Perl/v5.36.0 (internal dummy connection)"
::1 - - [28/Sep/2025:04:23:09 +0300] "OPTIONS * HTTP/1.0" 200 126 "-" "Apache/2.4.62 (Debian) SVN/1.14.2 mod_fcgid/2.3.9 OpenSSL/3.0.16 mod_wsgi/4.9.4 Python/3.11 mod_perl/2.0.12 Perl/v5.36.0 (internal dummy connection)"
::1 - - [28/Sep/2025:04:23:10 +0300] "OPTIONS * HTTP/1.0" 200 126 "-" "Apache/2.4.62 (Debian) SVN/1.14.2 mod_fcgid/2.3.9 OpenSSL/3.0.16 mod_wsgi/4.9.4 Python/3.11 mod_perl/2.0.12 Perl/v5.36.0 (internal dummy connection)"
66.249.64.169 - - [28/Sep/2025:04:23:46 +0300] "GET /a.pdf HTTP/1.1" 200 119102 "-" "Mozilla/5.0 (Linux; Android 6.0.1; Nexus 5X Build/MMB29P) AppleWebKit/537.36 (KHTML, like Gecko) Chrome/139.0.7258.127 Mobile Safari/537.36 (compatible; GoogleOther)"
::1 - - [28/Sep/2025:04:24:08 +0300] "OPTIONS * HTTP/1.0" 200 126 "-" "Apache/2.4.62 (Debian) SVN/1.14.2 mod_fcgid/2.3.9 OpenSSL/3.0.16 mod_wsgi/4.9.4 Python/3.11 mod_perl/2.0.12 Perl/v5.36.0 (internal dummy connection)"
::1 - - [28/Sep/2025:04:24:12 +0300] "OPTIONS * HTTP/1.0" 200 126 "-" "Apache/2.4.62 (Debian) SVN/1.14.2 mod_fcgid/2.3.9 OpenSSL/3.0.16 mod_wsgi/4.9.4 Python/3.11 mod_perl/2.0.12 Perl/v5.36.0 (internal dummy connection)"
66.249.66.8 - - [28/Sep/2025:04:24:16 +0300] "GET /dk/wiki/_detail/module/04-logica-matematica-geometrie/stea.png?id=module%3A04-logica-matematica-geometrie%3Alectia-01 HTTP/1.1" 500 6511 "-" "Googlebot-Image/1.0"
::1 - - [28/Sep/2025:04:24:56 +0300] "OPTIONS * HTTP/1.0" 200 126 "-" "Apache/2.4.62 (Debian) SVN/1.14.2 mod_fcgid/2.3.9 OpenSSL/3.0.16 mod_wsgi/4.9.4 Python/3.11 mod_perl/2.0.12 Perl/v5.36.0 (internal dummy connection)"
::1 - - [28/Sep/2025:04:24:57 +0300] "OPTIONS * HTTP/1.0" 200 126 "-" "Apache/2.4.62 (Debian) SVN/1.14.2 mod_fcgid/2.3.9 OpenSSL/3.0.16 mod_wsgi/4.9.4 Python/3.11 mod_perl/2.0.12 Perl/v5.36.0 (internal dummy connection)"
::1 - - [28/Sep/2025:04:25:00 +0300] "OPTIONS * HTTP/1.0" 200 126 "-" "Apache/2.4.62 (Debian) SVN/1.14.2 mod_fcgid/2.3.9 OpenSSL/3.0.16 mod_wsgi/4.9.4 Python/3.11 mod_perl/2.0.12 Perl/v5.36.0 (internal dummy connection)"
::1 - - [28/Sep/2025:04:25:03 +0300] "OPTIONS * HTTP/1.0" 200 126 "-" "Apache/2.4.62 (Debian) SVN/1.14.2 mod_fcgid/2.3.9 OpenSSL/3.0.16 mod_wsgi/4.9.4 Python/3.11 mod_perl/2.0.12 Perl/v5.36.0 (internal dummy connection)"
54.37.81.238 - - [28/Sep/2025:04:25:32 +0300] "GET / HTTP/1.1" 200 7189 "-" "Mozilla/5.0 (compatible; ModatScanner/1.1; +https://modat.io/)"
66.249.64.168 - - [28/Sep/2025:04:25:44 +0300] "GET /html/ HTTP/1.1" 200 3381 "-" "Mozilla/5.0 (Linux; Android 6.0.1; Nexus 5X Build/MMB29P) AppleWebKit/537.36 (KHTML, like Gecko) Chrome/139.0.7258.127 Mobile Safari/537.36 (compatible; GoogleOther)"
221.178.143.70 - - [28/Sep/2025:04:25:45 +0300] "GET / HTTP/1.1" 200 920 "-" "Mozilla/5.0 (Windows; U; Windows NT 5.1; en-US; rv:1.5) Gecko/20031007"
46.250.174.101 - - [28/Sep/2025:04:26:26 +0300] "GET /hg/ HTTP/1.1" 200 7039 "-" "Mozilla/5.0 (Windows NT 10.0; Win64; x64) AppleWebKit/537.36 (KHTML, like Gecko) Chrome/130.0.0.0 Safari/537.36"
::1 - - [28/Sep/2025:04:26:28 +0300] "OPTIONS * HTTP/1.0" 200 126 "-" "Apache/2.4.62 (Debian) SVN/1.14.2 mod_fcgid/2.3.9 OpenSSL/3.0.16 mod_wsgi/4.9.4 Python/3.11 mod_perl/2.0.12 Perl/v5.36.0 (internal dummy connection)"
::1 - - [28/Sep/2025:04:26:29 +0300] "OPTIONS * HTTP/1.0" 200 126 "-" "Apache/2.4.62 (Debian) SVN/1.14.2 mod_fcgid/2.3.9 OpenSSL/3.0.16 mod_wsgi/4.9.4 Python/3.11 mod_perl/2.0.12 Perl/v5.36.0 (internal dummy connection)"
