::1 - - [28/Sep/2025:02:05:47 +0300] "OPTIONS * HTTP/1.0" 200 126 "-" "Apache/2.4.62 (Debian) SVN/1.14.2 mod_fcgid/2.3.9 OpenSSL/3.0.16 mod_wsgi/4.9.4 Python/3.11 mod_perl/2.0.12 Perl/v5.36.0 (internal dummy connection)"
::1 - - [28/Sep/2025:02:05:48 +0300] "OPTIONS * HTTP/1.0" 200 126 "-" "Apache/2.4.62 (Debian) SVN/1.14.2 mod_fcgid/2.3.9 OpenSSL/3.0.16 mod_wsgi/4.9.4 Python/3.11 mod_perl/2.0.12 Perl/v5.36.0 (internal dummy connection)"
37.60.141.158 - - [28/Sep/2025:02:06:21 +0300] "GET /cgi-bin/luci/;stok=/locale HTTP/1.1" 404 456 "-" "-"
::1 - - [28/Sep/2025:02:06:30 +0300] "OPTIONS * HTTP/1.0" 200 126 "-" "Apache/2.4.62 (Debian) SVN/1.14.2 mod_fcgid/2.3.9 OpenSSL/3.0.16 mod_wsgi/4.9.4 Python/3.11 mod_perl/2.0.12 Perl/v5.36.0 (internal dummy connection)"
::1 - - [28/Sep/2025:02:06:31 +0300] "OPTIONS * HTTP/1.0" 200 126 "-" "Apache/2.4.62 (Debian) SVN/1.14.2 mod_fcgid/2.3.9 OpenSSL/3.0.16 mod_wsgi/4.9.4 Python/3.11 mod_perl/2.0.12 Perl/v5.36.0 (internal dummy connection)"
::1 - - [28/Sep/2025:02:06:32 +0300] "OPTIONS * HTTP/1.0" 200 126 "-" "Apache/2.4.62 (Debian) SVN/1.14.2 mod_fcgid/2.3.9 OpenSSL/3.0.16 mod_wsgi/4.9.4 Python/3.11 mod_perl/2.0.12 Perl/v5.36.0 (internal dummy connection)"
::1 - - [28/Sep/2025:02:06:33 +0300] "OPTIONS * HTTP/1.0" 200 126 "-" "Apache/2.4.62 (Debian) SVN/1.14.2 mod_fcgid/2.3.9 OpenSSL/3.0.16 mod_wsgi/4.9.4 Python/3.11 mod_perl/2.0.12 Perl/v5.36.0 (internal dummy connection)"
::1 - - [28/Sep/2025:02:06:34 +0300] "OPTIONS * HTTP/1.0" 200 126 "-" "Apache/2.4.62 (Debian) SVN/1.14.2 mod_fcgid/2.3.9 OpenSSL/3.0.16 mod_wsgi/4.9.4 Python/3.11 mod_perl/2.0.12 Perl/v5.36.0 (internal dummy connection)"
::1 - - [28/Sep/2025:02:06:35 +0300] "OPTIONS * HTTP/1.0" 200 126 "-" "Apache/2.4.62 (Debian) SVN/1.14.2 mod_fcgid/2.3.9 OpenSSL/3.0.16 mod_wsgi/4.9.4 Python/3.11 mod_perl/2.0.12 Perl/v5.36.0 (internal dummy connection)"
::1 - - [28/Sep/2025:02:06:36 +0300] "OPTIONS * HTTP/1.0" 200 126 "-" "Apache/2.4.62 (Debian) SVN/1.14.2 mod_fcgid/2.3.9 OpenSSL/3.0.16 mod_wsgi/4.9.4 Python/3.11 mod_perl/2.0.12 Perl/v5.36.0 (internal dummy connection)"
::1 - - [28/Sep/2025:02:06:37 +0300] "OPTIONS * HTTP/1.0" 200 126 "-" "Apache/2.4.62 (Debian) SVN/1.14.2 mod_fcgid/2.3.9 OpenSSL/3.0.16 mod_wsgi/4.9.4 Python/3.11 mod_perl/2.0.12 Perl/v5.36.0 (internal dummy connection)"
::1 - - [28/Sep/2025:02:06:38 +0300] "OPTIONS * HTTP/1.0" 200 126 "-" "Apache/2.4.62 (Debian) SVN/1.14.2 mod_fcgid/2.3.9 OpenSSL/3.0.16 mod_wsgi/4.9.4 Python/3.11 mod_perl/2.0.12 Perl/v5.36.0 (internal dummy connection)"
::1 - - [28/Sep/2025:02:07:00 +0300] "OPTIONS * HTTP/1.0" 200 126 "-" "Apache/2.4.62 (Debian) SVN/1.14.2 mod_fcgid/2.3.9 OpenSSL/3.0.16 mod_wsgi/4.9.4 Python/3.11 mod_perl/2.0.12 Perl/v5.36.0 (internal dummy connection)"
::1 - - [28/Sep/2025:02:07:01 +0300] "OPTIONS * HTTP/1.0" 200 126 "-" "Apache/2.4.62 (Debian) SVN/1.14.2 mod_fcgid/2.3.9 OpenSSL/3.0.16 mod_wsgi/4.9.4 Python/3.11 mod_perl/2.0.12 Perl/v5.36.0 (internal dummy connection)"
::1 - - [28/Sep/2025:02:07:02 +0300] "OPTIONS * HTTP/1.0" 200 126 "-" "Apache/2.4.62 (Debian) SVN/1.14.2 mod_fcgid/2.3.9 OpenSSL/3.0.16 mod_wsgi/4.9.4 Python/3.11 mod_perl/2.0.12 Perl/v5.36.0 (internal dummy connection)"
::1 - - [28/Sep/2025:02:07:23 +0300] "OPTIONS * HTTP/1.0" 200 126 "-" "Apache/2.4.62 (Debian) SVN/1.14.2 mod_fcgid/2.3.9 OpenSSL/3.0.16 mod_wsgi/4.9.4 Python/3.11 mod_perl/2.0.12 Perl/v5.36.0 (internal dummy connection)"
::1 - - [28/Sep/2025:02:07:24 +0300] "OPTIONS * HTTP/1.0" 200 126 "-" "Apache/2.4.62 (Debian) SVN/1.14.2 mod_fcgid/2.3.9 OpenSSL/3.0.16 mod_wsgi/4.9.4 Python/3.11 mod_perl/2.0.12 Perl/v5.36.0 (internal dummy connection)"
::1 - - [28/Sep/2025:02:07:25 +0300] "OPTIONS * HTTP/1.0" 200 126 "-" "Apache/2.4.62 (Debian) SVN/1.14.2 mod_fcgid/2.3.9 OpenSSL/3.0.16 mod_wsgi/4.9.4 Python/3.11 mod_perl/2.0.12 Perl/v5.36.0 (internal dummy connection)"
::1 - - [28/Sep/2025:02:07:26 +0300] "OPTIONS * HTTP/1.0" 200 126 "-" "Apache/2.4.62 (Debian) SVN/1.14.2 mod_fcgid/2.3.9 OpenSSL/3.0.16 mod_wsgi/4.9.4 Python/3.11 mod_perl/2.0.12 Perl/v5.36.0 (internal dummy connection)"
::1 - - [28/Sep/2025:02:07:27 +0300] "OPTIONS * HTTP/1.0" 200 126 "-" "Apache/2.4.62 (Debian) SVN/1.14.2 mod_fcgid/2.3.9 OpenSSL/3.0.16 mod_wsgi/4.9.4 Python/3.11 mod_perl/2.0.12 Perl/v5.36.0 (internal dummy connection)"
::1 - - [28/Sep/2025:02:07:32 +0300] "OPTIONS * HTTP/1.0" 200 126 "-" "Apache/2.4.62 (Debian) SVN/1.14.2 mod_fcgid/2.3.9 OpenSSL/3.0.16 mod_wsgi/4.9.4 Python/3.11 mod_perl/2.0.12 Perl/v5.36.0 (internal dummy connection)"
::1 - - [28/Sep/2025:02:07:55 +0300] "OPTIONS * HTTP/1.0" 200 126 "-" "Apache/2.4.62 (Debian) SVN/1.14.2 mod_fcgid/2.3.9 OpenSSL/3.0.16 mod_wsgi/4.9.4 Python/3.11 mod_perl/2.0.12 Perl/v5.36.0 (internal dummy connection)"
::1 - - [28/Sep/2025:02:08:13 +0300] "OPTIONS * HTTP/1.0" 200 126 "-" "Apache/2.4.62 (Debian) SVN/1.14.2 mod_fcgid/2.3.9 OpenSSL/3.0.16 mod_wsgi/4.9.4 Python/3.11 mod_perl/2.0.12 Perl/v5.36.0 (internal dummy connection)"
::1 - - [28/Sep/2025:02:08:14 +0300] "OPTIONS * HTTP/1.0" 200 126 "-" "Apache/2.4.62 (Debian) SVN/1.14.2 mod_fcgid/2.3.9 OpenSSL/3.0.16 mod_wsgi/4.9.4 Python/3.11 mod_perl/2.0.12 Perl/v5.36.0 (internal dummy connection)"
::1 - - [28/Sep/2025:02:08:15 +0300] "OPTIONS * HTTP/1.0" 200 126 "-" "Apache/2.4.62 (Debian) SVN/1.14.2 mod_fcgid/2.3.9 OpenSSL/3.0.16 mod_wsgi/4.9.4 Python/3.11 mod_perl/2.0.12 Perl/v5.36.0 (internal dummy connection)"
::1 - - [28/Sep/2025:02:08:16 +0300] "OPTIONS * HTTP/1.0" 200 126 "-" "Apache/2.4.62 (Debian) SVN/1.14.2 mod_fcgid/2.3.9 OpenSSL/3.0.16 mod_wsgi/4.9.4 Python/3.11 mod_perl/2.0.12 Perl/v5.36.0 (internal dummy connection)"
::1 - - [28/Sep/2025:02:08:17 +0300] "OPTIONS * HTTP/1.0" 200 126 "-" "Apache/2.4.62 (Debian) SVN/1.14.2 mod_fcgid/2.3.9 OpenSSL/3.0.16 mod_wsgi/4.9.4 Python/3.11 mod_perl/2.0.12 Perl/v5.36.0 (internal dummy connection)"
::1 - - [28/Sep/2025:02:08:18 +0300] "OPTIONS * HTTP/1.0" 200 126 "-" "Apache/2.4.62 (Debian) SVN/1.14.2 mod_fcgid/2.3.9 OpenSSL/3.0.16 mod_wsgi/4.9.4 Python/3.11 mod_perl/2.0.12 Perl/v5.36.0 (internal dummy connection)"
::1 - - [28/Sep/2025:02:08:19 +0300] "OPTIONS * HTTP/1.0" 200 126 "-" "Apache/2.4.62 (Debian) SVN/1.14.2 mod_fcgid/2.3.9 OpenSSL/3.0.16 mod_wsgi/4.9.4 Python/3.11 mod_perl/2.0.12 Perl/v5.36.0 (internal dummy connection)"
::1 - - [28/Sep/2025:02:08:26 +0300] "OPTIONS * HTTP/1.0" 200 126 "-" "Apache/2.4.62 (Debian) SVN/1.14.2 mod_fcgid/2.3.9 OpenSSL/3.0.16 mod_wsgi/4.9.4 Python/3.11 mod_perl/2.0.12 Perl/v5.36.0 (internal dummy connection)"
::1 - - [28/Sep/2025:02:08:27 +0300] "OPTIONS * HTTP/1.0" 200 126 "-" "Apache/2.4.62 (Debian) SVN/1.14.2 mod_fcgid/2.3.9 OpenSSL/3.0.16 mod_wsgi/4.9.4 Python/3.11 mod_perl/2.0.12 Perl/v5.36.0 (internal dummy connection)"
204.76.203.155 - - [28/Sep/2025:02:08:34 +0300] "GET / HTTP/1.1" 200 919 "-" "Mozilla/5.0 (Windows NT 10.0; Win64; x64) AppleWebKit/537.36 (KHTML, like Gecko) Chrome/90.0.4430.85 Safari/537.36 Edg/90.0.818.46"
::1 - - [28/Sep/2025:02:08:56 +0300] "OPTIONS * HTTP/1.0" 200 126 "-" "Apache/2.4.62 (Debian) SVN/1.14.2 mod_fcgid/2.3.9 OpenSSL/3.0.16 mod_wsgi/4.9.4 Python/3.11 mod_perl/2.0.12 Perl/v5.36.0 (internal dummy connection)"
::1 - - [28/Sep/2025:02:08:57 +0300] "OPTIONS * HTTP/1.0" 200 126 "-" "Apache/2.4.62 (Debian) SVN/1.14.2 mod_fcgid/2.3.9 OpenSSL/3.0.16 mod_wsgi/4.9.4 Python/3.11 mod_perl/2.0.12 Perl/v5.36.0 (internal dummy connection)"
::1 - - [28/Sep/2025:02:08:58 +0300] "OPTIONS * HTTP/1.0" 200 126 "-" "Apache/2.4.62 (Debian) SVN/1.14.2 mod_fcgid/2.3.9 OpenSSL/3.0.16 mod_wsgi/4.9.4 Python/3.11 mod_perl/2.0.12 Perl/v5.36.0 (internal dummy connection)"
::1 - - [28/Sep/2025:02:08:59 +0300] "OPTIONS * HTTP/1.0" 200 126 "-" "Apache/2.4.62 (Debian) SVN/1.14.2 mod_fcgid/2.3.9 OpenSSL/3.0.16 mod_wsgi/4.9.4 Python/3.11 mod_perl/2.0.12 Perl/v5.36.0 (internal dummy connection)"
::1 - - [28/Sep/2025:02:09:00 +0300] "OPTIONS * HTTP/1.0" 200 126 "-" "Apache/2.4.62 (Debian) SVN/1.14.2 mod_fcgid/2.3.9 OpenSSL/3.0.16 mod_wsgi/4.9.4 Python/3.11 mod_perl/2.0.12 Perl/v5.36.0 (internal dummy connection)"
91.215.85.10 - - [28/Sep/2025:02:09:08 +0300] "GET /global-protect/login.esp HTTP/1.1" 404 6821 "-" "Mozilla/5.0 (Macintosh; Intel Mac OS X 15_6_1) AppleWebKit/605.1.15 (KHTML, like Gecko) Version/18.6 Safari/605.1.15"
87.120.191.84 - - [28/Sep/2025:02:09:19 +0300] "GET / HTTP/1.1" 200 2693 "-" "-"
216.244.66.229 - - [28/Sep/2025:02:09:26 +0300] "GET /dk/wiki/module/03-multimedia/lectia-01 HTTP/1.1" 500 185 "-" "Mozilla/5.0 (compatible; DotBot/1.2; +https://opensiteexplorer.org/dotbot; help@moz.com)"
::1 - - [28/Sep/2025:02:09:42 +0300] "OPTIONS * HTTP/1.0" 200 126 "-" "Apache/2.4.62 (Debian) SVN/1.14.2 mod_fcgid/2.3.9 OpenSSL/3.0.16 mod_wsgi/4.9.4 Python/3.11 mod_perl/2.0.12 Perl/v5.36.0 (internal dummy connection)"
52.167.144.227 - - [28/Sep/2025:02:09:45 +0300] "GET /dk/wiki/home?tab_details=history&do=media&tab_files=search&image=module%3A05-introducere-in-programare%3Am05-l03-miscare.png&ns=module%2F10-functii-si-rutine HTTP/1.1" 500 185 "-" "Mozilla/5.0 AppleWebKit/537.36 (KHTML, like Gecko; compatible; bingbot/2.0; +http://www.bing.com/bingbot.htm) Chrome/116.0.1938.76 Safari/537.36"
52.167.144.227 - - [28/Sep/2025:02:10:26 +0300] "GET /dk/wiki/module/04-logica-matematica-geometrie/home?tab_files=files&do=media&tab_details=history&image=module%3A11-basic-web-dev%3Atable.jpg&ns=wiki HTTP/1.1" 500 185 "-" "Mozilla/5.0 AppleWebKit/537.36 (KHTML, like Gecko; compatible; bingbot/2.0; +http://www.bing.com/bingbot.htm) Chrome/116.0.1938.76 Safari/537.36"
::1 - - [28/Sep/2025:02:10:32 +0300] "OPTIONS * HTTP/1.0" 200 126 "-" "Apache/2.4.62 (Debian) SVN/1.14.2 mod_fcgid/2.3.9 OpenSSL/3.0.16 mod_wsgi/4.9.4 Python/3.11 mod_perl/2.0.12 Perl/v5.36.0 (internal dummy connection)"
::1 - - [28/Sep/2025:02:10:33 +0300] "OPTIONS * HTTP/1.0" 200 126 "-" "Apache/2.4.62 (Debian) SVN/1.14.2 mod_fcgid/2.3.9 OpenSSL/3.0.16 mod_wsgi/4.9.4 Python/3.11 mod_perl/2.0.12 Perl/v5.36.0 (internal dummy connection)"
::1 - - [28/Sep/2025:02:10:35 +0300] "OPTIONS * HTTP/1.0" 200 126 "-" "Apache/2.4.62 (Debian) SVN/1.14.2 mod_fcgid/2.3.9 OpenSSL/3.0.16 mod_wsgi/4.9.4 Python/3.11 mod_perl/2.0.12 Perl/v5.36.0 (internal dummy connection)"
85.208.96.204 - - [28/Sep/2025:02:11:15 +0300] "GET /robots.txt HTTP/1.1" 200 1953 "-" "Mozilla/5.0 (compatible; SemrushBot/7~bl; +http://www.semrush.com/bot.html)"
85.208.96.208 - - [28/Sep/2025:02:11:15 +0300] "GET /dk/wiki/module/03-multimedia/lectia-02 HTTP/1.1" 500 185 "-" "Mozilla/5.0 (compatible; SemrushBot/7~bl; +http://www.semrush.com/bot.html)"
::1 - - [28/Sep/2025:02:11:21 +0300] "OPTIONS * HTTP/1.0" 200 126 "-" "Apache/2.4.62 (Debian) SVN/1.14.2 mod_fcgid/2.3.9 OpenSSL/3.0.16 mod_wsgi/4.9.4 Python/3.11 mod_perl/2.0.12 Perl/v5.36.0 (internal dummy connection)"
112.134.153.178 - - [28/Sep/2025:02:11:38 +0300] "GET /cli/wiki/capitole/capitol-07 HTTP/1.1" 500 185 "http://koala.cs.pub.ro/" "Mozilla/5.0 (X11; Ubuntu; Linux i686; rv:114.0) Gecko/20100101 Firefox/114.0"
112.134.153.178 - - [28/Sep/2025:02:11:39 +0300] "GET /cli/wiki/capitole/capitol-07 HTTP/1.1" 500 185 "http://koala.cs.pub.ro/" "Mozilla/5.0 (X11; Ubuntu; Linux i686; rv:114.0) Gecko/20100101 Firefox/114.0"
112.134.153.178 - - [28/Sep/2025:02:11:39 +0300] "GET /cli/wiki/capitole/capitol-07 HTTP/1.1" 500 185 "http://koala.cs.pub.ro/" "Mozilla/5.0 (X11; Ubuntu; Linux i686; rv:114.0) Gecko/20100101 Firefox/114.0"
::1 - - [28/Sep/2025:02:11:57 +0300] "OPTIONS * HTTP/1.0" 200 126 "-" "Apache/2.4.62 (Debian) SVN/1.14.2 mod_fcgid/2.3.9 OpenSSL/3.0.16 mod_wsgi/4.9.4 Python/3.11 mod_perl/2.0.12 Perl/v5.36.0 (internal dummy connection)"
::1 - - [28/Sep/2025:02:12:54 +0300] "OPTIONS * HTTP/1.0" 200 126 "-" "Apache/2.4.62 (Debian) SVN/1.14.2 mod_fcgid/2.3.9 OpenSSL/3.0.16 mod_wsgi/4.9.4 Python/3.11 mod_perl/2.0.12 Perl/v5.36.0 (internal dummy connection)"
::1 - - [28/Sep/2025:02:12:59 +0300] "OPTIONS * HTTP/1.0" 200 126 "-" "Apache/2.4.62 (Debian) SVN/1.14.2 mod_fcgid/2.3.9 OpenSSL/3.0.16 mod_wsgi/4.9.4 Python/3.11 mod_perl/2.0.12 Perl/v5.36.0 (internal dummy connection)"
::1 - - [28/Sep/2025:02:13:13 +0300] "OPTIONS * HTTP/1.0" 200 126 "-" "Apache/2.4.62 (Debian) SVN/1.14.2 mod_fcgid/2.3.9 OpenSSL/3.0.16 mod_wsgi/4.9.4 Python/3.11 mod_perl/2.0.12 Perl/v5.36.0 (internal dummy connection)"
::1 - - [28/Sep/2025:02:13:14 +0300] "OPTIONS * HTTP/1.0" 200 126 "-" "Apache/2.4.62 (Debian) SVN/1.14.2 mod_fcgid/2.3.9 OpenSSL/3.0.16 mod_wsgi/4.9.4 Python/3.11 mod_perl/2.0.12 Perl/v5.36.0 (internal dummy connection)"
::1 - - [28/Sep/2025:02:13:15 +0300] "OPTIONS * HTTP/1.0" 200 126 "-" "Apache/2.4.62 (Debian) SVN/1.14.2 mod_fcgid/2.3.9 OpenSSL/3.0.16 mod_wsgi/4.9.4 Python/3.11 mod_perl/2.0.12 Perl/v5.36.0 (internal dummy connection)"
::1 - - [28/Sep/2025:02:13:16 +0300] "OPTIONS * HTTP/1.0" 200 126 "-" "Apache/2.4.62 (Debian) SVN/1.14.2 mod_fcgid/2.3.9 OpenSSL/3.0.16 mod_wsgi/4.9.4 Python/3.11 mod_perl/2.0.12 Perl/v5.36.0 (internal dummy connection)"
::1 - - [28/Sep/2025:02:13:17 +0300] "OPTIONS * HTTP/1.0" 200 126 "-" "Apache/2.4.62 (Debian) SVN/1.14.2 mod_fcgid/2.3.9 OpenSSL/3.0.16 mod_wsgi/4.9.4 Python/3.11 mod_perl/2.0.12 Perl/v5.36.0 (internal dummy connection)"
52.167.144.208 - - [28/Sep/2025:02:13:26 +0300] "GET /dk/wiki/home?do=login&sectok=154e30b71e550243fd0d5b69d290aa8b HTTP/1.1" 500 6685 "-" "Mozilla/5.0 AppleWebKit/537.36 (KHTML, like Gecko; compatible; bingbot/2.0; +http://www.bing.com/bingbot.htm) Chrome/116.0.1938.76 Safari/537.36"
52.167.144.208 - - [28/Sep/2025:02:13:26 +0300] "GET /dk/wiki/home?image=module%3A10-functii-si-rutine%3Am10_l2_ex2.png&tab_details=view&do=media&tab_files=upload&ns=module%2F07-bucle-in-programare HTTP/1.1" 500 185 "-" "Mozilla/5.0 AppleWebKit/537.36 (KHTML, like Gecko; compatible; bingbot/2.0; +http://www.bing.com/bingbot.htm) Chrome/116.0.1938.76 Safari/537.36"
::1 - - [28/Sep/2025:02:14:01 +0300] "OPTIONS * HTTP/1.0" 200 126 "-" "Apache/2.4.62 (Debian) SVN/1.14.2 mod_fcgid/2.3.9 OpenSSL/3.0.16 mod_wsgi/4.9.4 Python/3.11 mod_perl/2.0.12 Perl/v5.36.0 (internal dummy connection)"
::1 - - [28/Sep/2025:02:14:02 +0300] "OPTIONS * HTTP/1.0" 200 126 "-" "Apache/2.4.62 (Debian) SVN/1.14.2 mod_fcgid/2.3.9 OpenSSL/3.0.16 mod_wsgi/4.9.4 Python/3.11 mod_perl/2.0.12 Perl/v5.36.0 (internal dummy connection)"
::1 - - [28/Sep/2025:02:14:03 +0300] "OPTIONS * HTTP/1.0" 200 126 "-" "Apache/2.4.62 (Debian) SVN/1.14.2 mod_fcgid/2.3.9 OpenSSL/3.0.16 mod_wsgi/4.9.4 Python/3.11 mod_perl/2.0.12 Perl/v5.36.0 (internal dummy connection)"
::1 - - [28/Sep/2025:02:14:04 +0300] "OPTIONS * HTTP/1.0" 200 126 "-" "Apache/2.4.62 (Debian) SVN/1.14.2 mod_fcgid/2.3.9 OpenSSL/3.0.16 mod_wsgi/4.9.4 Python/3.11 mod_perl/2.0.12 Perl/v5.36.0 (internal dummy connection)"
::1 - - [28/Sep/2025:02:14:05 +0300] "OPTIONS * HTTP/1.0" 200 126 "-" "Apache/2.4.62 (Debian) SVN/1.14.2 mod_fcgid/2.3.9 OpenSSL/3.0.16 mod_wsgi/4.9.4 Python/3.11 mod_perl/2.0.12 Perl/v5.36.0 (internal dummy connection)"
::1 - - [28/Sep/2025:02:14:06 +0300] "OPTIONS * HTTP/1.0" 200 126 "-" "Apache/2.4.62 (Debian) SVN/1.14.2 mod_fcgid/2.3.9 OpenSSL/3.0.16 mod_wsgi/4.9.4 Python/3.11 mod_perl/2.0.12 Perl/v5.36.0 (internal dummy connection)"
::1 - - [28/Sep/2025:02:14:07 +0300] "OPTIONS * HTTP/1.0" 200 126 "-" "Apache/2.4.62 (Debian) SVN/1.14.2 mod_fcgid/2.3.9 OpenSSL/3.0.16 mod_wsgi/4.9.4 Python/3.11 mod_perl/2.0.12 Perl/v5.36.0 (internal dummy connection)"
::1 - - [28/Sep/2025:02:14:08 +0300] "OPTIONS * HTTP/1.0" 200 126 "-" "Apache/2.4.62 (Debian) SVN/1.14.2 mod_fcgid/2.3.9 OpenSSL/3.0.16 mod_wsgi/4.9.4 Python/3.11 mod_perl/2.0.12 Perl/v5.36.0 (internal dummy connection)"
::1 - - [28/Sep/2025:02:14:14 +0300] "OPTIONS * HTTP/1.0" 200 126 "-" "Apache/2.4.62 (Debian) SVN/1.14.2 mod_fcgid/2.3.9 OpenSSL/3.0.16 mod_wsgi/4.9.4 Python/3.11 mod_perl/2.0.12 Perl/v5.36.0 (internal dummy connection)"
52.167.144.227 - - [28/Sep/2025:02:14:36 +0300] "GET /dk/wiki/home?do=login&sectok=924d070a303d797e5ac329ced5b3f316 HTTP/1.1" 500 6685 "-" "Mozilla/5.0 AppleWebKit/537.36 (KHTML, like Gecko; compatible; bingbot/2.0; +http://www.bing.com/bingbot.htm) Chrome/116.0.1938.76 Safari/537.36"
::1 - - [28/Sep/2025:02:14:51 +0300] "OPTIONS * HTTP/1.0" 200 126 "-" "Apache/2.4.62 (Debian) SVN/1.14.2 mod_fcgid/2.3.9 OpenSSL/3.0.16 mod_wsgi/4.9.4 Python/3.11 mod_perl/2.0.12 Perl/v5.36.0 (internal dummy connection)"
::1 - - [28/Sep/2025:02:14:52 +0300] "OPTIONS * HTTP/1.0" 200 126 "-" "Apache/2.4.62 (Debian) SVN/1.14.2 mod_fcgid/2.3.9 OpenSSL/3.0.16 mod_wsgi/4.9.4 Python/3.11 mod_perl/2.0.12 Perl/v5.36.0 (internal dummy connection)"
::1 - - [28/Sep/2025:02:14:53 +0300] "OPTIONS * HTTP/1.0" 200 126 "-" "Apache/2.4.62 (Debian) SVN/1.14.2 mod_fcgid/2.3.9 OpenSSL/3.0.16 mod_wsgi/4.9.4 Python/3.11 mod_perl/2.0.12 Perl/v5.36.0 (internal dummy connection)"
::1 - - [28/Sep/2025:02:15:00 +0300] "OPTIONS * HTTP/1.0" 200 126 "-" "Apache/2.4.62 (Debian) SVN/1.14.2 mod_fcgid/2.3.9 OpenSSL/3.0.16 mod_wsgi/4.9.4 Python/3.11 mod_perl/2.0.12 Perl/v5.36.0 (internal dummy connection)"
::1 - - [28/Sep/2025:02:15:38 +0300] "OPTIONS * HTTP/1.0" 200 126 "-" "Apache/2.4.62 (Debian) SVN/1.14.2 mod_fcgid/2.3.9 OpenSSL/3.0.16 mod_wsgi/4.9.4 Python/3.11 mod_perl/2.0.12 Perl/v5.36.0 (internal dummy connection)"
::1 - - [28/Sep/2025:02:15:40 +0300] "OPTIONS * HTTP/1.0" 200 126 "-" "Apache/2.4.62 (Debian) SVN/1.14.2 mod_fcgid/2.3.9 OpenSSL/3.0.16 mod_wsgi/4.9.4 Python/3.11 mod_perl/2.0.12 Perl/v5.36.0 (internal dummy connection)"
::1 - - [28/Sep/2025:02:15:41 +0300] "OPTIONS * HTTP/1.0" 200 126 "-" "Apache/2.4.62 (Debian) SVN/1.14.2 mod_fcgid/2.3.9 OpenSSL/3.0.16 mod_wsgi/4.9.4 Python/3.11 mod_perl/2.0.12 Perl/v5.36.0 (internal dummy connection)"
::1 - - [28/Sep/2025:02:15:42 +0300] "OPTIONS * HTTP/1.0" 200 126 "-" "Apache/2.4.62 (Debian) SVN/1.14.2 mod_fcgid/2.3.9 OpenSSL/3.0.16 mod_wsgi/4.9.4 Python/3.11 mod_perl/2.0.12 Perl/v5.36.0 (internal dummy connection)"
::1 - - [28/Sep/2025:02:15:43 +0300] "OPTIONS * HTTP/1.0" 200 126 "-" "Apache/2.4.62 (Debian) SVN/1.14.2 mod_fcgid/2.3.9 OpenSSL/3.0.16 mod_wsgi/4.9.4 Python/3.11 mod_perl/2.0.12 Perl/v5.36.0 (internal dummy connection)"
::1 - - [28/Sep/2025:02:15:44 +0300] "OPTIONS * HTTP/1.0" 200 126 "-" "Apache/2.4.62 (Debian) SVN/1.14.2 mod_fcgid/2.3.9 OpenSSL/3.0.16 mod_wsgi/4.9.4 Python/3.11 mod_perl/2.0.12 Perl/v5.36.0 (internal dummy connection)"
::1 - - [28/Sep/2025:02:15:47 +0300] "OPTIONS * HTTP/1.0" 200 126 "-" "Apache/2.4.62 (Debian) SVN/1.14.2 mod_fcgid/2.3.9 OpenSSL/3.0.16 mod_wsgi/4.9.4 Python/3.11 mod_perl/2.0.12 Perl/v5.36.0 (internal dummy connection)"
57.141.0.30 - - [28/Sep/2025:02:16:06 +0300] "GET /dk/wiki/_export/xhtml/module/03-multimedia/lectia-01 HTTP/1.1" 500 6594 "-" "meta-externalagent/1.1 (+https://developers.facebook.com/docs/sharing/webmasters/crawler)"
::1 - - [28/Sep/2025:02:16:27 +0300] "OPTIONS * HTTP/1.0" 200 126 "-" "Apache/2.4.62 (Debian) SVN/1.14.2 mod_fcgid/2.3.9 OpenSSL/3.0.16 mod_wsgi/4.9.4 Python/3.11 mod_perl/2.0.12 Perl/v5.36.0 (internal dummy connection)"
::1 - - [28/Sep/2025:02:16:28 +0300] "OPTIONS * HTTP/1.0" 200 126 "-" "Apache/2.4.62 (Debian) SVN/1.14.2 mod_fcgid/2.3.9 OpenSSL/3.0.16 mod_wsgi/4.9.4 Python/3.11 mod_perl/2.0.12 Perl/v5.36.0 (internal dummy connection)"
::1 - - [28/Sep/2025:02:16:29 +0300] "OPTIONS * HTTP/1.0" 200 126 "-" "Apache/2.4.62 (Debian) SVN/1.14.2 mod_fcgid/2.3.9 OpenSSL/3.0.16 mod_wsgi/4.9.4 Python/3.11 mod_perl/2.0.12 Perl/v5.36.0 (internal dummy connection)"
::1 - - [28/Sep/2025:02:16:30 +0300] "OPTIONS * HTTP/1.0" 200 126 "-" "Apache/2.4.62 (Debian) SVN/1.14.2 mod_fcgid/2.3.9 OpenSSL/3.0.16 mod_wsgi/4.9.4 Python/3.11 mod_perl/2.0.12 Perl/v5.36.0 (internal dummy connection)"
::1 - - [28/Sep/2025:02:16:31 +0300] "OPTIONS * HTTP/1.0" 200 126 "-" "Apache/2.4.62 (Debian) SVN/1.14.2 mod_fcgid/2.3.9 OpenSSL/3.0.16 mod_wsgi/4.9.4 Python/3.11 mod_perl/2.0.12 Perl/v5.36.0 (internal dummy connection)"
::1 - - [28/Sep/2025:02:16:32 +0300] "OPTIONS * HTTP/1.0" 200 126 "-" "Apache/2.4.62 (Debian) SVN/1.14.2 mod_fcgid/2.3.9 OpenSSL/3.0.16 mod_wsgi/4.9.4 Python/3.11 mod_perl/2.0.12 Perl/v5.36.0 (internal dummy connection)"
66.249.66.7 - - [28/Sep/2025:02:16:41 +0300] "GET /dk/wiki/_detail/module/05-introducere-in-programare/capture111.png?id=module%3A05-introducere-in-programare%3Alectie-02 HTTP/1.1" 500 6511 "-" "Googlebot-Image/1.0"
::1 - - [28/Sep/2025:02:16:47 +0300] "OPTIONS * HTTP/1.0" 200 126 "-" "Apache/2.4.62 (Debian) SVN/1.14.2 mod_fcgid/2.3.9 OpenSSL/3.0.16 mod_wsgi/4.9.4 Python/3.11 mod_perl/2.0.12 Perl/v5.36.0 (internal dummy connection)"
::1 - - [28/Sep/2025:02:16:48 +0300] "OPTIONS * HTTP/1.0" 200 126 "-" "Apache/2.4.62 (Debian) SVN/1.14.2 mod_fcgid/2.3.9 OpenSSL/3.0.16 mod_wsgi/4.9.4 Python/3.11 mod_perl/2.0.12 Perl/v5.36.0 (internal dummy connection)"
::1 - - [28/Sep/2025:02:16:49 +0300] "OPTIONS * HTTP/1.0" 200 126 "-" "Apache/2.4.62 (Debian) SVN/1.14.2 mod_fcgid/2.3.9 OpenSSL/3.0.16 mod_wsgi/4.9.4 Python/3.11 mod_perl/2.0.12 Perl/v5.36.0 (internal dummy connection)"
::1 - - [28/Sep/2025:02:16:52 +0300] "OPTIONS * HTTP/1.0" 200 126 "-" "Apache/2.4.62 (Debian) SVN/1.14.2 mod_fcgid/2.3.9 OpenSSL/3.0.16 mod_wsgi/4.9.4 Python/3.11 mod_perl/2.0.12 Perl/v5.36.0 (internal dummy connection)"
::1 - - [28/Sep/2025:02:16:54 +0300] "OPTIONS * HTTP/1.0" 200 126 "-" "Apache/2.4.62 (Debian) SVN/1.14.2 mod_fcgid/2.3.9 OpenSSL/3.0.16 mod_wsgi/4.9.4 Python/3.11 mod_perl/2.0.12 Perl/v5.36.0 (internal dummy connection)"
::1 - - [28/Sep/2025:02:16:55 +0300] "OPTIONS * HTTP/1.0" 200 126 "-" "Apache/2.4.62 (Debian) SVN/1.14.2 mod_fcgid/2.3.9 OpenSSL/3.0.16 mod_wsgi/4.9.4 Python/3.11 mod_perl/2.0.12 Perl/v5.36.0 (internal dummy connection)"
::1 - - [28/Sep/2025:02:16:58 +0300] "OPTIONS * HTTP/1.0" 200 126 "-" "Apache/2.4.62 (Debian) SVN/1.14.2 mod_fcgid/2.3.9 OpenSSL/3.0.16 mod_wsgi/4.9.4 Python/3.11 mod_perl/2.0.12 Perl/v5.36.0 (internal dummy connection)"
::1 - - [28/Sep/2025:02:17:08 +0300] "OPTIONS * HTTP/1.0" 200 126 "-" "Apache/2.4.62 (Debian) SVN/1.14.2 mod_fcgid/2.3.9 OpenSSL/3.0.16 mod_wsgi/4.9.4 Python/3.11 mod_perl/2.0.12 Perl/v5.36.0 (internal dummy connection)"
::1 - - [28/Sep/2025:02:17:09 +0300] "OPTIONS * HTTP/1.0" 200 126 "-" "Apache/2.4.62 (Debian) SVN/1.14.2 mod_fcgid/2.3.9 OpenSSL/3.0.16 mod_wsgi/4.9.4 Python/3.11 mod_perl/2.0.12 Perl/v5.36.0 (internal dummy connection)"
::1 - - [28/Sep/2025:02:17:10 +0300] "OPTIONS * HTTP/1.0" 200 126 "-" "Apache/2.4.62 (Debian) SVN/1.14.2 mod_fcgid/2.3.9 OpenSSL/3.0.16 mod_wsgi/4.9.4 Python/3.11 mod_perl/2.0.12 Perl/v5.36.0 (internal dummy connection)"
::1 - - [28/Sep/2025:02:17:11 +0300] "OPTIONS * HTTP/1.0" 200 126 "-" "Apache/2.4.62 (Debian) SVN/1.14.2 mod_fcgid/2.3.9 OpenSSL/3.0.16 mod_wsgi/4.9.4 Python/3.11 mod_perl/2.0.12 Perl/v5.36.0 (internal dummy connection)"
::1 - - [28/Sep/2025:02:17:12 +0300] "OPTIONS * HTTP/1.0" 200 126 "-" "Apache/2.4.62 (Debian) SVN/1.14.2 mod_fcgid/2.3.9 OpenSSL/3.0.16 mod_wsgi/4.9.4 Python/3.11 mod_perl/2.0.12 Perl/v5.36.0 (internal dummy connection)"
::1 - - [28/Sep/2025:02:17:13 +0300] "OPTIONS * HTTP/1.0" 200 126 "-" "Apache/2.4.62 (Debian) SVN/1.14.2 mod_fcgid/2.3.9 OpenSSL/3.0.16 mod_wsgi/4.9.4 Python/3.11 mod_perl/2.0.12 Perl/v5.36.0 (internal dummy connection)"
::1 - - [28/Sep/2025:02:17:14 +0300] "OPTIONS * HTTP/1.0" 200 126 "-" "Apache/2.4.62 (Debian) SVN/1.14.2 mod_fcgid/2.3.9 OpenSSL/3.0.16 mod_wsgi/4.9.4 Python/3.11 mod_perl/2.0.12 Perl/v5.36.0 (internal dummy connection)"
::1 - - [28/Sep/2025:02:17:15 +0300] "OPTIONS * HTTP/1.0" 200 126 "-" "Apache/2.4.62 (Debian) SVN/1.14.2 mod_fcgid/2.3.9 OpenSSL/3.0.16 mod_wsgi/4.9.4 Python/3.11 mod_perl/2.0.12 Perl/v5.36.0 (internal dummy connection)"
::1 - - [28/Sep/2025:02:17:16 +0300] "OPTIONS * HTTP/1.0" 200 126 "-" "Apache/2.4.62 (Debian) SVN/1.14.2 mod_fcgid/2.3.9 OpenSSL/3.0.16 mod_wsgi/4.9.4 Python/3.11 mod_perl/2.0.12 Perl/v5.36.0 (internal dummy connection)"
::1 - - [28/Sep/2025:02:17:17 +0300] "OPTIONS * HTTP/1.0" 200 126 "-" "Apache/2.4.62 (Debian) SVN/1.14.2 mod_fcgid/2.3.9 OpenSSL/3.0.16 mod_wsgi/4.9.4 Python/3.11 mod_perl/2.0.12 Perl/v5.36.0 (internal dummy connection)"
::1 - - [28/Sep/2025:02:17:18 +0300] "OPTIONS * HTTP/1.0" 200 126 "-" "Apache/2.4.62 (Debian) SVN/1.14.2 mod_fcgid/2.3.9 OpenSSL/3.0.16 mod_wsgi/4.9.4 Python/3.11 mod_perl/2.0.12 Perl/v5.36.0 (internal dummy connection)"
::1 - - [28/Sep/2025:02:17:19 +0300] "OPTIONS * HTTP/1.0" 200 126 "-" "Apache/2.4.62 (Debian) SVN/1.14.2 mod_fcgid/2.3.9 OpenSSL/3.0.16 mod_wsgi/4.9.4 Python/3.11 mod_perl/2.0.12 Perl/v5.36.0 (internal dummy connection)"
::1 - - [28/Sep/2025:02:17:20 +0300] "OPTIONS * HTTP/1.0" 200 126 "-" "Apache/2.4.62 (Debian) SVN/1.14.2 mod_fcgid/2.3.9 OpenSSL/3.0.16 mod_wsgi/4.9.4 Python/3.11 mod_perl/2.0.12 Perl/v5.36.0 (internal dummy connection)"
::1 - - [28/Sep/2025:02:17:21 +0300] "OPTIONS * HTTP/1.0" 200 126 "-" "Apache/2.4.62 (Debian) SVN/1.14.2 mod_fcgid/2.3.9 OpenSSL/3.0.16 mod_wsgi/4.9.4 Python/3.11 mod_perl/2.0.12 Perl/v5.36.0 (internal dummy connection)"
::1 - - [28/Sep/2025:02:17:22 +0300] "OPTIONS * HTTP/1.0" 200 126 "-" "Apache/2.4.62 (Debian) SVN/1.14.2 mod_fcgid/2.3.9 OpenSSL/3.0.16 mod_wsgi/4.9.4 Python/3.11 mod_perl/2.0.12 Perl/v5.36.0 (internal dummy connection)"
::1 - - [28/Sep/2025:02:17:23 +0300] "OPTIONS * HTTP/1.0" 200 126 "-" "Apache/2.4.62 (Debian) SVN/1.14.2 mod_fcgid/2.3.9 OpenSSL/3.0.16 mod_wsgi/4.9.4 Python/3.11 mod_perl/2.0.12 Perl/v5.36.0 (internal dummy connection)"
::1 - - [28/Sep/2025:02:17:24 +0300] "OPTIONS * HTTP/1.0" 200 126 "-" "Apache/2.4.62 (Debian) SVN/1.14.2 mod_fcgid/2.3.9 OpenSSL/3.0.16 mod_wsgi/4.9.4 Python/3.11 mod_perl/2.0.12 Perl/v5.36.0 (internal dummy connection)"
::1 - - [28/Sep/2025:02:17:25 +0300] "OPTIONS * HTTP/1.0" 200 126 "-" "Apache/2.4.62 (Debian) SVN/1.14.2 mod_fcgid/2.3.9 OpenSSL/3.0.16 mod_wsgi/4.9.4 Python/3.11 mod_perl/2.0.12 Perl/v5.36.0 (internal dummy connection)"
::1 - - [28/Sep/2025:02:17:26 +0300] "OPTIONS * HTTP/1.0" 200 126 "-" "Apache/2.4.62 (Debian) SVN/1.14.2 mod_fcgid/2.3.9 OpenSSL/3.0.16 mod_wsgi/4.9.4 Python/3.11 mod_perl/2.0.12 Perl/v5.36.0 (internal dummy connection)"
85.208.96.203 - - [28/Sep/2025:02:17:38 +0300] "GET /dk/wiki/module/12-aplicatii-mobile/lectie-04 HTTP/1.1" 500 185 "-" "Mozilla/5.0 (compatible; SemrushBot/7~bl; +http://www.semrush.com/bot.html)"
::1 - - [28/Sep/2025:02:17:59 +0300] "OPTIONS * HTTP/1.0" 200 126 "-" "Apache/2.4.62 (Debian) SVN/1.14.2 mod_fcgid/2.3.9 OpenSSL/3.0.16 mod_wsgi/4.9.4 Python/3.11 mod_perl/2.0.12 Perl/v5.36.0 (internal dummy connection)"
::1 - - [28/Sep/2025:02:18:00 +0300] "OPTIONS * HTTP/1.0" 200 126 "-" "Apache/2.4.62 (Debian) SVN/1.14.2 mod_fcgid/2.3.9 OpenSSL/3.0.16 mod_wsgi/4.9.4 Python/3.11 mod_perl/2.0.12 Perl/v5.36.0 (internal dummy connection)"
::1 - - [28/Sep/2025:02:18:01 +0300] "OPTIONS * HTTP/1.0" 200 126 "-" "Apache/2.4.62 (Debian) SVN/1.14.2 mod_fcgid/2.3.9 OpenSSL/3.0.16 mod_wsgi/4.9.4 Python/3.11 mod_perl/2.0.12 Perl/v5.36.0 (internal dummy connection)"
::1 - - [28/Sep/2025:02:18:02 +0300] "OPTIONS * HTTP/1.0" 200 126 "-" "Apache/2.4.62 (Debian) SVN/1.14.2 mod_fcgid/2.3.9 OpenSSL/3.0.16 mod_wsgi/4.9.4 Python/3.11 mod_perl/2.0.12 Perl/v5.36.0 (internal dummy connection)"
::1 - - [28/Sep/2025:02:18:03 +0300] "OPTIONS * HTTP/1.0" 200 126 "-" "Apache/2.4.62 (Debian) SVN/1.14.2 mod_fcgid/2.3.9 OpenSSL/3.0.16 mod_wsgi/4.9.4 Python/3.11 mod_perl/2.0.12 Perl/v5.36.0 (internal dummy connection)"
::1 - - [28/Sep/2025:02:18:04 +0300] "OPTIONS * HTTP/1.0" 200 126 "-" "Apache/2.4.62 (Debian) SVN/1.14.2 mod_fcgid/2.3.9 OpenSSL/3.0.16 mod_wsgi/4.9.4 Python/3.11 mod_perl/2.0.12 Perl/v5.36.0 (internal dummy connection)"
::1 - - [28/Sep/2025:02:18:05 +0300] "OPTIONS * HTTP/1.0" 200 126 "-" "Apache/2.4.62 (Debian) SVN/1.14.2 mod_fcgid/2.3.9 OpenSSL/3.0.16 mod_wsgi/4.9.4 Python/3.11 mod_perl/2.0.12 Perl/v5.36.0 (internal dummy connection)"
::1 - - [28/Sep/2025:02:18:06 +0300] "OPTIONS * HTTP/1.0" 200 126 "-" "Apache/2.4.62 (Debian) SVN/1.14.2 mod_fcgid/2.3.9 OpenSSL/3.0.16 mod_wsgi/4.9.4 Python/3.11 mod_perl/2.0.12 Perl/v5.36.0 (internal dummy connection)"
::1 - - [28/Sep/2025:02:18:07 +0300] "OPTIONS * HTTP/1.0" 200 126 "-" "Apache/2.4.62 (Debian) SVN/1.14.2 mod_fcgid/2.3.9 OpenSSL/3.0.16 mod_wsgi/4.9.4 Python/3.11 mod_perl/2.0.12 Perl/v5.36.0 (internal dummy connection)"
::1 - - [28/Sep/2025:02:18:08 +0300] "OPTIONS * HTTP/1.0" 200 126 "-" "Apache/2.4.62 (Debian) SVN/1.14.2 mod_fcgid/2.3.9 OpenSSL/3.0.16 mod_wsgi/4.9.4 Python/3.11 mod_perl/2.0.12 Perl/v5.36.0 (internal dummy connection)"
::1 - - [28/Sep/2025:02:18:09 +0300] "OPTIONS * HTTP/1.0" 200 126 "-" "Apache/2.4.62 (Debian) SVN/1.14.2 mod_fcgid/2.3.9 OpenSSL/3.0.16 mod_wsgi/4.9.4 Python/3.11 mod_perl/2.0.12 Perl/v5.36.0 (internal dummy connection)"
::1 - - [28/Sep/2025:02:18:10 +0300] "OPTIONS * HTTP/1.0" 200 126 "-" "Apache/2.4.62 (Debian) SVN/1.14.2 mod_fcgid/2.3.9 OpenSSL/3.0.16 mod_wsgi/4.9.4 Python/3.11 mod_perl/2.0.12 Perl/v5.36.0 (internal dummy connection)"
::1 - - [28/Sep/2025:02:18:11 +0300] "OPTIONS * HTTP/1.0" 200 126 "-" "Apache/2.4.62 (Debian) SVN/1.14.2 mod_fcgid/2.3.9 OpenSSL/3.0.16 mod_wsgi/4.9.4 Python/3.11 mod_perl/2.0.12 Perl/v5.36.0 (internal dummy connection)"
::1 - - [28/Sep/2025:02:18:12 +0300] "OPTIONS * HTTP/1.0" 200 126 "-" "Apache/2.4.62 (Debian) SVN/1.14.2 mod_fcgid/2.3.9 OpenSSL/3.0.16 mod_wsgi/4.9.4 Python/3.11 mod_perl/2.0.12 Perl/v5.36.0 (internal dummy connection)"
::1 - - [28/Sep/2025:02:18:13 +0300] "OPTIONS * HTTP/1.0" 200 126 "-" "Apache/2.4.62 (Debian) SVN/1.14.2 mod_fcgid/2.3.9 OpenSSL/3.0.16 mod_wsgi/4.9.4 Python/3.11 mod_perl/2.0.12 Perl/v5.36.0 (internal dummy connection)"
::1 - - [28/Sep/2025:02:18:14 +0300] "OPTIONS * HTTP/1.0" 200 126 "-" "Apache/2.4.62 (Debian) SVN/1.14.2 mod_fcgid/2.3.9 OpenSSL/3.0.16 mod_wsgi/4.9.4 Python/3.11 mod_perl/2.0.12 Perl/v5.36.0 (internal dummy connection)"
::1 - - [28/Sep/2025:02:18:20 +0300] "OPTIONS * HTTP/1.0" 200 126 "-" "Apache/2.4.62 (Debian) SVN/1.14.2 mod_fcgid/2.3.9 OpenSSL/3.0.16 mod_wsgi/4.9.4 Python/3.11 mod_perl/2.0.12 Perl/v5.36.0 (internal dummy connection)"
::1 - - [28/Sep/2025:02:18:21 +0300] "OPTIONS * HTTP/1.0" 200 126 "-" "Apache/2.4.62 (Debian) SVN/1.14.2 mod_fcgid/2.3.9 OpenSSL/3.0.16 mod_wsgi/4.9.4 Python/3.11 mod_perl/2.0.12 Perl/v5.36.0 (internal dummy connection)"
::1 - - [28/Sep/2025:02:18:34 +0300] "OPTIONS * HTTP/1.0" 200 126 "-" "Apache/2.4.62 (Debian) SVN/1.14.2 mod_fcgid/2.3.9 OpenSSL/3.0.16 mod_wsgi/4.9.4 Python/3.11 mod_perl/2.0.12 Perl/v5.36.0 (internal dummy connection)"
::1 - - [28/Sep/2025:02:18:35 +0300] "OPTIONS * HTTP/1.0" 200 126 "-" "Apache/2.4.62 (Debian) SVN/1.14.2 mod_fcgid/2.3.9 OpenSSL/3.0.16 mod_wsgi/4.9.4 Python/3.11 mod_perl/2.0.12 Perl/v5.36.0 (internal dummy connection)"
::1 - - [28/Sep/2025:02:18:36 +0300] "OPTIONS * HTTP/1.0" 200 126 "-" "Apache/2.4.62 (Debian) SVN/1.14.2 mod_fcgid/2.3.9 OpenSSL/3.0.16 mod_wsgi/4.9.4 Python/3.11 mod_perl/2.0.12 Perl/v5.36.0 (internal dummy connection)"
::1 - - [28/Sep/2025:02:18:37 +0300] "OPTIONS * HTTP/1.0" 200 126 "-" "Apache/2.4.62 (Debian) SVN/1.14.2 mod_fcgid/2.3.9 OpenSSL/3.0.16 mod_wsgi/4.9.4 Python/3.11 mod_perl/2.0.12 Perl/v5.36.0 (internal dummy connection)"
::1 - - [28/Sep/2025:02:18:38 +0300] "OPTIONS * HTTP/1.0" 200 126 "-" "Apache/2.4.62 (Debian) SVN/1.14.2 mod_fcgid/2.3.9 OpenSSL/3.0.16 mod_wsgi/4.9.4 Python/3.11 mod_perl/2.0.12 Perl/v5.36.0 (internal dummy connection)"
::1 - - [28/Sep/2025:02:18:39 +0300] "OPTIONS * HTTP/1.0" 200 126 "-" "Apache/2.4.62 (Debian) SVN/1.14.2 mod_fcgid/2.3.9 OpenSSL/3.0.16 mod_wsgi/4.9.4 Python/3.11 mod_perl/2.0.12 Perl/v5.36.0 (internal dummy connection)"
::1 - - [28/Sep/2025:02:18:40 +0300] "OPTIONS * HTTP/1.0" 200 126 "-" "Apache/2.4.62 (Debian) SVN/1.14.2 mod_fcgid/2.3.9 OpenSSL/3.0.16 mod_wsgi/4.9.4 Python/3.11 mod_perl/2.0.12 Perl/v5.36.0 (internal dummy connection)"
::1 - - [28/Sep/2025:02:18:41 +0300] "OPTIONS * HTTP/1.0" 200 126 "-" "Apache/2.4.62 (Debian) SVN/1.14.2 mod_fcgid/2.3.9 OpenSSL/3.0.16 mod_wsgi/4.9.4 Python/3.11 mod_perl/2.0.12 Perl/v5.36.0 (internal dummy connection)"
::1 - - [28/Sep/2025:02:18:48 +0300] "OPTIONS * HTTP/1.0" 200 126 "-" "Apache/2.4.62 (Debian) SVN/1.14.2 mod_fcgid/2.3.9 OpenSSL/3.0.16 mod_wsgi/4.9.4 Python/3.11 mod_perl/2.0.12 Perl/v5.36.0 (internal dummy connection)"
::1 - - [28/Sep/2025:02:18:50 +0300] "OPTIONS * HTTP/1.0" 200 126 "-" "Apache/2.4.62 (Debian) SVN/1.14.2 mod_fcgid/2.3.9 OpenSSL/3.0.16 mod_wsgi/4.9.4 Python/3.11 mod_perl/2.0.12 Perl/v5.36.0 (internal dummy connection)"
::1 - - [28/Sep/2025:02:18:54 +0300] "OPTIONS * HTTP/1.0" 200 126 "-" "Apache/2.4.62 (Debian) SVN/1.14.2 mod_fcgid/2.3.9 OpenSSL/3.0.16 mod_wsgi/4.9.4 Python/3.11 mod_perl/2.0.12 Perl/v5.36.0 (internal dummy connection)"
::1 - - [28/Sep/2025:02:18:55 +0300] "OPTIONS * HTTP/1.0" 200 126 "-" "Apache/2.4.62 (Debian) SVN/1.14.2 mod_fcgid/2.3.9 OpenSSL/3.0.16 mod_wsgi/4.9.4 Python/3.11 mod_perl/2.0.12 Perl/v5.36.0 (internal dummy connection)"
::1 - - [28/Sep/2025:02:18:56 +0300] "OPTIONS * HTTP/1.0" 200 126 "-" "Apache/2.4.62 (Debian) SVN/1.14.2 mod_fcgid/2.3.9 OpenSSL/3.0.16 mod_wsgi/4.9.4 Python/3.11 mod_perl/2.0.12 Perl/v5.36.0 (internal dummy connection)"
::1 - - [28/Sep/2025:02:18:57 +0300] "OPTIONS * HTTP/1.0" 200 126 "-" "Apache/2.4.62 (Debian) SVN/1.14.2 mod_fcgid/2.3.9 OpenSSL/3.0.16 mod_wsgi/4.9.4 Python/3.11 mod_perl/2.0.12 Perl/v5.36.0 (internal dummy connection)"
::1 - - [28/Sep/2025:02:18:58 +0300] "OPTIONS * HTTP/1.0" 200 126 "-" "Apache/2.4.62 (Debian) SVN/1.14.2 mod_fcgid/2.3.9 OpenSSL/3.0.16 mod_wsgi/4.9.4 Python/3.11 mod_perl/2.0.12 Perl/v5.36.0 (internal dummy connection)"
::1 - - [28/Sep/2025:02:18:59 +0300] "OPTIONS * HTTP/1.0" 200 126 "-" "Apache/2.4.62 (Debian) SVN/1.14.2 mod_fcgid/2.3.9 OpenSSL/3.0.16 mod_wsgi/4.9.4 Python/3.11 mod_perl/2.0.12 Perl/v5.36.0 (internal dummy connection)"
::1 - - [28/Sep/2025:02:19:00 +0300] "OPTIONS * HTTP/1.0" 200 126 "-" "Apache/2.4.62 (Debian) SVN/1.14.2 mod_fcgid/2.3.9 OpenSSL/3.0.16 mod_wsgi/4.9.4 Python/3.11 mod_perl/2.0.12 Perl/v5.36.0 (internal dummy connection)"
::1 - - [28/Sep/2025:02:19:01 +0300] "OPTIONS * HTTP/1.0" 200 126 "-" "Apache/2.4.62 (Debian) SVN/1.14.2 mod_fcgid/2.3.9 OpenSSL/3.0.16 mod_wsgi/4.9.4 Python/3.11 mod_perl/2.0.12 Perl/v5.36.0 (internal dummy connection)"
::1 - - [28/Sep/2025:02:19:02 +0300] "OPTIONS * HTTP/1.0" 200 126 "-" "Apache/2.4.62 (Debian) SVN/1.14.2 mod_fcgid/2.3.9 OpenSSL/3.0.16 mod_wsgi/4.9.4 Python/3.11 mod_perl/2.0.12 Perl/v5.36.0 (internal dummy connection)"
::1 - - [28/Sep/2025:02:19:03 +0300] "OPTIONS * HTTP/1.0" 200 126 "-" "Apache/2.4.62 (Debian) SVN/1.14.2 mod_fcgid/2.3.9 OpenSSL/3.0.16 mod_wsgi/4.9.4 Python/3.11 mod_perl/2.0.12 Perl/v5.36.0 (internal dummy connection)"
::1 - - [28/Sep/2025:02:19:04 +0300] "OPTIONS * HTTP/1.0" 200 126 "-" "Apache/2.4.62 (Debian) SVN/1.14.2 mod_fcgid/2.3.9 OpenSSL/3.0.16 mod_wsgi/4.9.4 Python/3.11 mod_perl/2.0.12 Perl/v5.36.0 (internal dummy connection)"
::1 - - [28/Sep/2025:02:19:05 +0300] "OPTIONS * HTTP/1.0" 200 126 "-" "Apache/2.4.62 (Debian) SVN/1.14.2 mod_fcgid/2.3.9 OpenSSL/3.0.16 mod_wsgi/4.9.4 Python/3.11 mod_perl/2.0.12 Perl/v5.36.0 (internal dummy connection)"
::1 - - [28/Sep/2025:02:19:07 +0300] "OPTIONS * HTTP/1.0" 200 126 "-" "Apache/2.4.62 (Debian) SVN/1.14.2 mod_fcgid/2.3.9 OpenSSL/3.0.16 mod_wsgi/4.9.4 Python/3.11 mod_perl/2.0.12 Perl/v5.36.0 (internal dummy connection)"
::1 - - [28/Sep/2025:02:19:08 +0300] "OPTIONS * HTTP/1.0" 200 126 "-" "Apache/2.4.62 (Debian) SVN/1.14.2 mod_fcgid/2.3.9 OpenSSL/3.0.16 mod_wsgi/4.9.4 Python/3.11 mod_perl/2.0.12 Perl/v5.36.0 (internal dummy connection)"
::1 - - [28/Sep/2025:02:19:22 +0300] "OPTIONS * HTTP/1.0" 200 126 "-" "Apache/2.4.62 (Debian) SVN/1.14.2 mod_fcgid/2.3.9 OpenSSL/3.0.16 mod_wsgi/4.9.4 Python/3.11 mod_perl/2.0.12 Perl/v5.36.0 (internal dummy connection)"
::1 - - [28/Sep/2025:02:19:27 +0300] "OPTIONS * HTTP/1.0" 200 126 "-" "Apache/2.4.62 (Debian) SVN/1.14.2 mod_fcgid/2.3.9 OpenSSL/3.0.16 mod_wsgi/4.9.4 Python/3.11 mod_perl/2.0.12 Perl/v5.36.0 (internal dummy connection)"
114.119.128.40 - - [28/Sep/2025:02:19:28 +0300] "GET /teamwork/app-javadoc/com/oss/teamshare/io/class-use/TeamFile.html HTTP/1.1" 200 8338 "https://koala.cs.pub.ro/teamwork/app-javadoc/com/oss/teamshare/io/class-use/TeamFile.html" "Mozilla/5.0 (Linux; Android 7.0;) AppleWebKit/537.36 (KHTML, like Gecko) Mobile Safari/537.36 (compatible; PetalBot;+https://webmaster.petalsearch.com/site/petalbot)"
::1 - - [28/Sep/2025:02:19:30 +0300] "OPTIONS * HTTP/1.0" 200 126 "-" "Apache/2.4.62 (Debian) SVN/1.14.2 mod_fcgid/2.3.9 OpenSSL/3.0.16 mod_wsgi/4.9.4 Python/3.11 mod_perl/2.0.12 Perl/v5.36.0 (internal dummy connection)"
::1 - - [28/Sep/2025:02:19:31 +0300] "OPTIONS * HTTP/1.0" 200 126 "-" "Apache/2.4.62 (Debian) SVN/1.14.2 mod_fcgid/2.3.9 OpenSSL/3.0.16 mod_wsgi/4.9.4 Python/3.11 mod_perl/2.0.12 Perl/v5.36.0 (internal dummy connection)"
::1 - - [28/Sep/2025:02:19:32 +0300] "OPTIONS * HTTP/1.0" 200 126 "-" "Apache/2.4.62 (Debian) SVN/1.14.2 mod_fcgid/2.3.9 OpenSSL/3.0.16 mod_wsgi/4.9.4 Python/3.11 mod_perl/2.0.12 Perl/v5.36.0 (internal dummy connection)"
::1 - - [28/Sep/2025:02:19:33 +0300] "OPTIONS * HTTP/1.0" 200 126 "-" "Apache/2.4.62 (Debian) SVN/1.14.2 mod_fcgid/2.3.9 OpenSSL/3.0.16 mod_wsgi/4.9.4 Python/3.11 mod_perl/2.0.12 Perl/v5.36.0 (internal dummy connection)"
::1 - - [28/Sep/2025:02:19:34 +0300] "OPTIONS * HTTP/1.0" 200 126 "-" "Apache/2.4.62 (Debian) SVN/1.14.2 mod_fcgid/2.3.9 OpenSSL/3.0.16 mod_wsgi/4.9.4 Python/3.11 mod_perl/2.0.12 Perl/v5.36.0 (internal dummy connection)"
::1 - - [28/Sep/2025:02:19:35 +0300] "OPTIONS * HTTP/1.0" 200 126 "-" "Apache/2.4.62 (Debian) SVN/1.14.2 mod_fcgid/2.3.9 OpenSSL/3.0.16 mod_wsgi/4.9.4 Python/3.11 mod_perl/2.0.12 Perl/v5.36.0 (internal dummy connection)"
::1 - - [28/Sep/2025:02:19:36 +0300] "OPTIONS * HTTP/1.0" 200 126 "-" "Apache/2.4.62 (Debian) SVN/1.14.2 mod_fcgid/2.3.9 OpenSSL/3.0.16 mod_wsgi/4.9.4 Python/3.11 mod_perl/2.0.12 Perl/v5.36.0 (internal dummy connection)"
::1 - - [28/Sep/2025:02:19:37 +0300] "OPTIONS * HTTP/1.0" 200 126 "-" "Apache/2.4.62 (Debian) SVN/1.14.2 mod_fcgid/2.3.9 OpenSSL/3.0.16 mod_wsgi/4.9.4 Python/3.11 mod_perl/2.0.12 Perl/v5.36.0 (internal dummy connection)"
::1 - - [28/Sep/2025:02:19:38 +0300] "OPTIONS * HTTP/1.0" 200 126 "-" "Apache/2.4.62 (Debian) SVN/1.14.2 mod_fcgid/2.3.9 OpenSSL/3.0.16 mod_wsgi/4.9.4 Python/3.11 mod_perl/2.0.12 Perl/v5.36.0 (internal dummy connection)"
::1 - - [28/Sep/2025:02:19:42 +0300] "OPTIONS * HTTP/1.0" 200 126 "-" "Apache/2.4.62 (Debian) SVN/1.14.2 mod_fcgid/2.3.9 OpenSSL/3.0.16 mod_wsgi/4.9.4 Python/3.11 mod_perl/2.0.12 Perl/v5.36.0 (internal dummy connection)"
::1 - - [28/Sep/2025:02:19:47 +0300] "OPTIONS * HTTP/1.0" 200 126 "-" "Apache/2.4.62 (Debian) SVN/1.14.2 mod_fcgid/2.3.9 OpenSSL/3.0.16 mod_wsgi/4.9.4 Python/3.11 mod_perl/2.0.12 Perl/v5.36.0 (internal dummy connection)"
::1 - - [28/Sep/2025:02:19:48 +0300] "OPTIONS * HTTP/1.0" 200 126 "-" "Apache/2.4.62 (Debian) SVN/1.14.2 mod_fcgid/2.3.9 OpenSSL/3.0.16 mod_wsgi/4.9.4 Python/3.11 mod_perl/2.0.12 Perl/v5.36.0 (internal dummy connection)"
::1 - - [28/Sep/2025:02:19:50 +0300] "OPTIONS * HTTP/1.0" 200 126 "-" "Apache/2.4.62 (Debian) SVN/1.14.2 mod_fcgid/2.3.9 OpenSSL/3.0.16 mod_wsgi/4.9.4 Python/3.11 mod_perl/2.0.12 Perl/v5.36.0 (internal dummy connection)"
::1 - - [28/Sep/2025:02:19:52 +0300] "OPTIONS * HTTP/1.0" 200 126 "-" "Apache/2.4.62 (Debian) SVN/1.14.2 mod_fcgid/2.3.9 OpenSSL/3.0.16 mod_wsgi/4.9.4 Python/3.11 mod_perl/2.0.12 Perl/v5.36.0 (internal dummy connection)"
::1 - - [28/Sep/2025:02:19:54 +0300] "OPTIONS * HTTP/1.0" 200 126 "-" "Apache/2.4.62 (Debian) SVN/1.14.2 mod_fcgid/2.3.9 OpenSSL/3.0.16 mod_wsgi/4.9.4 Python/3.11 mod_perl/2.0.12 Perl/v5.36.0 (internal dummy connection)"
95.214.52.137 - - [28/Sep/2025:02:20:04 +0300] "GET /cgi-bin/luci/;stok=/locale HTTP/1.1" 404 437 "-" "-"
34.169.164.7 - - [28/Sep/2025:02:20:31 +0300] "GET / HTTP/1.1" 200 7227 "-" "Mozilla/5.0 (Windows NT 10.0; Win64; x64; rv:109.0) Gecko/20100101 Firefox/118.0"
::1 - - [28/Sep/2025:02:20:32 +0300] "OPTIONS * HTTP/1.0" 200 126 "-" "Apache/2.4.62 (Debian) SVN/1.14.2 mod_fcgid/2.3.9 OpenSSL/3.0.16 mod_wsgi/4.9.4 Python/3.11 mod_perl/2.0.12 Perl/v5.36.0 (internal dummy connection)"
34.169.164.7 - - [28/Sep/2025:02:20:32 +0300] "GET /favicon.ico HTTP/1.1" 404 6803 "-" "Mozilla/5.0 (Windows NT 10.0; Win64; x64; rv:109.0) Gecko/20100101 Firefox/118.0"
::1 - - [28/Sep/2025:02:20:33 +0300] "OPTIONS * HTTP/1.0" 200 126 "-" "Apache/2.4.62 (Debian) SVN/1.14.2 mod_fcgid/2.3.9 OpenSSL/3.0.16 mod_wsgi/4.9.4 Python/3.11 mod_perl/2.0.12 Perl/v5.36.0 (internal dummy connection)"
::1 - - [28/Sep/2025:02:20:34 +0300] "OPTIONS * HTTP/1.0" 200 126 "-" "Apache/2.4.62 (Debian) SVN/1.14.2 mod_fcgid/2.3.9 OpenSSL/3.0.16 mod_wsgi/4.9.4 Python/3.11 mod_perl/2.0.12 Perl/v5.36.0 (internal dummy connection)"
::1 - - [28/Sep/2025:02:20:35 +0300] "OPTIONS * HTTP/1.0" 200 126 "-" "Apache/2.4.62 (Debian) SVN/1.14.2 mod_fcgid/2.3.9 OpenSSL/3.0.16 mod_wsgi/4.9.4 Python/3.11 mod_perl/2.0.12 Perl/v5.36.0 (internal dummy connection)"
112.134.153.178 - - [28/Sep/2025:02:20:35 +0300] "GET /wiki/wiki/dokuwiki HTTP/1.1" 500 816 "http://patinoar.cs.pub.ro/" "Mozilla/5.0 (Windows NT 10.0) AppleWebKit/537.36 (KHTML, like Gecko) Chrome/114.0.0.0 Safari/537.36"
::1 - - [28/Sep/2025:02:20:36 +0300] "OPTIONS * HTTP/1.0" 200 126 "-" "Apache/2.4.62 (Debian) SVN/1.14.2 mod_fcgid/2.3.9 OpenSSL/3.0.16 mod_wsgi/4.9.4 Python/3.11 mod_perl/2.0.12 Perl/v5.36.0 (internal dummy connection)"
::1 - - [28/Sep/2025:02:20:37 +0300] "OPTIONS * HTTP/1.0" 200 126 "-" "Apache/2.4.62 (Debian) SVN/1.14.2 mod_fcgid/2.3.9 OpenSSL/3.0.16 mod_wsgi/4.9.4 Python/3.11 mod_perl/2.0.12 Perl/v5.36.0 (internal dummy connection)"
::1 - - [28/Sep/2025:02:20:39 +0300] "OPTIONS * HTTP/1.0" 200 126 "-" "Apache/2.4.62 (Debian) SVN/1.14.2 mod_fcgid/2.3.9 OpenSSL/3.0.16 mod_wsgi/4.9.4 Python/3.11 mod_perl/2.0.12 Perl/v5.36.0 (internal dummy connection)"
::1 - - [28/Sep/2025:02:20:40 +0300] "OPTIONS * HTTP/1.0" 200 126 "-" "Apache/2.4.62 (Debian) SVN/1.14.2 mod_fcgid/2.3.9 OpenSSL/3.0.16 mod_wsgi/4.9.4 Python/3.11 mod_perl/2.0.12 Perl/v5.36.0 (internal dummy connection)"
::1 - - [28/Sep/2025:02:20:42 +0300] "OPTIONS * HTTP/1.0" 200 126 "-" "Apache/2.4.62 (Debian) SVN/1.14.2 mod_fcgid/2.3.9 OpenSSL/3.0.16 mod_wsgi/4.9.4 Python/3.11 mod_perl/2.0.12 Perl/v5.36.0 (internal dummy connection)"
::1 - - [28/Sep/2025:02:20:44 +0300] "OPTIONS * HTTP/1.0" 200 126 "-" "Apache/2.4.62 (Debian) SVN/1.14.2 mod_fcgid/2.3.9 OpenSSL/3.0.16 mod_wsgi/4.9.4 Python/3.11 mod_perl/2.0.12 Perl/v5.36.0 (internal dummy connection)"
::1 - - [28/Sep/2025:02:20:48 +0300] "OPTIONS * HTTP/1.0" 200 126 "-" "Apache/2.4.62 (Debian) SVN/1.14.2 mod_fcgid/2.3.9 OpenSSL/3.0.16 mod_wsgi/4.9.4 Python/3.11 mod_perl/2.0.12 Perl/v5.36.0 (internal dummy connection)"
66.249.64.170 - - [28/Sep/2025:02:21:15 +0300] "GET /robots.txt HTTP/1.1" 200 1991 "-" "Mozilla/5.0 (compatible; Googlebot/2.1; +http://www.google.com/bot.html)"
::1 - - [28/Sep/2025:02:21:27 +0300] "OPTIONS * HTTP/1.0" 200 126 "-" "Apache/2.4.62 (Debian) SVN/1.14.2 mod_fcgid/2.3.9 OpenSSL/3.0.16 mod_wsgi/4.9.4 Python/3.11 mod_perl/2.0.12 Perl/v5.36.0 (internal dummy connection)"
::1 - - [28/Sep/2025:02:21:29 +0300] "OPTIONS * HTTP/1.0" 200 126 "-" "Apache/2.4.62 (Debian) SVN/1.14.2 mod_fcgid/2.3.9 OpenSSL/3.0.16 mod_wsgi/4.9.4 Python/3.11 mod_perl/2.0.12 Perl/v5.36.0 (internal dummy connection)"
::1 - - [28/Sep/2025:02:21:30 +0300] "OPTIONS * HTTP/1.0" 200 126 "-" "Apache/2.4.62 (Debian) SVN/1.14.2 mod_fcgid/2.3.9 OpenSSL/3.0.16 mod_wsgi/4.9.4 Python/3.11 mod_perl/2.0.12 Perl/v5.36.0 (internal dummy connection)"
::1 - - [28/Sep/2025:02:21:31 +0300] "OPTIONS * HTTP/1.0" 200 126 "-" "Apache/2.4.62 (Debian) SVN/1.14.2 mod_fcgid/2.3.9 OpenSSL/3.0.16 mod_wsgi/4.9.4 Python/3.11 mod_perl/2.0.12 Perl/v5.36.0 (internal dummy connection)"
66.249.64.169 - - [28/Sep/2025:02:21:31 +0300] "GET /trac/ HTTP/1.1" 200 720 "-" "Mozilla/5.0 (Linux; Android 6.0.1; Nexus 5X Build/MMB29P) AppleWebKit/537.36 (KHTML, like Gecko) Chrome/139.0.7258.127 Mobile Safari/537.36 (compatible; GoogleOther)"
::1 - - [28/Sep/2025:02:21:35 +0300] "OPTIONS * HTTP/1.0" 200 126 "-" "Apache/2.4.62 (Debian) SVN/1.14.2 mod_fcgid/2.3.9 OpenSSL/3.0.16 mod_wsgi/4.9.4 Python/3.11 mod_perl/2.0.12 Perl/v5.36.0 (internal dummy connection)"
216.244.66.246 - - [28/Sep/2025:02:21:57 +0300] "GET /redmine/news/4 HTTP/1.1" 302 510 "-" "Mozilla/5.0 (compatible; DotBot/1.2; +https://opensiteexplorer.org/dotbot; help@moz.com)"
216.244.66.229 - - [28/Sep/2025:02:22:18 +0300] "GET /dk/wiki/module/00-sa-ne-cunoastem/lectie-00 HTTP/1.1" 500 185 "-" "Mozilla/5.0 (compatible; DotBot/1.2; +https://opensiteexplorer.org/dotbot; help@moz.com)"
::1 - - [28/Sep/2025:02:22:27 +0300] "OPTIONS * HTTP/1.0" 200 126 "-" "Apache/2.4.62 (Debian) SVN/1.14.2 mod_fcgid/2.3.9 OpenSSL/3.0.16 mod_wsgi/4.9.4 Python/3.11 mod_perl/2.0.12 Perl/v5.36.0 (internal dummy connection)"
::1 - - [28/Sep/2025:02:22:29 +0300] "OPTIONS * HTTP/1.0" 200 126 "-" "Apache/2.4.62 (Debian) SVN/1.14.2 mod_fcgid/2.3.9 OpenSSL/3.0.16 mod_wsgi/4.9.4 Python/3.11 mod_perl/2.0.12 Perl/v5.36.0 (internal dummy connection)"
114.119.155.2 - - [28/Sep/2025:02:22:32 +0300] "GET /teamwork/app-javadoc/com/oss/teamshare/messaging/Mailbox.html HTTP/1.1" 200 9166 "https://koala.cs.pub.ro/teamwork/app-javadoc/index-files/index-19.html" "Mozilla/5.0 (Linux; Android 7.0;) AppleWebKit/537.36 (KHTML, like Gecko) Mobile Safari/537.36 (compatible; PetalBot;+https://webmaster.petalsearch.com/site/petalbot)"
188.239.32.10 - - [28/Sep/2025:02:22:58 +0300] "GET /?C=M;O=A HTTP/1.1" 200 917 "-" "Mozilla/5.0 (Windows NT 10.0; Win64; x64) AppleWebKit/537.36 (KHTML, like Gecko) Chrome/132.0.0.0 Safari/537.36"
::1 - - [28/Sep/2025:02:23:08 +0300] "OPTIONS * HTTP/1.0" 200 126 "-" "Apache/2.4.62 (Debian) SVN/1.14.2 mod_fcgid/2.3.9 OpenSSL/3.0.16 mod_wsgi/4.9.4 Python/3.11 mod_perl/2.0.12 Perl/v5.36.0 (internal dummy connection)"
::1 - - [28/Sep/2025:02:23:09 +0300] "OPTIONS * HTTP/1.0" 200 126 "-" "Apache/2.4.62 (Debian) SVN/1.14.2 mod_fcgid/2.3.9 OpenSSL/3.0.16 mod_wsgi/4.9.4 Python/3.11 mod_perl/2.0.12 Perl/v5.36.0 (internal dummy connection)"
::1 - - [28/Sep/2025:02:23:11 +0300] "OPTIONS * HTTP/1.0" 200 126 "-" "Apache/2.4.62 (Debian) SVN/1.14.2 mod_fcgid/2.3.9 OpenSSL/3.0.16 mod_wsgi/4.9.4 Python/3.11 mod_perl/2.0.12 Perl/v5.36.0 (internal dummy connection)"
::1 - - [28/Sep/2025:02:23:12 +0300] "OPTIONS * HTTP/1.0" 200 126 "-" "Apache/2.4.62 (Debian) SVN/1.14.2 mod_fcgid/2.3.9 OpenSSL/3.0.16 mod_wsgi/4.9.4 Python/3.11 mod_perl/2.0.12 Perl/v5.36.0 (internal dummy connection)"
::1 - - [28/Sep/2025:02:23:49 +0300] "OPTIONS * HTTP/1.0" 200 126 "-" "Apache/2.4.62 (Debian) SVN/1.14.2 mod_fcgid/2.3.9 OpenSSL/3.0.16 mod_wsgi/4.9.4 Python/3.11 mod_perl/2.0.12 Perl/v5.36.0 (internal dummy connection)"
::1 - - [28/Sep/2025:02:23:52 +0300] "OPTIONS * HTTP/1.0" 200 126 "-" "Apache/2.4.62 (Debian) SVN/1.14.2 mod_fcgid/2.3.9 OpenSSL/3.0.16 mod_wsgi/4.9.4 Python/3.11 mod_perl/2.0.12 Perl/v5.36.0 (internal dummy connection)"
::1 - - [28/Sep/2025:02:23:53 +0300] "OPTIONS * HTTP/1.0" 200 126 "-" "Apache/2.4.62 (Debian) SVN/1.14.2 mod_fcgid/2.3.9 OpenSSL/3.0.16 mod_wsgi/4.9.4 Python/3.11 mod_perl/2.0.12 Perl/v5.36.0 (internal dummy connection)"
::1 - - [28/Sep/2025:02:23:54 +0300] "OPTIONS * HTTP/1.0" 200 126 "-" "Apache/2.4.62 (Debian) SVN/1.14.2 mod_fcgid/2.3.9 OpenSSL/3.0.16 mod_wsgi/4.9.4 Python/3.11 mod_perl/2.0.12 Perl/v5.36.0 (internal dummy connection)"
::1 - - [28/Sep/2025:02:24:07 +0300] "OPTIONS * HTTP/1.0" 200 126 "-" "Apache/2.4.62 (Debian) SVN/1.14.2 mod_fcgid/2.3.9 OpenSSL/3.0.16 mod_wsgi/4.9.4 Python/3.11 mod_perl/2.0.12 Perl/v5.36.0 (internal dummy connection)"
::1 - - [28/Sep/2025:02:24:33 +0300] "OPTIONS * HTTP/1.0" 200 126 "-" "Apache/2.4.62 (Debian) SVN/1.14.2 mod_fcgid/2.3.9 OpenSSL/3.0.16 mod_wsgi/4.9.4 Python/3.11 mod_perl/2.0.12 Perl/v5.36.0 (internal dummy connection)"
216.244.66.229 - - [28/Sep/2025:02:24:33 +0300] "GET /dk/wiki/feed.php HTTP/1.1" 500 185 "-" "Mozilla/5.0 (compatible; DotBot/1.2; +https://opensiteexplorer.org/dotbot; help@moz.com)"
::1 - - [28/Sep/2025:02:24:34 +0300] "OPTIONS * HTTP/1.0" 200 126 "-" "Apache/2.4.62 (Debian) SVN/1.14.2 mod_fcgid/2.3.9 OpenSSL/3.0.16 mod_wsgi/4.9.4 Python/3.11 mod_perl/2.0.12 Perl/v5.36.0 (internal dummy connection)"
::1 - - [28/Sep/2025:02:24:38 +0300] "OPTIONS * HTTP/1.0" 200 126 "-" "Apache/2.4.62 (Debian) SVN/1.14.2 mod_fcgid/2.3.9 OpenSSL/3.0.16 mod_wsgi/4.9.4 Python/3.11 mod_perl/2.0.12 Perl/v5.36.0 (internal dummy connection)"
::1 - - [28/Sep/2025:02:24:41 +0300] "OPTIONS * HTTP/1.0" 200 126 "-" "Apache/2.4.62 (Debian) SVN/1.14.2 mod_fcgid/2.3.9 OpenSSL/3.0.16 mod_wsgi/4.9.4 Python/3.11 mod_perl/2.0.12 Perl/v5.36.0 (internal dummy connection)"
::1 - - [28/Sep/2025:02:24:46 +0300] "OPTIONS * HTTP/1.0" 200 126 "-" "Apache/2.4.62 (Debian) SVN/1.14.2 mod_fcgid/2.3.9 OpenSSL/3.0.16 mod_wsgi/4.9.4 Python/3.11 mod_perl/2.0.12 Perl/v5.36.0 (internal dummy connection)"
178.138.98.21 - - [28/Sep/2025:02:25:50 +0300] "-" 408 6226 "-" "-"
::1 - - [28/Sep/2025:02:26:07 +0300] "OPTIONS * HTTP/1.0" 200 126 "-" "Apache/2.4.62 (Debian) SVN/1.14.2 mod_fcgid/2.3.9 OpenSSL/3.0.16 mod_wsgi/4.9.4 Python/3.11 mod_perl/2.0.12 Perl/v5.36.0 (internal dummy connection)"
::1 - - [28/Sep/2025:02:27:17 +0300] "OPTIONS * HTTP/1.0" 200 126 "-" "Apache/2.4.62 (Debian) SVN/1.14.2 mod_fcgid/2.3.9 OpenSSL/3.0.16 mod_wsgi/4.9.4 Python/3.11 mod_perl/2.0.12 Perl/v5.36.0 (internal dummy connection)"
94.74.88.12 - - [28/Sep/2025:02:27:19 +0300] "GET /?C=S;O=A HTTP/1.1" 200 7255 "-" "Mozilla/5.0 (Macintosh; Intel Mac OS X 10_15_7) AppleWebKit/537.36 (KHTML, like Gecko) Chrome/129.0.0.0 Safari/537.36"
::1 - - [28/Sep/2025:02:27:20 +0300] "OPTIONS * HTTP/1.0" 200 126 "-" "Apache/2.4.62 (Debian) SVN/1.14.2 mod_fcgid/2.3.9 OpenSSL/3.0.16 mod_wsgi/4.9.4 Python/3.11 mod_perl/2.0.12 Perl/v5.36.0 (internal dummy connection)"
