52.167.144.189 - - [28/Sep/2025:04:26:52 +0300] "GET /dk/wiki/module/07-bucle-in-programare/lectia-04?tab_details=edit&do=media&tab_files=files&image=module%3A01-utilizare-so%3A40dk.jpg&ns=module%2F10-functii-si-rutine HTTP/1.1" 500 185 "-" "Mozilla/5.0 AppleWebKit/537.36 (KHTML, like Gecko; compatible; bingbot/2.0; +http://www.bing.com/bingbot.htm) Chrome/116.0.1938.76 Safari/537.36"
95.214.52.137 - - [28/Sep/2025:04:26:54 +0300] "GET /cgi-bin/luci/;stok=/locale HTTP/1.1" 404 437 "-" "-"
::1 - - [28/Sep/2025:04:28:05 +0300] "OPTIONS * HTTP/1.0" 200 126 "-" "Apache/2.4.62 (Debian) SVN/1.14.2 mod_fcgid/2.3.9 OpenSSL/3.0.16 mod_wsgi/4.9.4 Python/3.11 mod_perl/2.0.12 Perl/v5.36.0 (internal dummy connection)"
::1 - - [28/Sep/2025:04:28:06 +0300] "OPTIONS * HTTP/1.0" 200 126 "-" "Apache/2.4.62 (Debian) SVN/1.14.2 mod_fcgid/2.3.9 OpenSSL/3.0.16 mod_wsgi/4.9.4 Python/3.11 mod_perl/2.0.12 Perl/v5.36.0 (internal dummy connection)"
::1 - - [28/Sep/2025:04:28:09 +0300] "OPTIONS * HTTP/1.0" 200 126 "-" "Apache/2.4.62 (Debian) SVN/1.14.2 mod_fcgid/2.3.9 OpenSSL/3.0.16 mod_wsgi/4.9.4 Python/3.11 mod_perl/2.0.12 Perl/v5.36.0 (internal dummy connection)"
::1 - - [28/Sep/2025:04:28:10 +0300] "OPTIONS * HTTP/1.0" 200 126 "-" "Apache/2.4.62 (Debian) SVN/1.14.2 mod_fcgid/2.3.9 OpenSSL/3.0.16 mod_wsgi/4.9.4 Python/3.11 mod_perl/2.0.12 Perl/v5.36.0 (internal dummy connection)"
::1 - - [28/Sep/2025:04:28:12 +0300] "OPTIONS * HTTP/1.0" 200 126 "-" "Apache/2.4.62 (Debian) SVN/1.14.2 mod_fcgid/2.3.9 OpenSSL/3.0.16 mod_wsgi/4.9.4 Python/3.11 mod_perl/2.0.12 Perl/v5.36.0 (internal dummy connection)"
66.249.64.168 - - [28/Sep/2025:04:29:02 +0300] "GET /trac/cgi-bin/trac.fcgi HTTP/1.1" 403 499 "-" "Mozilla/5.0 (Linux; Android 6.0.1; Nexus 5X Build/MMB29P) AppleWebKit/537.36 (KHTML, like Gecko) Chrome/139.0.7258.127 Mobile Safari/537.36 (compatible; GoogleOther)"
52.167.144.189 - - [28/Sep/2025:04:29:14 +0300] "GET /dk/wiki/module/07-bucle-in-programare/lectia-04?tab_details=history&do=media&tab_files=search&image=module%3A05-introducere-in-programare%3Am05-l03-bakground-choose-01.png&ns=module%2F01-utilizare-so HTTP/1.1" 500 185 "-" "Mozilla/5.0 AppleWebKit/537.36 (KHTML, like Gecko; compatible; bingbot/2.0; +http://www.bing.com/bingbot.htm) Chrome/116.0.1938.76 Safari/537.36"
::1 - - [28/Sep/2025:04:29:20 +0300] "OPTIONS * HTTP/1.0" 200 126 "-" "Apache/2.4.62 (Debian) SVN/1.14.2 mod_fcgid/2.3.9 OpenSSL/3.0.16 mod_wsgi/4.9.4 Python/3.11 mod_perl/2.0.12 Perl/v5.36.0 (internal dummy connection)"
::1 - - [28/Sep/2025:04:29:23 +0300] "OPTIONS * HTTP/1.0" 200 126 "-" "Apache/2.4.62 (Debian) SVN/1.14.2 mod_fcgid/2.3.9 OpenSSL/3.0.16 mod_wsgi/4.9.4 Python/3.11 mod_perl/2.0.12 Perl/v5.36.0 (internal dummy connection)"
::1 - - [28/Sep/2025:04:29:24 +0300] "OPTIONS * HTTP/1.0" 200 126 "-" "Apache/2.4.62 (Debian) SVN/1.14.2 mod_fcgid/2.3.9 OpenSSL/3.0.16 mod_wsgi/4.9.4 Python/3.11 mod_perl/2.0.12 Perl/v5.36.0 (internal dummy connection)"
::1 - - [28/Sep/2025:04:29:27 +0300] "OPTIONS * HTTP/1.0" 200 126 "-" "Apache/2.4.62 (Debian) SVN/1.14.2 mod_fcgid/2.3.9 OpenSSL/3.0.16 mod_wsgi/4.9.4 Python/3.11 mod_perl/2.0.12 Perl/v5.36.0 (internal dummy connection)"
::1 - - [28/Sep/2025:04:29:53 +0300] "OPTIONS * HTTP/1.0" 200 126 "-" "Apache/2.4.62 (Debian) SVN/1.14.2 mod_fcgid/2.3.9 OpenSSL/3.0.16 mod_wsgi/4.9.4 Python/3.11 mod_perl/2.0.12 Perl/v5.36.0 (internal dummy connection)"
::1 - - [28/Sep/2025:04:29:59 +0300] "OPTIONS * HTTP/1.0" 200 126 "-" "Apache/2.4.62 (Debian) SVN/1.14.2 mod_fcgid/2.3.9 OpenSSL/3.0.16 mod_wsgi/4.9.4 Python/3.11 mod_perl/2.0.12 Perl/v5.36.0 (internal dummy connection)"
::1 - - [28/Sep/2025:04:30:00 +0300] "OPTIONS * HTTP/1.0" 200 126 "-" "Apache/2.4.62 (Debian) SVN/1.14.2 mod_fcgid/2.3.9 OpenSSL/3.0.16 mod_wsgi/4.9.4 Python/3.11 mod_perl/2.0.12 Perl/v5.36.0 (internal dummy connection)"
::1 - - [28/Sep/2025:04:30:09 +0300] "OPTIONS * HTTP/1.0" 200 126 "-" "Apache/2.4.62 (Debian) SVN/1.14.2 mod_fcgid/2.3.9 OpenSSL/3.0.16 mod_wsgi/4.9.4 Python/3.11 mod_perl/2.0.12 Perl/v5.36.0 (internal dummy connection)"
::1 - - [28/Sep/2025:04:30:16 +0300] "OPTIONS * HTTP/1.0" 200 126 "-" "Apache/2.4.62 (Debian) SVN/1.14.2 mod_fcgid/2.3.9 OpenSSL/3.0.16 mod_wsgi/4.9.4 Python/3.11 mod_perl/2.0.12 Perl/v5.36.0 (internal dummy connection)"
52.167.144.198 - - [28/Sep/2025:04:30:29 +0300] "GET /dk/wiki/module/03-multimedia/lectia-02?tab_files=files&do=media&tab_details=view&image=module%3A09-siruri-de-caractere%3Aasciifull.gif&ns=module HTTP/1.1" 500 185 "-" "Mozilla/5.0 AppleWebKit/537.36 (KHTML, like Gecko; compatible; bingbot/2.0; +http://www.bing.com/bingbot.htm) Chrome/116.0.1938.76 Safari/537.36"
::1 - - [28/Sep/2025:04:31:49 +0300] "OPTIONS * HTTP/1.0" 200 126 "-" "Apache/2.4.62 (Debian) SVN/1.14.2 mod_fcgid/2.3.9 OpenSSL/3.0.16 mod_wsgi/4.9.4 Python/3.11 mod_perl/2.0.12 Perl/v5.36.0 (internal dummy connection)"
::1 - - [28/Sep/2025:04:31:55 +0300] "OPTIONS * HTTP/1.0" 200 126 "-" "Apache/2.4.62 (Debian) SVN/1.14.2 mod_fcgid/2.3.9 OpenSSL/3.0.16 mod_wsgi/4.9.4 Python/3.11 mod_perl/2.0.12 Perl/v5.36.0 (internal dummy connection)"
::1 - - [28/Sep/2025:04:32:17 +0300] "OPTIONS * HTTP/1.0" 200 126 "-" "Apache/2.4.62 (Debian) SVN/1.14.2 mod_fcgid/2.3.9 OpenSSL/3.0.16 mod_wsgi/4.9.4 Python/3.11 mod_perl/2.0.12 Perl/v5.36.0 (internal dummy connection)"
69.164.217.245 - - [28/Sep/2025:04:32:19 +0300] "GET / HTTP/1.0" 400 625 "-" "-"
::1 - - [28/Sep/2025:04:32:19 +0300] "OPTIONS * HTTP/1.0" 200 126 "-" "Apache/2.4.62 (Debian) SVN/1.14.2 mod_fcgid/2.3.9 OpenSSL/3.0.16 mod_wsgi/4.9.4 Python/3.11 mod_perl/2.0.12 Perl/v5.36.0 (internal dummy connection)"
::1 - - [28/Sep/2025:04:32:20 +0300] "OPTIONS * HTTP/1.0" 200 126 "-" "Apache/2.4.62 (Debian) SVN/1.14.2 mod_fcgid/2.3.9 OpenSSL/3.0.16 mod_wsgi/4.9.4 Python/3.11 mod_perl/2.0.12 Perl/v5.36.0 (internal dummy connection)"
::1 - - [28/Sep/2025:04:32:21 +0300] "OPTIONS * HTTP/1.0" 200 126 "-" "Apache/2.4.62 (Debian) SVN/1.14.2 mod_fcgid/2.3.9 OpenSSL/3.0.16 mod_wsgi/4.9.4 Python/3.11 mod_perl/2.0.12 Perl/v5.36.0 (internal dummy connection)"
::1 - - [28/Sep/2025:04:32:22 +0300] "OPTIONS * HTTP/1.0" 200 126 "-" "Apache/2.4.62 (Debian) SVN/1.14.2 mod_fcgid/2.3.9 OpenSSL/3.0.16 mod_wsgi/4.9.4 Python/3.11 mod_perl/2.0.12 Perl/v5.36.0 (internal dummy connection)"
::1 - - [28/Sep/2025:04:32:23 +0300] "OPTIONS * HTTP/1.0" 200 126 "-" "Apache/2.4.62 (Debian) SVN/1.14.2 mod_fcgid/2.3.9 OpenSSL/3.0.16 mod_wsgi/4.9.4 Python/3.11 mod_perl/2.0.12 Perl/v5.36.0 (internal dummy connection)"
::1 - - [28/Sep/2025:04:32:24 +0300] "OPTIONS * HTTP/1.0" 200 126 "-" "Apache/2.4.62 (Debian) SVN/1.14.2 mod_fcgid/2.3.9 OpenSSL/3.0.16 mod_wsgi/4.9.4 Python/3.11 mod_perl/2.0.12 Perl/v5.36.0 (internal dummy connection)"
172.236.228.111 - - [28/Sep/2025:04:32:25 +0300] "GET / HTTP/1.1" 200 6569 "-" "Mozilla/5.0 (Macintosh; Intel Mac OS X 13_1) AppleWebKit/537.36 (KHTML, like Gecko) Chrome/108.0.0.0 Safari/537.36"
::1 - - [28/Sep/2025:04:32:25 +0300] "OPTIONS * HTTP/1.0" 200 126 "-" "Apache/2.4.62 (Debian) SVN/1.14.2 mod_fcgid/2.3.9 OpenSSL/3.0.16 mod_wsgi/4.9.4 Python/3.11 mod_perl/2.0.12 Perl/v5.36.0 (internal dummy connection)"
95.214.52.137 - - [28/Sep/2025:04:33:06 +0300] "GET /cgi-bin/luci/;stok=/locale HTTP/1.1" 404 6764 "-" "-"
185.191.171.14 - - [28/Sep/2025:04:34:19 +0300] "GET /robots.txt HTTP/1.1" 404 463 "-" "Mozilla/5.0 (compatible; SemrushBot/7~bl; +http://www.semrush.com/bot.html)"
85.208.96.209 - - [28/Sep/2025:04:34:19 +0300] "GET /fpss12/?m=20120501 HTTP/1.1" 200 318 "-" "Mozilla/5.0 (compatible; SemrushBot/7~bl; +http://www.semrush.com/bot.html)"
190.92.237.13 - - [28/Sep/2025:04:35:08 +0300] "GET /d4s.html HTTP/1.1" 200 484 "-" "Mozilla/5.0 (Windows NT 10.0; Win64; x64) AppleWebKit/537.36 (KHTML, like Gecko) Chrome/132.0.0.0 Safari/537.36"
85.208.96.197 - - [28/Sep/2025:04:35:31 +0300] "GET /teamwork/app-javadoc/com/oss/teamshare/communication/swift/swiftJNI.html HTTP/1.1" 200 8757 "-" "Mozilla/5.0 (compatible; SemrushBot/7~bl; +http://www.semrush.com/bot.html)"
::1 - - [28/Sep/2025:04:35:58 +0300] "OPTIONS * HTTP/1.0" 200 126 "-" "Apache/2.4.62 (Debian) SVN/1.14.2 mod_fcgid/2.3.9 OpenSSL/3.0.16 mod_wsgi/4.9.4 Python/3.11 mod_perl/2.0.12 Perl/v5.36.0 (internal dummy connection)"
189.1.241.202 - - [28/Sep/2025:04:36:00 +0300] "GET /?C=N;O=D HTTP/1.1" 200 7267 "-" "Mozilla/5.0 (Windows NT 10.0; Win64; x64) AppleWebKit/537.36 (KHTML, like Gecko) Chrome/132.0.0.0 Safari/537.36"
66.249.64.170 - - [28/Sep/2025:04:36:01 +0300] "GET /rl/04.html HTTP/1.1" 200 350 "-" "Mozilla/5.0 (Linux; Android 6.0.1; Nexus 5X Build/MMB29P) AppleWebKit/537.36 (KHTML, like Gecko) Chrome/139.0.7258.127 Mobile Safari/537.36 (compatible; GoogleOther)"
::1 - - [28/Sep/2025:04:36:25 +0300] "OPTIONS * HTTP/1.0" 200 126 "-" "Apache/2.4.62 (Debian) SVN/1.14.2 mod_fcgid/2.3.9 OpenSSL/3.0.16 mod_wsgi/4.9.4 Python/3.11 mod_perl/2.0.12 Perl/v5.36.0 (internal dummy connection)"
77.238.254.196 - - [28/Sep/2025:04:36:34 +0300] "GET /dk/wiki/module/11-basic-web-dev/lectie-01 HTTP/1.1" 500 185 "http://koala.cs.pub.ro/" "Mozilla/5.0 (Macintosh; Intel Mac OS X 12_5) AppleWebKit/537.36 (KHTML, like Gecko) Chrome/114.0.0.0 YaBrowser/22.7.0 Yowser/2.5 Safari/537.36"
77.238.254.196 - - [28/Sep/2025:04:36:34 +0300] "GET /dk/wiki/module/11-basic-web-dev/lectie-01 HTTP/1.1" 500 185 "http://koala.cs.pub.ro/" "Mozilla/5.0 (Macintosh; Intel Mac OS X 12_5) AppleWebKit/537.36 (KHTML, like Gecko) Chrome/114.0.0.0 YaBrowser/22.7.0 Yowser/2.5 Safari/537.36"
77.238.254.196 - - [28/Sep/2025:04:36:34 +0300] "GET /dk/wiki/module/11-basic-web-dev/lectie-01 HTTP/1.1" 500 185 "http://koala.cs.pub.ro/" "Mozilla/5.0 (Macintosh; Intel Mac OS X 12_5) AppleWebKit/537.36 (KHTML, like Gecko) Chrome/114.0.0.0 YaBrowser/22.7.0 Yowser/2.5 Safari/537.36"
66.249.64.169 - - [28/Sep/2025:04:36:52 +0300] "GET /rl/01.html HTTP/1.1" 200 347 "-" "Mozilla/5.0 (Linux; Android 6.0.1; Nexus 5X Build/MMB29P) AppleWebKit/537.36 (KHTML, like Gecko) Chrome/139.0.7258.127 Mobile Safari/537.36 (compatible; GoogleOther)"
52.167.144.206 - - [28/Sep/2025:04:38:34 +0300] "GET /dk/wiki/module/07-bucle-in-programare/x?tab_details=history&do=media&tab_files=upload&image=module%3A01-utilizare-so%3A5dk.jpg&ns=module%3A01-utilizare-so HTTP/1.1" 500 185 "-" "Mozilla/5.0 AppleWebKit/537.36 (KHTML, like Gecko; compatible; bingbot/2.0; +http://www.bing.com/bingbot.htm) Chrome/116.0.1938.76 Safari/537.36"
37.60.141.158 - - [28/Sep/2025:04:38:53 +0300] "GET /cgi-bin/luci/;stok=/locale HTTP/1.1" 404 456 "-" "-"
::1 - - [28/Sep/2025:04:39:11 +0300] "OPTIONS * HTTP/1.0" 200 126 "-" "Apache/2.4.62 (Debian) SVN/1.14.2 mod_fcgid/2.3.9 OpenSSL/3.0.16 mod_wsgi/4.9.4 Python/3.11 mod_perl/2.0.12 Perl/v5.36.0 (internal dummy connection)"
85.208.96.208 - - [28/Sep/2025:04:39:21 +0300] "GET /teamwork/app-javadoc/constant-values.html HTTP/1.1" 200 8022 "-" "Mozilla/5.0 (compatible; SemrushBot/7~bl; +http://www.semrush.com/bot.html)"
52.167.144.199 - - [28/Sep/2025:04:39:23 +0300] "GET /manual HTTP/1.1" 404 6939 "-" "Mozilla/5.0 AppleWebKit/537.36 (KHTML, like Gecko; compatible; bingbot/2.0; +http://www.bing.com/bingbot.htm) Chrome/116.0.1938.76 Safari/537.36"
46.250.169.208 - - [28/Sep/2025:04:39:54 +0300] "GET /?C=N;O=D HTTP/1.1" 200 925 "-" "Mozilla/5.0 (Macintosh; Intel Mac OS X 10_15_7) AppleWebKit/537.36 (KHTML, like Gecko) Chrome/130.0.0.0 Safari/537.36"
::1 - - [28/Sep/2025:04:40:08 +0300] "OPTIONS * HTTP/1.0" 200 126 "-" "Apache/2.4.62 (Debian) SVN/1.14.2 mod_fcgid/2.3.9 OpenSSL/3.0.16 mod_wsgi/4.9.4 Python/3.11 mod_perl/2.0.12 Perl/v5.36.0 (internal dummy connection)"
66.249.66.8 - - [28/Sep/2025:04:40:37 +0300] "GET /dk/wiki/_media/module/01-utilizare-so/5dk.jpg HTTP/1.1" 500 6511 "-" "Googlebot-Image/1.0"
66.249.64.169 - - [28/Sep/2025:04:40:47 +0300] "GET /terena-ca-chain.pem HTTP/1.1" 200 5017 "-" "Mozilla/5.0 (Linux; Android 6.0.1; Nexus 5X Build/MMB29P) AppleWebKit/537.36 (KHTML, like Gecko) Chrome/139.0.7258.127 Mobile Safari/537.36 (compatible; GoogleOther)"
66.249.64.102 - - [28/Sep/2025:04:40:59 +0300] "GET /redmine/attachments/download/1730/Cryptography_for_network_security.pdf HTTP/1.1" 404 6858 "-" "Googlebot/2.1 (+http://www.google.com/bot.html)"
::1 - - [28/Sep/2025:04:41:11 +0300] "OPTIONS * HTTP/1.0" 200 126 "-" "Apache/2.4.62 (Debian) SVN/1.14.2 mod_fcgid/2.3.9 OpenSSL/3.0.16 mod_wsgi/4.9.4 Python/3.11 mod_perl/2.0.12 Perl/v5.36.0 (internal dummy connection)"
::1 - - [28/Sep/2025:04:41:12 +0300] "OPTIONS * HTTP/1.0" 200 126 "-" "Apache/2.4.62 (Debian) SVN/1.14.2 mod_fcgid/2.3.9 OpenSSL/3.0.16 mod_wsgi/4.9.4 Python/3.11 mod_perl/2.0.12 Perl/v5.36.0 (internal dummy connection)"
34.22.159.190 - - [28/Sep/2025:04:41:28 +0300] "GET / HTTP/1.1" 200 7261 "-" "python-requests/2.32.5"
204.76.203.155 - - [28/Sep/2025:04:41:29 +0300] "GET / HTTP/1.1" 200 919 "-" "Mozilla/5.0 (Windows NT 10.0; Win64; x64) AppleWebKit/537.36 (KHTML, like Gecko) Chrome/90.0.4430.85 Safari/537.36 Edg/90.0.818.46"
::1 - - [28/Sep/2025:04:41:40 +0300] "OPTIONS * HTTP/1.0" 200 126 "-" "Apache/2.4.62 (Debian) SVN/1.14.2 mod_fcgid/2.3.9 OpenSSL/3.0.16 mod_wsgi/4.9.4 Python/3.11 mod_perl/2.0.12 Perl/v5.36.0 (internal dummy connection)"
40.77.167.74 - - [28/Sep/2025:04:41:50 +0300] "GET /dk/wiki/module/02-aplicatii-internet/lectia-02?tab_details=view&do=media&tab_files=upload&image=wiki%3Adokuwiki-128.png&ns=module%2F10-functii-si-rutine HTTP/1.1" 500 185 "-" "Mozilla/5.0 AppleWebKit/537.36 (KHTML, like Gecko; compatible; bingbot/2.0; +http://www.bing.com/bingbot.htm) Chrome/116.0.1938.76 Safari/537.36"
::1 - - [28/Sep/2025:04:42:21 +0300] "OPTIONS * HTTP/1.0" 200 126 "-" "Apache/2.4.62 (Debian) SVN/1.14.2 mod_fcgid/2.3.9 OpenSSL/3.0.16 mod_wsgi/4.9.4 Python/3.11 mod_perl/2.0.12 Perl/v5.36.0 (internal dummy connection)"
::1 - - [28/Sep/2025:04:42:22 +0300] "OPTIONS * HTTP/1.0" 200 126 "-" "Apache/2.4.62 (Debian) SVN/1.14.2 mod_fcgid/2.3.9 OpenSSL/3.0.16 mod_wsgi/4.9.4 Python/3.11 mod_perl/2.0.12 Perl/v5.36.0 (internal dummy connection)"
::1 - - [28/Sep/2025:04:42:26 +0300] "OPTIONS * HTTP/1.0" 200 126 "-" "Apache/2.4.62 (Debian) SVN/1.14.2 mod_fcgid/2.3.9 OpenSSL/3.0.16 mod_wsgi/4.9.4 Python/3.11 mod_perl/2.0.12 Perl/v5.36.0 (internal dummy connection)"
::1 - - [28/Sep/2025:04:42:27 +0300] "OPTIONS * HTTP/1.0" 200 126 "-" "Apache/2.4.62 (Debian) SVN/1.14.2 mod_fcgid/2.3.9 OpenSSL/3.0.16 mod_wsgi/4.9.4 Python/3.11 mod_perl/2.0.12 Perl/v5.36.0 (internal dummy connection)"
::1 - - [28/Sep/2025:04:42:44 +0300] "OPTIONS * HTTP/1.0" 200 126 "-" "Apache/2.4.62 (Debian) SVN/1.14.2 mod_fcgid/2.3.9 OpenSSL/3.0.16 mod_wsgi/4.9.4 Python/3.11 mod_perl/2.0.12 Perl/v5.36.0 (internal dummy connection)"
204.76.203.206 - - [28/Sep/2025:04:42:49 +0300] "GET / HTTP/1.1" 200 919 "-" "Mozilla/5.0 (Windows NT 10.0; Win64; x64) AppleWebKit/537.36 (KHTML, like Gecko) Chrome/90.0.4430.85 Safari/537.36 Edg/90.0.818.46"
::1 - - [28/Sep/2025:04:42:52 +0300] "OPTIONS * HTTP/1.0" 200 126 "-" "Apache/2.4.62 (Debian) SVN/1.14.2 mod_fcgid/2.3.9 OpenSSL/3.0.16 mod_wsgi/4.9.4 Python/3.11 mod_perl/2.0.12 Perl/v5.36.0 (internal dummy connection)"
::1 - - [28/Sep/2025:04:42:54 +0300] "OPTIONS * HTTP/1.0" 200 126 "-" "Apache/2.4.62 (Debian) SVN/1.14.2 mod_fcgid/2.3.9 OpenSSL/3.0.16 mod_wsgi/4.9.4 Python/3.11 mod_perl/2.0.12 Perl/v5.36.0 (internal dummy connection)"
::1 - - [28/Sep/2025:04:43:13 +0300] "OPTIONS * HTTP/1.0" 200 126 "-" "Apache/2.4.62 (Debian) SVN/1.14.2 mod_fcgid/2.3.9 OpenSSL/3.0.16 mod_wsgi/4.9.4 Python/3.11 mod_perl/2.0.12 Perl/v5.36.0 (internal dummy connection)"
::1 - - [28/Sep/2025:04:43:32 +0300] "OPTIONS * HTTP/1.0" 200 126 "-" "Apache/2.4.62 (Debian) SVN/1.14.2 mod_fcgid/2.3.9 OpenSSL/3.0.16 mod_wsgi/4.9.4 Python/3.11 mod_perl/2.0.12 Perl/v5.36.0 (internal dummy connection)"
::1 - - [28/Sep/2025:04:43:33 +0300] "OPTIONS * HTTP/1.0" 200 126 "-" "Apache/2.4.62 (Debian) SVN/1.14.2 mod_fcgid/2.3.9 OpenSSL/3.0.16 mod_wsgi/4.9.4 Python/3.11 mod_perl/2.0.12 Perl/v5.36.0 (internal dummy connection)"
::1 - - [28/Sep/2025:04:44:00 +0300] "OPTIONS * HTTP/1.0" 200 126 "-" "Apache/2.4.62 (Debian) SVN/1.14.2 mod_fcgid/2.3.9 OpenSSL/3.0.16 mod_wsgi/4.9.4 Python/3.11 mod_perl/2.0.12 Perl/v5.36.0 (internal dummy connection)"
::1 - - [28/Sep/2025:04:44:01 +0300] "OPTIONS * HTTP/1.0" 200 126 "-" "Apache/2.4.62 (Debian) SVN/1.14.2 mod_fcgid/2.3.9 OpenSSL/3.0.16 mod_wsgi/4.9.4 Python/3.11 mod_perl/2.0.12 Perl/v5.36.0 (internal dummy connection)"
::1 - - [28/Sep/2025:04:44:03 +0300] "OPTIONS * HTTP/1.0" 200 126 "-" "Apache/2.4.62 (Debian) SVN/1.14.2 mod_fcgid/2.3.9 OpenSSL/3.0.16 mod_wsgi/4.9.4 Python/3.11 mod_perl/2.0.12 Perl/v5.36.0 (internal dummy connection)"
::1 - - [28/Sep/2025:04:44:05 +0300] "OPTIONS * HTTP/1.0" 200 126 "-" "Apache/2.4.62 (Debian) SVN/1.14.2 mod_fcgid/2.3.9 OpenSSL/3.0.16 mod_wsgi/4.9.4 Python/3.11 mod_perl/2.0.12 Perl/v5.36.0 (internal dummy connection)"
66.249.64.102 - - [28/Sep/2025:04:44:19 +0300] "GET /svn/redmine/btrt/trunk/scs/document.pdf HTTP/1.1" 404 6858 "-" "Googlebot/2.1 (+http://www.google.com/bot.html)"
::1 - - [28/Sep/2025:04:44:24 +0300] "OPTIONS * HTTP/1.0" 200 126 "-" "Apache/2.4.62 (Debian) SVN/1.14.2 mod_fcgid/2.3.9 OpenSSL/3.0.16 mod_wsgi/4.9.4 Python/3.11 mod_perl/2.0.12 Perl/v5.36.0 (internal dummy connection)"
::1 - - [28/Sep/2025:04:44:27 +0300] "OPTIONS * HTTP/1.0" 200 126 "-" "Apache/2.4.62 (Debian) SVN/1.14.2 mod_fcgid/2.3.9 OpenSSL/3.0.16 mod_wsgi/4.9.4 Python/3.11 mod_perl/2.0.12 Perl/v5.36.0 (internal dummy connection)"
::1 - - [28/Sep/2025:04:44:28 +0300] "OPTIONS * HTTP/1.0" 200 126 "-" "Apache/2.4.62 (Debian) SVN/1.14.2 mod_fcgid/2.3.9 OpenSSL/3.0.16 mod_wsgi/4.9.4 Python/3.11 mod_perl/2.0.12 Perl/v5.36.0 (internal dummy connection)"
::1 - - [28/Sep/2025:04:44:30 +0300] "OPTIONS * HTTP/1.0" 200 126 "-" "Apache/2.4.62 (Debian) SVN/1.14.2 mod_fcgid/2.3.9 OpenSSL/3.0.16 mod_wsgi/4.9.4 Python/3.11 mod_perl/2.0.12 Perl/v5.36.0 (internal dummy connection)"
::1 - - [28/Sep/2025:04:44:33 +0300] "OPTIONS * HTTP/1.0" 200 126 "-" "Apache/2.4.62 (Debian) SVN/1.14.2 mod_fcgid/2.3.9 OpenSSL/3.0.16 mod_wsgi/4.9.4 Python/3.11 mod_perl/2.0.12 Perl/v5.36.0 (internal dummy connection)"
::1 - - [28/Sep/2025:04:44:55 +0300] "OPTIONS * HTTP/1.0" 200 126 "-" "Apache/2.4.62 (Debian) SVN/1.14.2 mod_fcgid/2.3.9 OpenSSL/3.0.16 mod_wsgi/4.9.4 Python/3.11 mod_perl/2.0.12 Perl/v5.36.0 (internal dummy connection)"
::1 - - [28/Sep/2025:04:44:58 +0300] "OPTIONS * HTTP/1.0" 200 126 "-" "Apache/2.4.62 (Debian) SVN/1.14.2 mod_fcgid/2.3.9 OpenSSL/3.0.16 mod_wsgi/4.9.4 Python/3.11 mod_perl/2.0.12 Perl/v5.36.0 (internal dummy connection)"
::1 - - [28/Sep/2025:04:44:59 +0300] "OPTIONS * HTTP/1.0" 200 126 "-" "Apache/2.4.62 (Debian) SVN/1.14.2 mod_fcgid/2.3.9 OpenSSL/3.0.16 mod_wsgi/4.9.4 Python/3.11 mod_perl/2.0.12 Perl/v5.36.0 (internal dummy connection)"
::1 - - [28/Sep/2025:04:45:01 +0300] "OPTIONS * HTTP/1.0" 200 126 "-" "Apache/2.4.62 (Debian) SVN/1.14.2 mod_fcgid/2.3.9 OpenSSL/3.0.16 mod_wsgi/4.9.4 Python/3.11 mod_perl/2.0.12 Perl/v5.36.0 (internal dummy connection)"
::1 - - [28/Sep/2025:04:45:02 +0300] "OPTIONS * HTTP/1.0" 200 126 "-" "Apache/2.4.62 (Debian) SVN/1.14.2 mod_fcgid/2.3.9 OpenSSL/3.0.16 mod_wsgi/4.9.4 Python/3.11 mod_perl/2.0.12 Perl/v5.36.0 (internal dummy connection)"
::1 - - [28/Sep/2025:04:45:05 +0300] "OPTIONS * HTTP/1.0" 200 126 "-" "Apache/2.4.62 (Debian) SVN/1.14.2 mod_fcgid/2.3.9 OpenSSL/3.0.16 mod_wsgi/4.9.4 Python/3.11 mod_perl/2.0.12 Perl/v5.36.0 (internal dummy connection)"
::1 - - [28/Sep/2025:04:45:09 +0300] "OPTIONS * HTTP/1.0" 200 126 "-" "Apache/2.4.62 (Debian) SVN/1.14.2 mod_fcgid/2.3.9 OpenSSL/3.0.16 mod_wsgi/4.9.4 Python/3.11 mod_perl/2.0.12 Perl/v5.36.0 (internal dummy connection)"
::1 - - [28/Sep/2025:04:45:10 +0300] "OPTIONS * HTTP/1.0" 200 126 "-" "Apache/2.4.62 (Debian) SVN/1.14.2 mod_fcgid/2.3.9 OpenSSL/3.0.16 mod_wsgi/4.9.4 Python/3.11 mod_perl/2.0.12 Perl/v5.36.0 (internal dummy connection)"
::1 - - [28/Sep/2025:04:45:11 +0300] "OPTIONS * HTTP/1.0" 200 126 "-" "Apache/2.4.62 (Debian) SVN/1.14.2 mod_fcgid/2.3.9 OpenSSL/3.0.16 mod_wsgi/4.9.4 Python/3.11 mod_perl/2.0.12 Perl/v5.36.0 (internal dummy connection)"
::1 - - [28/Sep/2025:04:45:12 +0300] "OPTIONS * HTTP/1.0" 200 126 "-" "Apache/2.4.62 (Debian) SVN/1.14.2 mod_fcgid/2.3.9 OpenSSL/3.0.16 mod_wsgi/4.9.4 Python/3.11 mod_perl/2.0.12 Perl/v5.36.0 (internal dummy connection)"
::1 - - [28/Sep/2025:04:45:14 +0300] "OPTIONS * HTTP/1.0" 200 126 "-" "Apache/2.4.62 (Debian) SVN/1.14.2 mod_fcgid/2.3.9 OpenSSL/3.0.16 mod_wsgi/4.9.4 Python/3.11 mod_perl/2.0.12 Perl/v5.36.0 (internal dummy connection)"
::1 - - [28/Sep/2025:04:45:15 +0300] "OPTIONS * HTTP/1.0" 200 126 "-" "Apache/2.4.62 (Debian) SVN/1.14.2 mod_fcgid/2.3.9 OpenSSL/3.0.16 mod_wsgi/4.9.4 Python/3.11 mod_perl/2.0.12 Perl/v5.36.0 (internal dummy connection)"
::1 - - [28/Sep/2025:04:45:16 +0300] "OPTIONS * HTTP/1.0" 200 126 "-" "Apache/2.4.62 (Debian) SVN/1.14.2 mod_fcgid/2.3.9 OpenSSL/3.0.16 mod_wsgi/4.9.4 Python/3.11 mod_perl/2.0.12 Perl/v5.36.0 (internal dummy connection)"
::1 - - [28/Sep/2025:04:45:18 +0300] "OPTIONS * HTTP/1.0" 200 126 "-" "Apache/2.4.62 (Debian) SVN/1.14.2 mod_fcgid/2.3.9 OpenSSL/3.0.16 mod_wsgi/4.9.4 Python/3.11 mod_perl/2.0.12 Perl/v5.36.0 (internal dummy connection)"
::1 - - [28/Sep/2025:04:45:20 +0300] "OPTIONS * HTTP/1.0" 200 126 "-" "Apache/2.4.62 (Debian) SVN/1.14.2 mod_fcgid/2.3.9 OpenSSL/3.0.16 mod_wsgi/4.9.4 Python/3.11 mod_perl/2.0.12 Perl/v5.36.0 (internal dummy connection)"
::1 - - [28/Sep/2025:04:45:21 +0300] "OPTIONS * HTTP/1.0" 200 126 "-" "Apache/2.4.62 (Debian) SVN/1.14.2 mod_fcgid/2.3.9 OpenSSL/3.0.16 mod_wsgi/4.9.4 Python/3.11 mod_perl/2.0.12 Perl/v5.36.0 (internal dummy connection)"
110.238.107.65 - - [28/Sep/2025:04:45:28 +0300] "GET /?C=S;O=A HTTP/1.1" 200 913 "-" "Mozilla/5.0 (Windows NT 10.0; Win64; x64) AppleWebKit/537.36 (KHTML, like Gecko) Chrome/132.0.0.0 Safari/537.36"
::1 - - [28/Sep/2025:04:46:02 +0300] "OPTIONS * HTTP/1.0" 200 126 "-" "Apache/2.4.62 (Debian) SVN/1.14.2 mod_fcgid/2.3.9 OpenSSL/3.0.16 mod_wsgi/4.9.4 Python/3.11 mod_perl/2.0.12 Perl/v5.36.0 (internal dummy connection)"
::1 - - [28/Sep/2025:04:46:03 +0300] "OPTIONS * HTTP/1.0" 200 126 "-" "Apache/2.4.62 (Debian) SVN/1.14.2 mod_fcgid/2.3.9 OpenSSL/3.0.16 mod_wsgi/4.9.4 Python/3.11 mod_perl/2.0.12 Perl/v5.36.0 (internal dummy connection)"
::1 - - [28/Sep/2025:04:46:04 +0300] "OPTIONS * HTTP/1.0" 200 126 "-" "Apache/2.4.62 (Debian) SVN/1.14.2 mod_fcgid/2.3.9 OpenSSL/3.0.16 mod_wsgi/4.9.4 Python/3.11 mod_perl/2.0.12 Perl/v5.36.0 (internal dummy connection)"
147.185.132.94 - - [28/Sep/2025:04:46:05 +0300] "GET /.well-known/security.txt HTTP/1.1" 404 6766 "-" "Hello from Palo Alto Networks, find out more about our scans in https://docs-cortex.paloaltonetworks.com/r/1/Cortex-Xpanse/Scanning-activity"
::1 - - [28/Sep/2025:04:46:05 +0300] "OPTIONS * HTTP/1.0" 200 126 "-" "Apache/2.4.62 (Debian) SVN/1.14.2 mod_fcgid/2.3.9 OpenSSL/3.0.16 mod_wsgi/4.9.4 Python/3.11 mod_perl/2.0.12 Perl/v5.36.0 (internal dummy connection)"
66.249.64.170 - - [28/Sep/2025:04:46:13 +0300] "GET /rl/06.html HTTP/1.1" 200 413 "-" "Mozilla/5.0 (Linux; Android 6.0.1; Nexus 5X Build/MMB29P) AppleWebKit/537.36 (KHTML, like Gecko) Chrome/139.0.7258.127 Mobile Safari/537.36 (compatible; GoogleOther)"
147.185.132.69 - - [28/Sep/2025:04:46:24 +0300] "GET / HTTP/1.0" 200 2713 "-" "Hello from Palo Alto Networks, find out more about our scans in https://docs-cortex.paloaltonetworks.com/r/1/Cortex-Xpanse/Scanning-activity"
::1 - - [28/Sep/2025:04:46:36 +0300] "OPTIONS * HTTP/1.0" 200 126 "-" "Apache/2.4.62 (Debian) SVN/1.14.2 mod_fcgid/2.3.9 OpenSSL/3.0.16 mod_wsgi/4.9.4 Python/3.11 mod_perl/2.0.12 Perl/v5.36.0 (internal dummy connection)"
::1 - - [28/Sep/2025:04:46:38 +0300] "OPTIONS * HTTP/1.0" 200 126 "-" "Apache/2.4.62 (Debian) SVN/1.14.2 mod_fcgid/2.3.9 OpenSSL/3.0.16 mod_wsgi/4.9.4 Python/3.11 mod_perl/2.0.12 Perl/v5.36.0 (internal dummy connection)"
::1 - - [28/Sep/2025:04:46:54 +0300] "OPTIONS * HTTP/1.0" 200 126 "-" "Apache/2.4.62 (Debian) SVN/1.14.2 mod_fcgid/2.3.9 OpenSSL/3.0.16 mod_wsgi/4.9.4 Python/3.11 mod_perl/2.0.12 Perl/v5.36.0 (internal dummy connection)"
::1 - - [28/Sep/2025:04:46:55 +0300] "OPTIONS * HTTP/1.0" 200 126 "-" "Apache/2.4.62 (Debian) SVN/1.14.2 mod_fcgid/2.3.9 OpenSSL/3.0.16 mod_wsgi/4.9.4 Python/3.11 mod_perl/2.0.12 Perl/v5.36.0 (internal dummy connection)"
::1 - - [28/Sep/2025:04:46:56 +0300] "OPTIONS * HTTP/1.0" 200 126 "-" "Apache/2.4.62 (Debian) SVN/1.14.2 mod_fcgid/2.3.9 OpenSSL/3.0.16 mod_wsgi/4.9.4 Python/3.11 mod_perl/2.0.12 Perl/v5.36.0 (internal dummy connection)"
::1 - - [28/Sep/2025:04:46:57 +0300] "OPTIONS * HTTP/1.0" 200 126 "-" "Apache/2.4.62 (Debian) SVN/1.14.2 mod_fcgid/2.3.9 OpenSSL/3.0.16 mod_wsgi/4.9.4 Python/3.11 mod_perl/2.0.12 Perl/v5.36.0 (internal dummy connection)"
::1 - - [28/Sep/2025:04:47:00 +0300] "OPTIONS * HTTP/1.0" 200 126 "-" "Apache/2.4.62 (Debian) SVN/1.14.2 mod_fcgid/2.3.9 OpenSSL/3.0.16 mod_wsgi/4.9.4 Python/3.11 mod_perl/2.0.12 Perl/v5.36.0 (internal dummy connection)"
66.249.64.168 - - [28/Sep/2025:04:47:32 +0300] "GET /rl/05.html HTTP/1.1" 200 410 "-" "Mozilla/5.0 (Linux; Android 6.0.1; Nexus 5X Build/MMB29P) AppleWebKit/537.36 (KHTML, like Gecko) Chrome/139.0.7258.127 Mobile Safari/537.36 (compatible; GoogleOther)"
::1 - - [28/Sep/2025:04:47:43 +0300] "OPTIONS * HTTP/1.0" 200 126 "-" "Apache/2.4.62 (Debian) SVN/1.14.2 mod_fcgid/2.3.9 OpenSSL/3.0.16 mod_wsgi/4.9.4 Python/3.11 mod_perl/2.0.12 Perl/v5.36.0 (internal dummy connection)"
::1 - - [28/Sep/2025:04:47:47 +0300] "OPTIONS * HTTP/1.0" 200 126 "-" "Apache/2.4.62 (Debian) SVN/1.14.2 mod_fcgid/2.3.9 OpenSSL/3.0.16 mod_wsgi/4.9.4 Python/3.11 mod_perl/2.0.12 Perl/v5.36.0 (internal dummy connection)"
::1 - - [28/Sep/2025:04:47:51 +0300] "OPTIONS * HTTP/1.0" 200 126 "-" "Apache/2.4.62 (Debian) SVN/1.14.2 mod_fcgid/2.3.9 OpenSSL/3.0.16 mod_wsgi/4.9.4 Python/3.11 mod_perl/2.0.12 Perl/v5.36.0 (internal dummy connection)"
::1 - - [28/Sep/2025:04:47:53 +0300] "OPTIONS * HTTP/1.0" 200 126 "-" "Apache/2.4.62 (Debian) SVN/1.14.2 mod_fcgid/2.3.9 OpenSSL/3.0.16 mod_wsgi/4.9.4 Python/3.11 mod_perl/2.0.12 Perl/v5.36.0 (internal dummy connection)"
::1 - - [28/Sep/2025:04:47:55 +0300] "OPTIONS * HTTP/1.0" 200 126 "-" "Apache/2.4.62 (Debian) SVN/1.14.2 mod_fcgid/2.3.9 OpenSSL/3.0.16 mod_wsgi/4.9.4 Python/3.11 mod_perl/2.0.12 Perl/v5.36.0 (internal dummy connection)"
::1 - - [28/Sep/2025:04:48:31 +0300] "OPTIONS * HTTP/1.0" 200 126 "-" "Apache/2.4.62 (Debian) SVN/1.14.2 mod_fcgid/2.3.9 OpenSSL/3.0.16 mod_wsgi/4.9.4 Python/3.11 mod_perl/2.0.12 Perl/v5.36.0 (internal dummy connection)"
::1 - - [28/Sep/2025:04:48:35 +0300] "OPTIONS * HTTP/1.0" 200 126 "-" "Apache/2.4.62 (Debian) SVN/1.14.2 mod_fcgid/2.3.9 OpenSSL/3.0.16 mod_wsgi/4.9.4 Python/3.11 mod_perl/2.0.12 Perl/v5.36.0 (internal dummy connection)"
::1 - - [28/Sep/2025:04:48:38 +0300] "OPTIONS * HTTP/1.0" 200 126 "-" "Apache/2.4.62 (Debian) SVN/1.14.2 mod_fcgid/2.3.9 OpenSSL/3.0.16 mod_wsgi/4.9.4 Python/3.11 mod_perl/2.0.12 Perl/v5.36.0 (internal dummy connection)"
186.179.34.83 - - [28/Sep/2025:04:48:50 +0300] "GET /training/wiki/basic-unix/capitole/capitol-02 HTTP/1.1" 500 185 "http://koala.cs.pub.ro/" "Mozilla/5.0 (Windows NT 10.0; WOW64) AppleWebKit/537.36 (KHTML, like Gecko) Chrome/114.0.0.0 YaBrowser/22.7.0 Yowser/2.5 Safari/537.36"
173.44.152.50 - - [28/Sep/2025:04:48:50 +0300] "GET /training/wiki/basic-unix/capitole/capitol-02 HTTP/1.1" 500 185 "http://koala.cs.pub.ro/" "Mozilla/5.0 (Windows NT 10.0; WOW64) AppleWebKit/537.36 (KHTML, like Gecko) Chrome/114.0.0.0 YaBrowser/22.7.0 Yowser/2.5 Safari/537.36"
107.175.37.74 - - [28/Sep/2025:04:48:50 +0300] "GET /training/wiki/basic-unix/capitole/capitol-02 HTTP/1.1" 500 185 "http://koala.cs.pub.ro/" "Mozilla/5.0 (Windows NT 10.0; WOW64) AppleWebKit/537.36 (KHTML, like Gecko) Chrome/114.0.0.0 YaBrowser/22.7.0 Yowser/2.5 Safari/537.36"
203.0.113.50 - - [15/Dec/2023:11:05:00 +0000] "GET /tools/ping.php?host=8.8.8.8 HTTP/1.1" 200 150
203.0.113.51 - - [15/Dec/2023:11:05:30 +0000] "GET /tools/ping.php?host=google.com HTTP/1.1" 200 180
10.2.2.9 - - [15/Dec/2023:11:06:00 +0000] "GET /tools/ping.php?host=8.8.8.8%3b%20cat%20/etc/shadow HTTP/1.1" 200 250
203.0.113.52 - - [15/Dec/2023:11:07:00 +0000] "GET /index.html HTTP/1.1" 200 1234
::1 - - [28/Sep/2025:04:49:19 +0300] "OPTIONS * HTTP/1.0" 200 126 "-" "Apache/2.4.62 (Debian) SVN/1.14.2 mod_fcgid/2.3.9 OpenSSL/3.0.16 mod_wsgi/4.9.4 Python/3.11 mod_perl/2.0.12 Perl/v5.36.0 (internal dummy connection)"
::1 - - [28/Sep/2025:04:49:20 +0300] "OPTIONS * HTTP/1.0" 200 126 "-" "Apache/2.4.62 (Debian) SVN/1.14.2 mod_fcgid/2.3.9 OpenSSL/3.0.16 mod_wsgi/4.9.4 Python/3.11 mod_perl/2.0.12 Perl/v5.36.0 (internal dummy connection)"
::1 - - [28/Sep/2025:04:49:21 +0300] "OPTIONS * HTTP/1.0" 200 126 "-" "Apache/2.4.62 (Debian) SVN/1.14.2 mod_fcgid/2.3.9 OpenSSL/3.0.16 mod_wsgi/4.9.4 Python/3.11 mod_perl/2.0.12 Perl/v5.36.0 (internal dummy connection)"
::1 - - [28/Sep/2025:04:49:22 +0300] "OPTIONS * HTTP/1.0" 200 126 "-" "Apache/2.4.62 (Debian) SVN/1.14.2 mod_fcgid/2.3.9 OpenSSL/3.0.16 mod_wsgi/4.9.4 Python/3.11 mod_perl/2.0.12 Perl/v5.36.0 (internal dummy connection)"
::1 - - [28/Sep/2025:04:49:23 +0300] "OPTIONS * HTTP/1.0" 200 126 "-" "Apache/2.4.62 (Debian) SVN/1.14.2 mod_fcgid/2.3.9 OpenSSL/3.0.16 mod_wsgi/4.9.4 Python/3.11 mod_perl/2.0.12 Perl/v5.36.0 (internal dummy connection)"
::1 - - [28/Sep/2025:04:49:24 +0300] "OPTIONS * HTTP/1.0" 200 126 "-" "Apache/2.4.62 (Debian) SVN/1.14.2 mod_fcgid/2.3.9 OpenSSL/3.0.16 mod_wsgi/4.9.4 Python/3.11 mod_perl/2.0.12 Perl/v5.36.0 (internal dummy connection)"
::1 - - [28/Sep/2025:04:49:25 +0300] "OPTIONS * HTTP/1.0" 200 126 "-" "Apache/2.4.62 (Debian) SVN/1.14.2 mod_fcgid/2.3.9 OpenSSL/3.0.16 mod_wsgi/4.9.4 Python/3.11 mod_perl/2.0.12 Perl/v5.36.0 (internal dummy connection)"
::1 - - [28/Sep/2025:04:49:28 +0300] "OPTIONS * HTTP/1.0" 200 126 "-" "Apache/2.4.62 (Debian) SVN/1.14.2 mod_fcgid/2.3.9 OpenSSL/3.0.16 mod_wsgi/4.9.4 Python/3.11 mod_perl/2.0.12 Perl/v5.36.0 (internal dummy connection)"
::1 - - [28/Sep/2025:04:49:30 +0300] "OPTIONS * HTTP/1.0" 200 126 "-" "Apache/2.4.62 (Debian) SVN/1.14.2 mod_fcgid/2.3.9 OpenSSL/3.0.16 mod_wsgi/4.9.4 Python/3.11 mod_perl/2.0.12 Perl/v5.36.0 (internal dummy connection)"
::1 - - [28/Sep/2025:04:50:10 +0300] "OPTIONS * HTTP/1.0" 200 126 "-" "Apache/2.4.62 (Debian) SVN/1.14.2 mod_fcgid/2.3.9 OpenSSL/3.0.16 mod_wsgi/4.9.4 Python/3.11 mod_perl/2.0.12 Perl/v5.36.0 (internal dummy connection)"
::1 - - [28/Sep/2025:04:50:11 +0300] "OPTIONS * HTTP/1.0" 200 126 "-" "Apache/2.4.62 (Debian) SVN/1.14.2 mod_fcgid/2.3.9 OpenSSL/3.0.16 mod_wsgi/4.9.4 Python/3.11 mod_perl/2.0.12 Perl/v5.36.0 (internal dummy connection)"
::1 - - [28/Sep/2025:04:50:12 +0300] "OPTIONS * HTTP/1.0" 200 126 "-" "Apache/2.4.62 (Debian) SVN/1.14.2 mod_fcgid/2.3.9 OpenSSL/3.0.16 mod_wsgi/4.9.4 Python/3.11 mod_perl/2.0.12 Perl/v5.36.0 (internal dummy connection)"
204.76.203.219 - - [28/Sep/2025:04:50:42 +0300] "GET / HTTP/1.1" 200 919 "-" "Mozilla/5.0 (Windows NT 10.0; Win64; x64) AppleWebKit/537.36 (KHTML, like Gecko) Chrome/90.0.4430.85 Safari/537.36 Edg/90.0.818.46"
::1 - - [28/Sep/2025:04:50:45 +0300] "OPTIONS * HTTP/1.0" 200 126 "-" "Apache/2.4.62 (Debian) SVN/1.14.2 mod_fcgid/2.3.9 OpenSSL/3.0.16 mod_wsgi/4.9.4 Python/3.11 mod_perl/2.0.12 Perl/v5.36.0 (internal dummy connection)"
::1 - - [28/Sep/2025:04:50:58 +0300] "OPTIONS * HTTP/1.0" 200 126 "-" "Apache/2.4.62 (Debian) SVN/1.14.2 mod_fcgid/2.3.9 OpenSSL/3.0.16 mod_wsgi/4.9.4 Python/3.11 mod_perl/2.0.12 Perl/v5.36.0 (internal dummy connection)"
::1 - - [28/Sep/2025:04:51:01 +0300] "OPTIONS * HTTP/1.0" 200 126 "-" "Apache/2.4.62 (Debian) SVN/1.14.2 mod_fcgid/2.3.9 OpenSSL/3.0.16 mod_wsgi/4.9.4 Python/3.11 mod_perl/2.0.12 Perl/v5.36.0 (internal dummy connection)"
::1 - - [28/Sep/2025:04:51:02 +0300] "OPTIONS * HTTP/1.0" 200 126 "-" "Apache/2.4.62 (Debian) SVN/1.14.2 mod_fcgid/2.3.9 OpenSSL/3.0.16 mod_wsgi/4.9.4 Python/3.11 mod_perl/2.0.12 Perl/v5.36.0 (internal dummy connection)"
::1 - - [28/Sep/2025:04:51:06 +0300] "OPTIONS * HTTP/1.0" 200 126 "-" "Apache/2.4.62 (Debian) SVN/1.14.2 mod_fcgid/2.3.9 OpenSSL/3.0.16 mod_wsgi/4.9.4 Python/3.11 mod_perl/2.0.12 Perl/v5.36.0 (internal dummy connection)"
52.167.144.24 - - [28/Sep/2025:04:51:09 +0300] "GET /dk/wiki/home?tab_files=files&do=media&tab_details=history&image=module%3A10-functii-si-rutine%3Ascreen_shot_2014-03-02_at_19.56.44.png&ns=module%2F06-conditii-in-programare HTTP/1.1" 500 185 "-" "Mozilla/5.0 AppleWebKit/537.36 (KHTML, like Gecko; compatible; bingbot/2.0; +http://www.bing.com/bingbot.htm) Chrome/116.0.1938.76 Safari/537.36"
::1 - - [28/Sep/2025:04:51:32 +0300] "OPTIONS * HTTP/1.0" 200 126 "-" "Apache/2.4.62 (Debian) SVN/1.14.2 mod_fcgid/2.3.9 OpenSSL/3.0.16 mod_wsgi/4.9.4 Python/3.11 mod_perl/2.0.12 Perl/v5.36.0 (internal dummy connection)"
::1 - - [28/Sep/2025:04:51:52 +0300] "OPTIONS * HTTP/1.0" 200 126 "-" "Apache/2.4.62 (Debian) SVN/1.14.2 mod_fcgid/2.3.9 OpenSSL/3.0.16 mod_wsgi/4.9.4 Python/3.11 mod_perl/2.0.12 Perl/v5.36.0 (internal dummy connection)"
::1 - - [28/Sep/2025:04:51:53 +0300] "OPTIONS * HTTP/1.0" 200 126 "-" "Apache/2.4.62 (Debian) SVN/1.14.2 mod_fcgid/2.3.9 OpenSSL/3.0.16 mod_wsgi/4.9.4 Python/3.11 mod_perl/2.0.12 Perl/v5.36.0 (internal dummy connection)"
::1 - - [28/Sep/2025:04:51:56 +0300] "OPTIONS * HTTP/1.0" 200 126 "-" "Apache/2.4.62 (Debian) SVN/1.14.2 mod_fcgid/2.3.9 OpenSSL/3.0.16 mod_wsgi/4.9.4 Python/3.11 mod_perl/2.0.12 Perl/v5.36.0 (internal dummy connection)"
::1 - - [28/Sep/2025:04:52:20 +0300] "OPTIONS * HTTP/1.0" 200 126 "-" "Apache/2.4.62 (Debian) SVN/1.14.2 mod_fcgid/2.3.9 OpenSSL/3.0.16 mod_wsgi/4.9.4 Python/3.11 mod_perl/2.0.12 Perl/v5.36.0 (internal dummy connection)"
::1 - - [28/Sep/2025:04:52:39 +0300] "OPTIONS * HTTP/1.0" 200 126 "-" "Apache/2.4.62 (Debian) SVN/1.14.2 mod_fcgid/2.3.9 OpenSSL/3.0.16 mod_wsgi/4.9.4 Python/3.11 mod_perl/2.0.12 Perl/v5.36.0 (internal dummy connection)"
::1 - - [28/Sep/2025:04:52:44 +0300] "OPTIONS * HTTP/1.0" 200 126 "-" "Apache/2.4.62 (Debian) SVN/1.14.2 mod_fcgid/2.3.9 OpenSSL/3.0.16 mod_wsgi/4.9.4 Python/3.11 mod_perl/2.0.12 Perl/v5.36.0 (internal dummy connection)"
::1 - - [28/Sep/2025:04:53:09 +0300] "OPTIONS * HTTP/1.0" 200 126 "-" "Apache/2.4.62 (Debian) SVN/1.14.2 mod_fcgid/2.3.9 OpenSSL/3.0.16 mod_wsgi/4.9.4 Python/3.11 mod_perl/2.0.12 Perl/v5.36.0 (internal dummy connection)"
::1 - - [28/Sep/2025:04:53:10 +0300] "OPTIONS * HTTP/1.0" 200 126 "-" "Apache/2.4.62 (Debian) SVN/1.14.2 mod_fcgid/2.3.9 OpenSSL/3.0.16 mod_wsgi/4.9.4 Python/3.11 mod_perl/2.0.12 Perl/v5.36.0 (internal dummy connection)"
::1 - - [28/Sep/2025:04:53:11 +0300] "OPTIONS * HTTP/1.0" 200 126 "-" "Apache/2.4.62 (Debian) SVN/1.14.2 mod_fcgid/2.3.9 OpenSSL/3.0.16 mod_wsgi/4.9.4 Python/3.11 mod_perl/2.0.12 Perl/v5.36.0 (internal dummy connection)"
::1 - - [28/Sep/2025:04:53:20 +0300] "OPTIONS * HTTP/1.0" 200 126 "-" "Apache/2.4.62 (Debian) SVN/1.14.2 mod_fcgid/2.3.9 OpenSSL/3.0.16 mod_wsgi/4.9.4 Python/3.11 mod_perl/2.0.12 Perl/v5.36.0 (internal dummy connection)"
::1 - - [28/Sep/2025:04:53:21 +0300] "OPTIONS * HTTP/1.0" 200 126 "-" "Apache/2.4.62 (Debian) SVN/1.14.2 mod_fcgid/2.3.9 OpenSSL/3.0.16 mod_wsgi/4.9.4 Python/3.11 mod_perl/2.0.12 Perl/v5.36.0 (internal dummy connection)"
::1 - - [28/Sep/2025:04:53:28 +0300] "OPTIONS * HTTP/1.0" 200 126 "-" "Apache/2.4.62 (Debian) SVN/1.14.2 mod_fcgid/2.3.9 OpenSSL/3.0.16 mod_wsgi/4.9.4 Python/3.11 mod_perl/2.0.12 Perl/v5.36.0 (internal dummy connection)"
::1 - - [28/Sep/2025:04:53:29 +0300] "OPTIONS * HTTP/1.0" 200 126 "-" "Apache/2.4.62 (Debian) SVN/1.14.2 mod_fcgid/2.3.9 OpenSSL/3.0.16 mod_wsgi/4.9.4 Python/3.11 mod_perl/2.0.12 Perl/v5.36.0 (internal dummy connection)"
::1 - - [28/Sep/2025:04:53:30 +0300] "OPTIONS * HTTP/1.0" 200 126 "-" "Apache/2.4.62 (Debian) SVN/1.14.2 mod_fcgid/2.3.9 OpenSSL/3.0.16 mod_wsgi/4.9.4 Python/3.11 mod_perl/2.0.12 Perl/v5.36.0 (internal dummy connection)"
::1 - - [28/Sep/2025:04:53:31 +0300] "OPTIONS * HTTP/1.0" 200 126 "-" "Apache/2.4.62 (Debian) SVN/1.14.2 mod_fcgid/2.3.9 OpenSSL/3.0.16 mod_wsgi/4.9.4 Python/3.11 mod_perl/2.0.12 Perl/v5.36.0 (internal dummy connection)"
::1 - - [28/Sep/2025:04:53:40 +0300] "OPTIONS * HTTP/1.0" 200 126 "-" "Apache/2.4.62 (Debian) SVN/1.14.2 mod_fcgid/2.3.9 OpenSSL/3.0.16 mod_wsgi/4.9.4 Python/3.11 mod_perl/2.0.12 Perl/v5.36.0 (internal dummy connection)"
::1 - - [28/Sep/2025:04:54:00 +0300] "OPTIONS * HTTP/1.0" 200 126 "-" "Apache/2.4.62 (Debian) SVN/1.14.2 mod_fcgid/2.3.9 OpenSSL/3.0.16 mod_wsgi/4.9.4 Python/3.11 mod_perl/2.0.12 Perl/v5.36.0 (internal dummy connection)"
::1 - - [28/Sep/2025:04:54:01 +0300] "OPTIONS * HTTP/1.0" 200 126 "-" "Apache/2.4.62 (Debian) SVN/1.14.2 mod_fcgid/2.3.9 OpenSSL/3.0.16 mod_wsgi/4.9.4 Python/3.11 mod_perl/2.0.12 Perl/v5.36.0 (internal dummy connection)"
::1 - - [28/Sep/2025:04:54:02 +0300] "OPTIONS * HTTP/1.0" 200 126 "-" "Apache/2.4.62 (Debian) SVN/1.14.2 mod_fcgid/2.3.9 OpenSSL/3.0.16 mod_wsgi/4.9.4 Python/3.11 mod_perl/2.0.12 Perl/v5.36.0 (internal dummy connection)"
::1 - - [28/Sep/2025:04:54:03 +0300] "OPTIONS * HTTP/1.0" 200 126 "-" "Apache/2.4.62 (Debian) SVN/1.14.2 mod_fcgid/2.3.9 OpenSSL/3.0.16 mod_wsgi/4.9.4 Python/3.11 mod_perl/2.0.12 Perl/v5.36.0 (internal dummy connection)"
216.244.66.229 - - [28/Sep/2025:04:54:05 +0300] "GET /dk/wiki/module/11-basic-web-dev/lectie-11?do=revisions HTTP/1.1" 500 185 "-" "Mozilla/5.0 (compatible; DotBot/1.2; +https://opensiteexplorer.org/dotbot; help@moz.com)"
::1 - - [28/Sep/2025:04:54:06 +0300] "OPTIONS * HTTP/1.0" 200 126 "-" "Apache/2.4.62 (Debian) SVN/1.14.2 mod_fcgid/2.3.9 OpenSSL/3.0.16 mod_wsgi/4.9.4 Python/3.11 mod_perl/2.0.12 Perl/v5.36.0 (internal dummy connection)"
::1 - - [28/Sep/2025:04:54:07 +0300] "OPTIONS * HTTP/1.0" 200 126 "-" "Apache/2.4.62 (Debian) SVN/1.14.2 mod_fcgid/2.3.9 OpenSSL/3.0.16 mod_wsgi/4.9.4 Python/3.11 mod_perl/2.0.12 Perl/v5.36.0 (internal dummy connection)"
::1 - - [28/Sep/2025:04:54:16 +0300] "OPTIONS * HTTP/1.0" 200 126 "-" "Apache/2.4.62 (Debian) SVN/1.14.2 mod_fcgid/2.3.9 OpenSSL/3.0.16 mod_wsgi/4.9.4 Python/3.11 mod_perl/2.0.12 Perl/v5.36.0 (internal dummy connection)"
::1 - - [28/Sep/2025:04:54:17 +0300] "OPTIONS * HTTP/1.0" 200 126 "-" "Apache/2.4.62 (Debian) SVN/1.14.2 mod_fcgid/2.3.9 OpenSSL/3.0.16 mod_wsgi/4.9.4 Python/3.11 mod_perl/2.0.12 Perl/v5.36.0 (internal dummy connection)"
82.213.226.56 - - [28/Sep/2025:04:54:22 +0300] "GET /admin/utilizatori/dokuwiki HTTP/1.1" 500 185 "http://koala.cs.pub.ro/" "Mozilla/5.0 (X11; Ubuntu; Linux i686; rv:114.0) Gecko/20100101 Firefox/114.0"
82.213.226.56 - - [28/Sep/2025:04:54:22 +0300] "GET /admin/utilizatori/dokuwiki HTTP/1.1" 500 185 "http://koala.cs.pub.ro/" "Mozilla/5.0 (X11; Ubuntu; Linux i686; rv:114.0) Gecko/20100101 Firefox/114.0"
82.213.226.56 - - [28/Sep/2025:04:54:22 +0300] "GET /admin/utilizatori/dokuwiki HTTP/1.1" 500 185 "http://koala.cs.pub.ro/" "Mozilla/5.0 (X11; Ubuntu; Linux i686; rv:114.0) Gecko/20100101 Firefox/114.0"
40.77.167.23 - - [28/Sep/2025:04:54:49 +0300] "GET /dk/wiki/module/06-conditii-in-programare/evaluare?tab_files=files&do=media&tab_details=view&image=module%3A01-utilizare-so%3A15dk.jpg&ns=module%3A01-utilizare-so HTTP/1.1" 500 185 "-" "Mozilla/5.0 AppleWebKit/537.36 (KHTML, like Gecko; compatible; bingbot/2.0; +http://www.bing.com/bingbot.htm) Chrome/116.0.1938.76 Safari/537.36"
::1 - - [28/Sep/2025:04:54:52 +0300] "OPTIONS * HTTP/1.0" 200 126 "-" "Apache/2.4.62 (Debian) SVN/1.14.2 mod_fcgid/2.3.9 OpenSSL/3.0.16 mod_wsgi/4.9.4 Python/3.11 mod_perl/2.0.12 Perl/v5.36.0 (internal dummy connection)"
::1 - - [28/Sep/2025:04:54:53 +0300] "OPTIONS * HTTP/1.0" 200 126 "-" "Apache/2.4.62 (Debian) SVN/1.14.2 mod_fcgid/2.3.9 OpenSSL/3.0.16 mod_wsgi/4.9.4 Python/3.11 mod_perl/2.0.12 Perl/v5.36.0 (internal dummy connection)"
::1 - - [28/Sep/2025:04:54:59 +0300] "OPTIONS * HTTP/1.0" 200 126 "-" "Apache/2.4.62 (Debian) SVN/1.14.2 mod_fcgid/2.3.9 OpenSSL/3.0.16 mod_wsgi/4.9.4 Python/3.11 mod_perl/2.0.12 Perl/v5.36.0 (internal dummy connection)"
::1 - - [28/Sep/2025:04:55:03 +0300] "OPTIONS * HTTP/1.0" 200 126 "-" "Apache/2.4.62 (Debian) SVN/1.14.2 mod_fcgid/2.3.9 OpenSSL/3.0.16 mod_wsgi/4.9.4 Python/3.11 mod_perl/2.0.12 Perl/v5.36.0 (internal dummy connection)"
::1 - - [28/Sep/2025:04:55:04 +0300] "OPTIONS * HTTP/1.0" 200 126 "-" "Apache/2.4.62 (Debian) SVN/1.14.2 mod_fcgid/2.3.9 OpenSSL/3.0.16 mod_wsgi/4.9.4 Python/3.11 mod_perl/2.0.12 Perl/v5.36.0 (internal dummy connection)"
::1 - - [28/Sep/2025:04:55:05 +0300] "OPTIONS * HTTP/1.0" 200 126 "-" "Apache/2.4.62 (Debian) SVN/1.14.2 mod_fcgid/2.3.9 OpenSSL/3.0.16 mod_wsgi/4.9.4 Python/3.11 mod_perl/2.0.12 Perl/v5.36.0 (internal dummy connection)"
52.167.144.161 - - [28/Sep/2025:04:55:11 +0300] "GET /dk/wiki/module/03-multimedia/home?tab_details=history&do=media&tab_files=files&image=module%3A07-bucle-in-programare%3Aalien_pico.png&ns=module%2F11-basic-web-dev HTTP/1.1" 500 185 "-" "Mozilla/5.0 AppleWebKit/537.36 (KHTML, like Gecko; compatible; bingbot/2.0; +http://www.bing.com/bingbot.htm) Chrome/116.0.1938.76 Safari/537.36"
::1 - - [28/Sep/2025:04:55:43 +0300] "OPTIONS * HTTP/1.0" 200 126 "-" "Apache/2.4.62 (Debian) SVN/1.14.2 mod_fcgid/2.3.9 OpenSSL/3.0.16 mod_wsgi/4.9.4 Python/3.11 mod_perl/2.0.12 Perl/v5.36.0 (internal dummy connection)"
::1 - - [28/Sep/2025:04:55:45 +0300] "OPTIONS * HTTP/1.0" 200 126 "-" "Apache/2.4.62 (Debian) SVN/1.14.2 mod_fcgid/2.3.9 OpenSSL/3.0.16 mod_wsgi/4.9.4 Python/3.11 mod_perl/2.0.12 Perl/v5.36.0 (internal dummy connection)"
::1 - - [28/Sep/2025:04:55:46 +0300] "OPTIONS * HTTP/1.0" 200 126 "-" "Apache/2.4.62 (Debian) SVN/1.14.2 mod_fcgid/2.3.9 OpenSSL/3.0.16 mod_wsgi/4.9.4 Python/3.11 mod_perl/2.0.12 Perl/v5.36.0 (internal dummy connection)"
::1 - - [28/Sep/2025:04:55:47 +0300] "OPTIONS * HTTP/1.0" 200 126 "-" "Apache/2.4.62 (Debian) SVN/1.14.2 mod_fcgid/2.3.9 OpenSSL/3.0.16 mod_wsgi/4.9.4 Python/3.11 mod_perl/2.0.12 Perl/v5.36.0 (internal dummy connection)"
::1 - - [28/Sep/2025:04:55:48 +0300] "OPTIONS * HTTP/1.0" 200 126 "-" "Apache/2.4.62 (Debian) SVN/1.14.2 mod_fcgid/2.3.9 OpenSSL/3.0.16 mod_wsgi/4.9.4 Python/3.11 mod_perl/2.0.12 Perl/v5.36.0 (internal dummy connection)"
::1 - - [28/Sep/2025:04:55:49 +0300] "OPTIONS * HTTP/1.0" 200 126 "-" "Apache/2.4.62 (Debian) SVN/1.14.2 mod_fcgid/2.3.9 OpenSSL/3.0.16 mod_wsgi/4.9.4 Python/3.11 mod_perl/2.0.12 Perl/v5.36.0 (internal dummy connection)"
::1 - - [28/Sep/2025:04:55:50 +0300] "OPTIONS * HTTP/1.0" 200 126 "-" "Apache/2.4.62 (Debian) SVN/1.14.2 mod_fcgid/2.3.9 OpenSSL/3.0.16 mod_wsgi/4.9.4 Python/3.11 mod_perl/2.0.12 Perl/v5.36.0 (internal dummy connection)"
::1 - - [28/Sep/2025:04:55:51 +0300] "OPTIONS * HTTP/1.0" 200 126 "-" "Apache/2.4.62 (Debian) SVN/1.14.2 mod_fcgid/2.3.9 OpenSSL/3.0.16 mod_wsgi/4.9.4 Python/3.11 mod_perl/2.0.12 Perl/v5.36.0 (internal dummy connection)"
::1 - - [28/Sep/2025:04:55:52 +0300] "OPTIONS * HTTP/1.0" 200 126 "-" "Apache/2.4.62 (Debian) SVN/1.14.2 mod_fcgid/2.3.9 OpenSSL/3.0.16 mod_wsgi/4.9.4 Python/3.11 mod_perl/2.0.12 Perl/v5.36.0 (internal dummy connection)"
::1 - - [28/Sep/2025:04:55:53 +0300] "OPTIONS * HTTP/1.0" 200 126 "-" "Apache/2.4.62 (Debian) SVN/1.14.2 mod_fcgid/2.3.9 OpenSSL/3.0.16 mod_wsgi/4.9.4 Python/3.11 mod_perl/2.0.12 Perl/v5.36.0 (internal dummy connection)"
::1 - - [28/Sep/2025:04:55:54 +0300] "OPTIONS * HTTP/1.0" 200 126 "-" "Apache/2.4.62 (Debian) SVN/1.14.2 mod_fcgid/2.3.9 OpenSSL/3.0.16 mod_wsgi/4.9.4 Python/3.11 mod_perl/2.0.12 Perl/v5.36.0 (internal dummy connection)"
52.167.144.197 - - [28/Sep/2025:04:55:56 +0300] "GET /dk/wiki/module/07-bucle-in-programare/lectia-05?do=login&sectok=352335b1aedffeea9c5f670de4189464 HTTP/1.1" 500 6685 "-" "Mozilla/5.0 AppleWebKit/537.36 (KHTML, like Gecko; compatible; bingbot/2.0; +http://www.bing.com/bingbot.htm) Chrome/116.0.1938.76 Safari/537.36"
167.253.34.3 - - [28/Sep/2025:04:55:57 +0300] "GET /robots.txt HTTP/1.0" 200 18329 "-" "Mozilla/4.0 (compatible; fluid/0.0; +http://www.leak.info/bot.html)"
::1 - - [28/Sep/2025:04:56:42 +0300] "OPTIONS * HTTP/1.0" 200 126 "-" "Apache/2.4.62 (Debian) SVN/1.14.2 mod_fcgid/2.3.9 OpenSSL/3.0.16 mod_wsgi/4.9.4 Python/3.11 mod_perl/2.0.12 Perl/v5.36.0 (internal dummy connection)"
::1 - - [28/Sep/2025:04:56:43 +0300] "OPTIONS * HTTP/1.0" 200 126 "-" "Apache/2.4.62 (Debian) SVN/1.14.2 mod_fcgid/2.3.9 OpenSSL/3.0.16 mod_wsgi/4.9.4 Python/3.11 mod_perl/2.0.12 Perl/v5.36.0 (internal dummy connection)"
::1 - - [28/Sep/2025:04:56:44 +0300] "OPTIONS * HTTP/1.0" 200 126 "-" "Apache/2.4.62 (Debian) SVN/1.14.2 mod_fcgid/2.3.9 OpenSSL/3.0.16 mod_wsgi/4.9.4 Python/3.11 mod_perl/2.0.12 Perl/v5.36.0 (internal dummy connection)"
::1 - - [28/Sep/2025:04:56:45 +0300] "OPTIONS * HTTP/1.0" 200 126 "-" "Apache/2.4.62 (Debian) SVN/1.14.2 mod_fcgid/2.3.9 OpenSSL/3.0.16 mod_wsgi/4.9.4 Python/3.11 mod_perl/2.0.12 Perl/v5.36.0 (internal dummy connection)"
46.250.175.198 - - [28/Sep/2025:04:57:19 +0300] "GET /a.pdf HTTP/1.1" 200 125819 "-" "Mozilla/5.0 (Windows NT 10.0; Win64; x64) AppleWebKit/537.36 (KHTML, like Gecko) Chrome/128.0.0.0 Safari/537.36"
46.250.175.198 - - [28/Sep/2025:04:57:20 +0300] "GET /a.pdf HTTP/1.1" 200 125734 "-" "Mozilla/5.0 (Windows NT 10.0; Win64; x64) AppleWebKit/537.36 (KHTML, like Gecko) Chrome/128.0.0.0 Safari/537.36"
::1 - - [28/Sep/2025:04:57:26 +0300] "OPTIONS * HTTP/1.0" 200 126 "-" "Apache/2.4.62 (Debian) SVN/1.14.2 mod_fcgid/2.3.9 OpenSSL/3.0.16 mod_wsgi/4.9.4 Python/3.11 mod_perl/2.0.12 Perl/v5.36.0 (internal dummy connection)"
::1 - - [28/Sep/2025:04:57:27 +0300] "OPTIONS * HTTP/1.0" 200 126 "-" "Apache/2.4.62 (Debian) SVN/1.14.2 mod_fcgid/2.3.9 OpenSSL/3.0.16 mod_wsgi/4.9.4 Python/3.11 mod_perl/2.0.12 Perl/v5.36.0 (internal dummy connection)"
::1 - - [28/Sep/2025:04:57:28 +0300] "OPTIONS * HTTP/1.0" 200 126 "-" "Apache/2.4.62 (Debian) SVN/1.14.2 mod_fcgid/2.3.9 OpenSSL/3.0.16 mod_wsgi/4.9.4 Python/3.11 mod_perl/2.0.12 Perl/v5.36.0 (internal dummy connection)"
::1 - - [28/Sep/2025:04:57:29 +0300] "OPTIONS * HTTP/1.0" 200 126 "-" "Apache/2.4.62 (Debian) SVN/1.14.2 mod_fcgid/2.3.9 OpenSSL/3.0.16 mod_wsgi/4.9.4 Python/3.11 mod_perl/2.0.12 Perl/v5.36.0 (internal dummy connection)"
::1 - - [28/Sep/2025:04:57:30 +0300] "OPTIONS * HTTP/1.0" 200 126 "-" "Apache/2.4.62 (Debian) SVN/1.14.2 mod_fcgid/2.3.9 OpenSSL/3.0.16 mod_wsgi/4.9.4 Python/3.11 mod_perl/2.0.12 Perl/v5.36.0 (internal dummy connection)"
::1 - - [28/Sep/2025:04:57:31 +0300] "OPTIONS * HTTP/1.0" 200 126 "-" "Apache/2.4.62 (Debian) SVN/1.14.2 mod_fcgid/2.3.9 OpenSSL/3.0.16 mod_wsgi/4.9.4 Python/3.11 mod_perl/2.0.12 Perl/v5.36.0 (internal dummy connection)"
40.77.167.23 - - [28/Sep/2025:04:57:49 +0300] "GET /dk/wiki/home?do=login&sectok=dbefa5ea664b1487852a984e359e7fdc HTTP/1.1" 500 6685 "-" "Mozilla/5.0 AppleWebKit/537.36 (KHTML, like Gecko; compatible; bingbot/2.0; +http://www.bing.com/bingbot.htm) Chrome/116.0.1938.76 Safari/537.36"
::1 - - [28/Sep/2025:04:57:58 +0300] "OPTIONS * HTTP/1.0" 200 126 "-" "Apache/2.4.62 (Debian) SVN/1.14.2 mod_fcgid/2.3.9 OpenSSL/3.0.16 mod_wsgi/4.9.4 Python/3.11 mod_perl/2.0.12 Perl/v5.36.0 (internal dummy connection)"
66.249.66.9 - - [28/Sep/2025:04:57:59 +0300] "GET /dk/wiki/_detail/module/07-bucle-in-programare/missed_me.png?id=module%3A07-bucle-in-programare%3Alectia-01 HTTP/1.1" 500 185 "-" "Googlebot-Image/1.0"
::1 - - [28/Sep/2025:04:58:18 +0300] "OPTIONS * HTTP/1.0" 200 126 "-" "Apache/2.4.62 (Debian) SVN/1.14.2 mod_fcgid/2.3.9 OpenSSL/3.0.16 mod_wsgi/4.9.4 Python/3.11 mod_perl/2.0.12 Perl/v5.36.0 (internal dummy connection)"
::1 - - [28/Sep/2025:04:58:19 +0300] "OPTIONS * HTTP/1.0" 200 126 "-" "Apache/2.4.62 (Debian) SVN/1.14.2 mod_fcgid/2.3.9 OpenSSL/3.0.16 mod_wsgi/4.9.4 Python/3.11 mod_perl/2.0.12 Perl/v5.36.0 (internal dummy connection)"
::1 - - [28/Sep/2025:04:58:20 +0300] "OPTIONS * HTTP/1.0" 200 126 "-" "Apache/2.4.62 (Debian) SVN/1.14.2 mod_fcgid/2.3.9 OpenSSL/3.0.16 mod_wsgi/4.9.4 Python/3.11 mod_perl/2.0.12 Perl/v5.36.0 (internal dummy connection)"
::1 - - [28/Sep/2025:04:58:21 +0300] "OPTIONS * HTTP/1.0" 200 126 "-" "Apache/2.4.62 (Debian) SVN/1.14.2 mod_fcgid/2.3.9 OpenSSL/3.0.16 mod_wsgi/4.9.4 Python/3.11 mod_perl/2.0.12 Perl/v5.36.0 (internal dummy connection)"
::1 - - [28/Sep/2025:04:58:22 +0300] "OPTIONS * HTTP/1.0" 200 126 "-" "Apache/2.4.62 (Debian) SVN/1.14.2 mod_fcgid/2.3.9 OpenSSL/3.0.16 mod_wsgi/4.9.4 Python/3.11 mod_perl/2.0.12 Perl/v5.36.0 (internal dummy connection)"
::1 - - [28/Sep/2025:04:58:50 +0300] "OPTIONS * HTTP/1.0" 200 126 "-" "Apache/2.4.62 (Debian) SVN/1.14.2 mod_fcgid/2.3.9 OpenSSL/3.0.16 mod_wsgi/4.9.4 Python/3.11 mod_perl/2.0.12 Perl/v5.36.0 (internal dummy connection)"
::1 - - [28/Sep/2025:04:59:04 +0300] "OPTIONS * HTTP/1.0" 200 126 "-" "Apache/2.4.62 (Debian) SVN/1.14.2 mod_fcgid/2.3.9 OpenSSL/3.0.16 mod_wsgi/4.9.4 Python/3.11 mod_perl/2.0.12 Perl/v5.36.0 (internal dummy connection)"
::1 - - [28/Sep/2025:04:59:05 +0300] "OPTIONS * HTTP/1.0" 200 126 "-" "Apache/2.4.62 (Debian) SVN/1.14.2 mod_fcgid/2.3.9 OpenSSL/3.0.16 mod_wsgi/4.9.4 Python/3.11 mod_perl/2.0.12 Perl/v5.36.0 (internal dummy connection)"
::1 - - [28/Sep/2025:04:59:06 +0300] "OPTIONS * HTTP/1.0" 200 126 "-" "Apache/2.4.62 (Debian) SVN/1.14.2 mod_fcgid/2.3.9 OpenSSL/3.0.16 mod_wsgi/4.9.4 Python/3.11 mod_perl/2.0.12 Perl/v5.36.0 (internal dummy connection)"
::1 - - [28/Sep/2025:04:59:07 +0300] "OPTIONS * HTTP/1.0" 200 126 "-" "Apache/2.4.62 (Debian) SVN/1.14.2 mod_fcgid/2.3.9 OpenSSL/3.0.16 mod_wsgi/4.9.4 Python/3.11 mod_perl/2.0.12 Perl/v5.36.0 (internal dummy connection)"
::1 - - [28/Sep/2025:04:59:14 +0300] "OPTIONS * HTTP/1.0" 200 126 "-" "Apache/2.4.62 (Debian) SVN/1.14.2 mod_fcgid/2.3.9 OpenSSL/3.0.16 mod_wsgi/4.9.4 Python/3.11 mod_perl/2.0.12 Perl/v5.36.0 (internal dummy connection)"
::1 - - [28/Sep/2025:04:59:15 +0300] "OPTIONS * HTTP/1.0" 200 126 "-" "Apache/2.4.62 (Debian) SVN/1.14.2 mod_fcgid/2.3.9 OpenSSL/3.0.16 mod_wsgi/4.9.4 Python/3.11 mod_perl/2.0.12 Perl/v5.36.0 (internal dummy connection)"
